[2026-04-04T19:55:51.737] 
[STATUS] Packets=0  
[2026-04-04T19:55:51.738] Chan=UL CH5 916.4MHz  U
[2026-04-04T19:55:51.751] ptime=20s

[2026-04-04T19:58:39.837] [PKT #1] UL CH4 916.2MHz | len=20 | RSSI=-21.0 | SNR=8.5 | CRC=OK
  HEX: E0 44 90 41 B2 
[2026-04-04T19:58:39.838] 2E 9A 53 05 84 EF B5 1F B3 02 35 72
[2026-04-04T19:58:39.851]  8D 8C 3C
  HDR: mctrl=0xE0 dctrl=0x44 mac=90:41:B2:2E:9A:53 seq=0x584 mic=EFB51FB3
  PAY: 02 35 72 8D 8C 3C 


[2026-04-04T19:58:45.484] 
[STATUS] Packets=1  Chan=UL CH6 916.6M
[2026-04-04T19:58:45.485] Hz  Uptime=1
[2026-04-04T19:58:45.497] 93s

[2026-04-04T19:59:09.473] [PKT #2] UL CH1 915.6MHz | len=19 | RSSI=-25.0 | SNR=8.0 | CRC=OK
  HEX: E0 54 90 41 B2 2E 9A 53 10 21 2D E9 16 4D 98 06 A9 FE 2A
  HDR: mc
[2026-04-04T19:59:09.475] trl=0xE0 dc
[2026-04-04T19:59:09.476] trl=0x54 mac=90:41:B2:2E
[2026-04-04T19:59:09.477] :9A:53 seq=
[2026-04-04T19:59:09.478] 0x1021 mic=2
[2026-04-04T19:59:09.489] DE9164D
  PAY: 98 06 A9 FE 2A 


[2026-04-04T19:59:26.363] 
[STATUS] Packets=2  Chan=DL CH10 921.0MHz  Uptime=234s

[2026-04-04T19:59:55.317] [PKT #3] UL CH7 916.8MHz | len=19 | RSSI=-27.0 | SNR=8.0 | CRC=OK
  HEX: E0 54 90 41 B2 2E 9A 
[2026-04-04T19:59:55.328] 53 27 30 5D 52 12 2D 41 95 3A BF 5D
  HDR: mctrl=0xE0 dctrl=0x54 mac=90:41:B2:2E:9A:53 seq=0x2730 mic=5D52122D
  PAY: 41 95 3
[2026-04-04T19:59:55.341] A BF 5D 


[2026-04-04T19:59:56.363] [PKT #4] UL CH8 917.0MHz | len=19 | RSSI=-26.0 | SNR=8.3 | CRC=OK
  HEX: E0 54 90 41 B2 2E 9A 53 28 17 D6 C7 88 35 6E 
[2026-04-04T19:59:56.375] 11 B4 70 4E
  HDR: mctrl=0xE0 dctrl=0x54 mac=90:41:B2:2E:9A:53 seq=0x2817 mic=D6C78835
  PAY: 6E 11 B4 70 4E 


[2026-04-04T20:00:03.037] [PKT #5] DL CH11 921.6MHz | len=16 | RSSI=-43.0 | SNR=-1.0 | CRC=FAIL
  HEX: E0 A3 90 21 B2 2E 9A 53 2F AD FD 7F C9 1B 24 64
  H
[2026-04-04T20:00:03.050] DR: mctrl=0xE0 dctrl=0xA3 mac=90:21:B2:2E:9A:53 seq=0x2FAD mic=FD7FC91B
  PAY: 24 64 


[2026-04-04T20:00:08.949] [PKT #6] DL CH1
[2026-04-04T20:00:08.961] 4 923.4MHz | len=16 | RSSI=-13.0 | SNR=7.5 | CRC=OK
  HEX: E0 63 90 41 B2 2E 9A 53 31 B2 A1 9C 79 F4 58 21
  HDR: mctrl=0xE0 dctrl=0x63 
[2026-04-04T20:00:08.973] mac=90:41:B2:2E:9A:53 seq=0x31B2 mic=A19C79F4
  PAY: 58 21 


[2026-04-04T20:00:13.424] [CMD] Parked on UL CH1 (915.6 MHz)

[2026-04-04T20:00:22.907] [PKT #7] PARK 915.6MHz | len=19 | RSSI=-36.0 | SNR=7.2 | CRC=OK
  HEX
[2026-04-04T20:00:22.918] : E0 54 90 41 B2 2E 9A 53 34 08 AC F3 B5 D9 1B D7 1A 3E 9C
  HDR: mctrl=0xE0 dctrl=0x54 mac=90:41:B2:2E:9A:53 seq=0x3408 mic=ACF3B5D9
  
[2026-04-04T20:00:22.930] PAY: 1B D7 1A 3E 9C 


[2026-04-04T20:00:36.152] [CMD] Scan: ALL

[2026-04-04T20:00:51.134] [PKT #8] DL CH9 920.4MHz | len=16 | RSSI=-19.0 | SNR=6.0 | CRC=OK
  HEX: E0 63 90 41 B2
[2026-04-04T20:00:51.145]  2E 9A 53 40 81 DB 3C 46 92 D1 AD
  HDR: mctrl=0xE0 dctrl=0x63 mac=90:41:B2:2E:9A:53 seq=0x4081 mic=DB3C4692
  PAY: D1 AD 

[2026-04-04T20:00:51.158] 

[2026-04-04T20:01:07.621] 

[2026-04-04T20:01:07.632] [STATUS] Packets=8  Chan=BCN 927.6MHz  Uptime=335s

[2026-04-04T20:01:39.337] [PKT #9] DL CH16 924.6MHz | len=1
[2026-04-04T20:01:39.338] 6 | RSSI=-5
[2026-04-04T20:01:39.350] 2.0 | SNR=-1.5 | CRC=FAIL
  HEX: EA 63 90 41 B8 8E 9A 53 51 92 7D 67 4E 20 92 2C
  HDR: mctrl=0xEA dctrl=0x63 mac=90:41:B8:8E:9A:53 seq=
[2026-04-04T20:01:39.363] 0x5192 mic=7D674E20
  PAY: 92 2C 


