[2026-04-04T20:05:10.535] [CMD] 
[2026-04-04T20:05:10.547] Parked on UL CH1 (915.6 MHz)

[2026-04-04T20:05:17.374] 
[STATUS] Packets
[2026-04-04T20:05:17.374] =0  Chan=PA
[2026-04-04T20:05:17.387] RK 915.6MHz  Uptime=19s

[2026-04-04T20:05:24.451] [PKT #1 t=26104] PARK 915.6MHz | len=19 | RSSI=-16.0 | SNR=8.3 | CRC=OK
  HEX: E0 54 90 41 B2 2E 9A 53 5B 11 9C FF C2 4C 8A 41 BC
[2026-04-04T20:05:24.462]  35 D6
  HDR: mctrl=0xE0 dctrl=0x54 mac=90:41:B2:2E:9A:53 seq=0x5B11 mic=9CFFC24C
  PAY: 8A 41 BC 35 D6 


[2026-04-04T20:05:27.835] [PKT #2 t=29490] PARK 915.6MHz | len=19 | RSSI=-19.0 | SNR=7.5 | CRC=OK
  HEX: E0 54 90 41 B2 2E 9A 53 5D 
[2026-04-04T20:05:27.836] 08 A2 FC DC
[2026-04-04T20:05:27.847]  5A 50 50 CB 2E 90
  HDR: mctrl=0xE0 dctrl=0x54 mac=90:41:B2:2E:9A:53 seq=0x5D08 mic=A2FCDC5A
  PAY: 50 50 CB 2E 90 


[2026-04-04T20:05:30.507] [
[2026-04-04T20:05:30.519] PKT #3 t=32172] PARK 915.6MHz | len=19 | RSSI=-19.0 | SNR=7.2 | CRC=OK
  HEX: E0 54 90 41 B2 2E 9A 53 5F 1C 16 31 04 93 47
[2026-04-04T20:05:30.519]  F0 0B 0A 5
[2026-04-04T20:05:30.532] E
  HDR: mctrl=0xE0 dctrl=0x54 mac=90:41:B2:2E:9A:53 seq=0x5F1C mic=16310493
  PAY: 47 F0 0B 0A 5E 


[2026-04-04T20:05:44.713] [PKT #4 t=46372] PARK 915.6MHz | len=19 | RSSI=-16.0 | SNR=7.
[2026-04-04T20:05:44.714] 7 | CRC=OK

[2026-04-04T20:05:44.724]   HEX: E0 54 90 41 B2 2E 9A 53 65 3D 9D DD F1 BB 6C 8A E8 CD 44
  HDR: mctrl=0xE0 dctrl=0x54 mac=90:41:B2:2E:9A:53
[2026-04-04T20:05:44.736]  seq=0x653D mic=9DDDF1BB
  PAY: 6C 8A E8 CD 44 


[2026-04-04T20:05:51.383] [PKT #5 t=53042] PARK 915.6MHz | len=19 | RSSI=-15.0 | S
[2026-04-04T20:05:51.386] NR=8.3 | CR
[2026-04-04T20:05:51.387] C=OK
  HEX: E0 54 90 41
[2026-04-04T20:05:51.387]  B2 2E 9A 5
[2026-04-04T20:05:51.400] 3 68 15 E7 A1 3A 3D F2 CA 59 E9 97
  HDR: mctrl=0xE0 dctrl=0x54 mac=90:41:B2:2E:9A:53 seq=0x6815 mic=E7A13A3D
  PAY: F2 CA 59 E9 97 


[2026-04-04T20:05:56.643] [PKT #6 t=58300] PARK 915.6MHz | len=19 | RSSI=-19.0 | SNR=7.5 | C
[2026-04-04T20:05:56.644] RC=OK
  HEX: E0 54 90 
[2026-04-04T20:05:56.654] 41 B2 2E 9A 53 6A 2E 98 46 A9 F5 0F A1 91 F8 B3
  HDR: mctrl=0xE0 dctrl=0x54 mac=90:41:B2:2E:9A:53 seq=0x6A2E mic=
[2026-04-04T20:05:56.665] 9846A9F5
  PAY: 0F A1 91 F8 B3 


[2026-04-04T20:06:03.194] 
[STATUS] Packets=6  Chan=PARK 915.6MHz  Uptime=64s

[2026-04-04T20:06:14.373] [PKT #7 t=76026] PARK 915.6MHz | len=19 | RSSI=-41.0 | SNR=7.5 | CRC=OK
  HEX: E0 54 90 41 B2 2E 9A 53 73 2
[2026-04-04T20:06:14.374] 8 A9 B9 2E 1F BE F2 B4 
[2026-04-04T20:06:14.385] 3F 00
  HDR: mctrl=0xE0 dctrl=0x54 mac=90:41:B2:2E:9A:53 seq=0x7328 mic=A9B92E1F
  PAY: BE F2 B4 3F 00 


[2026-04-04T20:06:18.520] [PKT #8 t=80179] PARK 915.6MHz | len=19 | RSSI=-32.0
[2026-04-04T20:06:18.533]  | SNR=8.0 | CRC=OK
  HEX: E0 54 90 41 B2 2E 9A 53 76 27 22 17 48 45 71 ED 25 28 B5
  HDR: mctrl=0xE0 dctrl=0x54 mac=90:41:B2:2E:9A:53 seq=0x7627 mi
[2026-04-04T20:06:18.545] c=22174845
  PAY: 71 ED 25 28 B5 


[2026-04-04T20:06:37.255] [PKT #9 t=98912] PARK 915.6MHz | len=19 | RSSI=-41.0 | SNR=7.7 | CRC=OK

[2026-04-04T20:06:37.256]   HEX: E0 5
[2026-04-04T20:06:37.269] 4 90 41 B2 2E 9A 53 82 0F BF 82 73 13 73 BE 0C 1A D9
  HDR: mctrl=0xE0 dctrl=0x54 mac=90:41:B2:2E:9A:53 seq=0x820F mic=BF827313
  PAY: 7
[2026-04-04T20:06:37.269] 3 BE 0C 1A D
[2026-04-04T20:06:37.281] 9 


[2026-04-04T20:07:37.750] [PKT #10 t=159404] PARK 915.6MHz | len=19 | RSSI=-24.0 | 
[2026-04-04T20:07:37.751] SNR=7.7 | CRC=OK
  HEX: E0 54 90 4
[2026-04-04T20:07:37.762] 1 B2 2E 9A 53 90 13 00 B3 BA 6A A3 32 03 97 9C
  HDR: mctrl=0xE0 dctrl=0x54 mac=90:41:B2:2E:9A:53 seq=0x9013 mic=00B3BA6A
  P
[2026-04-04T20:07:37.774] AY: A3 32 03 97 9C 


[2026-04-04T20:07:39.814] [PKT #11 t=161473] PARK 
[2026-04-04T20:07:39.826] 915.6MHz | len=19 | RSSI=-46.0 | SNR=8.3 | CRC=OK
  HEX: E0 54 90 41 B2 2E 9A 53 92 0D 21 FA 40 ED 8C 3B 71 5B 00
  HDR: mct
[2026-04-04T20:07:39.826] rl=0xE0 dctr
[2026-04-04T20:07:39.839] l=0x54 mac=90:41:B2:2E:9A:53 seq=0x920D mic=21FA40ED
  PAY: 8C 3B 71 5B 00 


[2026-04-04T20:07:41.903] [PKT #12 t=163561] PARK 915.6MHz | l
[2026-04-04T20:07:41.914] en=19 | RSSI=-31.0 | SNR=7.7 | CRC=OK
  HEX: E0 54 90 41 B2 2E 9A 53 94 23 F8 C2 04 FD AC 9D FF 60 92
  HDR: mctrl=0xE0 dctrl
[2026-04-04T20:07:41.927] =0x54 mac=90:41:B2:2E:9A:53 seq=0x9423 mic=F8C204FD
  PAY: AC 9D FF 60 92 


[2026-04-04T20:07:43.996] [PKT #13 t=165652] PARK 915.6MHz | len=19 | RSSI=-33.0 |
[2026-04-04T20:07:44.007]  SNR=7.7 | CRC=OK
  HEX: E0 54 90 41 B2 2E 9A 53 96 33 6A 82 95 54 71 10 B7 0C 17
  HDR: mctrl=0xE0 dctrl=0x54 mac=90:41:B2:
[2026-04-04T20:07:44.019] 2E:9A:53 seq=0x9633 mic=6A829554
  PAY: 71 10 B7 0C 17 


[2026-04-04T20:07:51.783] [PKT #14 t=173432] PARK 915.6MHz | len=19 | RSSI=-32.0 | SNR=7.5 | CRC=OK
  HEX: E0 54 90 41 B2 2E 9A 53 9C 1B 98 CC 58 5F CF 5D 53 36 D
[2026-04-04T20:07:51.794] 0
  HDR: mctrl=0xE0 dctrl=0x54 mac=90:41:B2:2E:9A:53 seq=0x9C1B mic=98CC585F
  PAY: CF 5D 53 36 D0 


[2026-04-04T20:07:58.196] [PKT #15 t=179852] PARK 915.6MHz | len=19 | R
[2026-04-04T20:07:58.209] SSI=-40.0 | SNR=8.0 | CRC=OK
  HEX: E0 54 90 41 B2 2E 9A 53 A2 0E F6 69 5B 83 C0 07 FF 16 97
  HDR: mctrl=0xE0 dctrl=0x54 mac=90:41:B2:2
[2026-04-04T20:07:58.210] E:9A:53 seq=0xA20E mic=
[2026-04-04T20:07:58.222] F6695B83
  PAY: C0 07 FF 16 97 


[2026-04-04T20:09:40.326] 
[STATUS] Packets=15  Chan=PARK 915.6MHz  Uptime=281s

