[2026-04-04T15:35:18.884] 
[STATUS] Packets=0  Chan=DL CH10 921.0MHz  Uptime=48s

[2026-04-04T15:35:25.113] 
[STATUS] Packets=0  Chan=DL CH13 922.8MHz  Uptime=54s

[2026-04-04T15:35:41.631] 
[STATUS] Packets=0  Chan=UL CH4 916.2MHz  Uptime=71s

[2026-04-04T15:36:47.575] [CMD] Parke
[2026-04-04T15:36:47.586] d on Beacon (927.6 MHz)

[2026-04-04T16:25:42.506] 
[STATUS] Packets=0  Chan=PARK 927.6MHz  Uptime=3072s

[2026-04-04T16:25:49.630] [
[2026-04-04T16:25:49.630] CMD] Scan: AL
[2026-04-04T16:25:49.643] L

[2026-04-04T16:25:55.574] 
[STATUS]
[2026-04-04T16:25:55.575]  Packets=0  
[2026-04-04T16:25:55.576] Chan=UL CH4
[2026-04-04T16:25:55.588]  916.2MHz  Uptime=3085s

[2026-04-04T16:28:02.887] 
[STATUS] Packets=0  Chan=B
[2026-04-04T16:28:02.900] CN 927.6MHz  Uptime=3212s

