FUNC=scalarmult
PRIV=1a3849c1bb2068aa1ba91caa8c3b85a87b22885b70093e15277f1123dabb0a65
PUB=ebbedc999716b445019385b8e27bf9902dc0591bb76a53ce9d23c8b3b403253f
SHARED=851413a2a7c75708c313c3f446ec9e473528862d9071fea4d3f42286c6c8dd1a
RC=0
---
FUNC=gh_init
STATE=0016fa78
KEYLEN=0
OUTLEN=32
---
FUNC=gh_update
STATE=0016fa78
LEN=32
DATA=851413a2a7c75708c313c3f446ec9e473528862d9071fea4d3f42286c6c8dd1a
---
FUNC=gh_update
STATE=0016fa78
LEN=32
DATA=ebbedc999716b445019385b8e27bf9902dc0591bb76a53ce9d23c8b3b403253f
---
FUNC=gh_update
STATE=0016fa78
LEN=32
DATA=e2af450c159dced1b7965e7de9cbb5a1ce2b9bce23ee5cc9e86513261019df5f
---
FUNC=gh_update
STATE=0016fa78
LEN=32
DATA=69b1d4a63a301106494473b25c23c372a1ba54fbbdbd4fd47ed638460e425f07
---
FUNC=gh_final
STATE=0016fa78
OUTLEN=32
OUT=c1a4a9211027a0e78301128613a5665db2cb89dedc987047f1db4dd15dae8dae
---
FUNC=stream
PHASE=pre
KEY=8eb896449db2364afea9c08ca0e3ca850cb014e2d9a14537cafb4b5a90092f8b
NONCE=e0429041b22e9a53a20a0000000000000000000000000000
LEN=6
IN=933c1b8a6c1e
---
FUNC=stream
PHASE=post
KEY=8eb896449db2364afea9c08ca0e3ca850cb014e2d9a14537cafb4b5a90092f8b
NONCE=e0429041b22e9a53a20a0000000000000000000000000000
LEN=6
OUT=c15baf980100
---
FUNC=gh_init
STATE=0015e848
KEYLEN=0
OUTLEN=4
---
FUNC=gh_update
STATE=0015e848
LEN=10
DATA=e0429041b22e9a53a20a
---
FUNC=gh_update
STATE=0015e848
LEN=4
DATA=00000000
---
FUNC=gh_update
STATE=0015e848
LEN=2
DATA=0100
---
FUNC=gh_final
STATE=0015e848
OUTLEN=4
OUT=c15baf98
---
FUNC=gh_init
STATE=0015e848
KEYLEN=0
OUTLEN=4
---
FUNC=gh_update
STATE=0015e848
LEN=10
DATA=e0629041b22e9a535d14
---
FUNC=gh_update
STATE=0015e848
LEN=4
DATA=00000000
---
FUNC=gh_update
STATE=0015e848
LEN=41
DATA=0101fd298ab0a590119338345f4e57ff46c51c40b842f20304f9796602f186f6450f0a000203feff03
---
FUNC=gh_final
STATE=0015e848
OUTLEN=4
OUT=21f13f75
---
FUNC=stream
PHASE=pre
KEY=8eb896449db2364afea9c08ca0e3ca850cb014e2d9a14537cafb4b5a90092f8b
NONCE=e0629041b22e9a535d140000000000000000000000000000
LEN=45
IN=21f13f750101fd298ab0a590119338345f4e57ff46c51c40b842f20304f9796602f186f6450f0a000203feff03
---
FUNC=stream
PHASE=post
KEY=8eb896449db2364afea9c08ca0e3ca850cb014e2d9a14537cafb4b5a90092f8b
NONCE=e0629041b22e9a535d140000000000000000000000000000
LEN=45
OUT=3ae0ada2a3fe7aa1e08d132392ac375f25c98ca50187885f1e2aa7e3b9630ff1f4d5a66592361e8e7702c1903a
---
FUNC=stream
PHASE=pre
KEY=8eb896449db2364afea9c08ca0e3ca850cb014e2d9a14537cafb4b5a90092f8b
NONCE=e0429041b22e9a53a3000000000000000000000000000000
LEN=53
IN=5f003f8522d321f05ab48b868920431d8d907d9e65ae52d20b4db9327d57fe702d08ede2017940fd92f72a0f6aa8761a04f97a19e4
---
FUNC=stream
PHASE=post
KEY=8eb896449db2364afea9c08ca0e3ca850cb014e2d9a14537cafb4b5a90092f8b
NONCE=e0429041b22e9a53a3000000000000000000000000000000
LEN=53
OUT=b186f0fe0102019fbc4083d874a14afc3f0169d732adcfe69bd0502117c1fb8bc452c05c0dfc6fea7c5b51685006b995a403feff03
---
FUNC=gh_init
STATE=0015e848
KEYLEN=0
OUTLEN=4
---
FUNC=gh_update
STATE=0015e848
LEN=10
DATA=e0429041b22e9a53a300
---
FUNC=gh_update
STATE=0015e848
LEN=4
DATA=00000000
---
FUNC=gh_update
STATE=0015e848
LEN=49
DATA=0102019fbc4083d874a14afc3f0169d732adcfe69bd0502117c1fb8bc452c05c0dfc6fea7c5b51685006b995a403feff03
---
FUNC=gh_final
STATE=0015e848
OUTLEN=4
OUT=b186f0fe
---
FUNC=scalarmult
PRIV=a117b72e03bc6ab8e6cb2ccc6e3e13f0515b9bf6b9b4b21014f2e43d5ecb1a86
PUB=9fbc4083d874a14afc3f0169d732adcfe69bd0502117c1fb8bc452c05c0dfc6f
SHARED=8b8871ac0d434dd35c94c53ad564df8ecef4718d2a3080f13a5cd6cd5664d03e
RC=0
---
FUNC=gh_init
STATE=0016fa78
KEYLEN=0
OUTLEN=32
---
FUNC=gh_update
STATE=0016fa78
LEN=32
DATA=8b8871ac0d434dd35c94c53ad564df8ecef4718d2a3080f13a5cd6cd5664d03e
---
FUNC=gh_update
STATE=0016fa78
LEN=32
DATA=fd298ab0a590119338345f4e57ff46c51c40b842f20304f9796602f186f6450f
---
FUNC=gh_update
STATE=0016fa78
LEN=32
DATA=9fbc4083d874a14afc3f0169d732adcfe69bd0502117c1fb8bc452c05c0dfc6f
---
FUNC=gh_update
STATE=0016fa78
LEN=32
DATA=de35992693830aeaebbf46c4c561cc9824cf91d2921dc4bedc215b7c23752e97
---
FUNC=gh_final
STATE=0016fa78
OUTLEN=32
OUT=831ca3a0d27145a2058760aaefcf6402c32625bc5369f1a400e5fb03efb2a749
---
FUNC=stream
PHASE=pre
KEY=831ca3a0d27145a2058760aaefcf6402c32625bc5369f1a400e5fb03efb2a749
NONCE=000000000000000000000000000000000000000000000000
LEN=10
IN=ea7c5b51685006b995a4
---
FUNC=stream
PHASE=post
KEY=831ca3a0d27145a2058760aaefcf6402c32625bc5369f1a400e5fb03efb2a749
NONCE=000000000000000000000000000000000000000000000000
LEN=10
OUT=9041b22e9a531cb72d72
---
FUNC=stream
PHASE=pre
KEY=831ca3a0d27145a2058760aaefcf6402c32625bc5369f1a400e5fb03efb2a749
NONCE=000000000000000000000000000000000000000000000000
LEN=16
IN=9041b23483dc9041b22e9a531cb72d72
---
FUNC=stream
PHASE=post
KEY=831ca3a0d27145a2058760aaefcf6402c32625bc5369f1a400e5fb03efb2a749
NONCE=000000000000000000000000000000000000000000000000
LEN=16
OUT=ea7c5b4b71df8a4f0af8e6168fb9baa6
---
FUNC=gh_init
STATE=0015e848
KEYLEN=0
OUTLEN=4
---
FUNC=gh_update
STATE=0015e848
LEN=10
DATA=e0629041b22e9a535e62
---
FUNC=gh_update
STATE=0015e848
LEN=4
DATA=00000000
---
FUNC=gh_update
STATE=0015e848
LEN=18
DATA=0103ea7c5b4b71df8a4f0af8e6168fb9baa6
---
FUNC=gh_final
STATE=0015e848
OUTLEN=4
OUT=c7bd1a15
---
FUNC=stream
PHASE=pre
KEY=8eb896449db2364afea9c08ca0e3ca850cb014e2d9a14537cafb4b5a90092f8b
NONCE=e0629041b22e9a535e620000000000000000000000000000
LEN=22
IN=c7bd1a150103ea7c5b4b71df8a4f0af8e6168fb9baa6
---
FUNC=stream
PHASE=post
KEY=8eb896449db2364afea9c08ca0e3ca850cb014e2d9a14537cafb4b5a90092f8b
NONCE=e0629041b22e9a535e620000000000000000000000000000
LEN=22
OUT=f5eda780f1d82e55e41c259f256c3bf2d1afdb72301e
---
FUNC=stream
PHASE=pre
KEY=831ca3a0d27145a2058760aaefcf6402c32625bc5369f1a400e5fb03efb2a749
NONCE=e0549041b22e9a53011f0000000000000000000000000000
LEN=29
IN=99f5d556d6118f05ccc27468c9ab736d69f174ae3489ac499fec62f502
---
FUNC=stream
PHASE=post
KEY=831ca3a0d27145a2058760aaefcf6402c32625bc5369f1a400e5fb03efb2a749
NONCE=e0549041b22e9a53011f0000000000000000000000000000
LEN=29
OUT=9bd629db0c0001000000a8d0020064dc071300000093910300590ba700
---
FUNC=gh_init
STATE=0015e848
KEYLEN=0
OUTLEN=4
---
FUNC=gh_update
STATE=0015e848
LEN=10
DATA=e0549041b22e9a53011f
---
FUNC=gh_update
STATE=0015e848
LEN=4
DATA=00000000
---
FUNC=gh_update
STATE=0015e848
LEN=25
DATA=0c0001000000a8d0020064dc071300000093910300590ba700
---
FUNC=gh_final
STATE=0015e848
OUTLEN=4
OUT=9bd629db
---
FUNC=gh_init
STATE=0015e848
KEYLEN=0
OUTLEN=4
---
FUNC=gh_update
STATE=0015e848
LEN=10
DATA=e0749041b22e9a5301c1
---
FUNC=gh_update
STATE=0015e848
LEN=4
DATA=00000000
---
FUNC=gh_update
STATE=0015e848
LEN=2
DATA=0954
---
FUNC=gh_final
STATE=0015e848
OUTLEN=4
OUT=21285602
---
FUNC=stream
PHASE=pre
KEY=831ca3a0d27145a2058760aaefcf6402c32625bc5369f1a400e5fb03efb2a749
NONCE=e0749041b22e9a5301c10000000000000000000000000000
LEN=6
IN=212856020954
---
FUNC=stream
PHASE=post
KEY=831ca3a0d27145a2058760aaefcf6402c32625bc5369f1a400e5fb03efb2a749
NONCE=e0749041b22e9a5301c10000000000000000000000000000
LEN=6
OUT=42bdda17871b
---
FUNC=stream
PHASE=pre
KEY=831ca3a0d27145a2058760aaefcf6402c32625bc5369f1a400e5fb03efb2a749
NONCE=e0449041b22e9a5302810000000000000000000000000001
LEN=82
IN=9e2d0b2bc27c3e77b1b26e52c64a041d1ea7ba7f2c69e7ad87bfbc582c30825ca30ac2796699ef8578a7f8a2a8ee08f93099657fd2661a6c7b2451ffac2a0fde219ac31fb93db163113a8850f20b3e384b56
---
FUNC=stream
PHASE=post
KEY=831ca3a0d27145a2058760aaefcf6402c32625bc5369f1a400e5fb03efb2a749
NONCE=e0449041b22e9a5302810000000000000000000000000001
LEN=82
OUT=7390703f0a54ae9400010001000000f5a9470452b4ba379a5749018003ab8809ac01fb03080f110e01010402010311010a0d01020e01012001011202061301040301041401011501011601010f0101100101
---
FUNC=gh_init
STATE=0015e848
KEYLEN=0
OUTLEN=4
---
FUNC=gh_update
STATE=0015e848
LEN=10
DATA=e0449041b22e9a530281
---
FUNC=gh_update
STATE=0015e848
LEN=4
DATA=00000000
---
FUNC=gh_update
STATE=0015e848
LEN=78
DATA=0a54ae9400010001000000f5a9470452b4ba379a5749018003ab8809ac01fb03080f110e01010402010311010a0d01020e01012001011202061301040301041401011501011601010f0101100101
---
FUNC=gh_final
STATE=0015e848
OUTLEN=4
OUT=7390703f
---
FUNC=gh_init
STATE=0015e848
KEYLEN=0
OUTLEN=4
---
FUNC=gh_update
STATE=0015e848
LEN=10
DATA=e0749041b22e9a53024d
---
FUNC=gh_update
STATE=0015e848
LEN=4
DATA=00000000
---
FUNC=gh_update
STATE=0015e848
LEN=6
DATA=0b5511010d14
---
FUNC=gh_final
STATE=0015e848
OUTLEN=4
OUT=dddb0888
---
FUNC=stream
PHASE=pre
KEY=831ca3a0d27145a2058760aaefcf6402c32625bc5369f1a400e5fb03efb2a749
NONCE=e0749041b22e9a53024d0000000000000000000000000001
LEN=10
IN=dddb08880b5511010d14
---
FUNC=stream
PHASE=post
KEY=831ca3a0d27145a2058760aaefcf6402c32625bc5369f1a400e5fb03efb2a749
NONCE=e0749041b22e9a53024d0000000000000000000000000001
LEN=10
OUT=51e264e31dcb3e71716f
---
FUNC=stream
PHASE=pre
KEY=831ca3a0d27145a2058760aaefcf6402c32625bc5369f1a400e5fb03efb2a749
NONCE=e0449041b22e9a5303820000000000000000000000000001
LEN=31
IN=86c79baa95cbf0fd98392ca7d4a4bb432d4746ee1955e2cddfef94444e5e93
---
FUNC=stream
PHASE=post
KEY=831ca3a0d27145a2058760aaefcf6402c32625bc5369f1a400e5fb03efb2a749
NONCE=e0449041b22e9a5303820000000000000000000000000001
LEN=31
OUT=92015a1f0c5501000000a9df110000010001000000f5a9470d00012c140000
---
FUNC=gh_init
STATE=0015e848
KEYLEN=0
OUTLEN=4
---
FUNC=gh_update
STATE=0015e848
LEN=10
DATA=e0449041b22e9a530382
---
FUNC=gh_update
STATE=0015e848
LEN=4
DATA=00000000
---
FUNC=gh_update
STATE=0015e848
LEN=27
DATA=0c5501000000a9df110000010001000000f5a9470d00012c140000
---
FUNC=gh_final
STATE=0015e848
OUTLEN=4
OUT=92015a1f
---
FUNC=gh_init
STATE=0015e848
KEYLEN=0
OUTLEN=4
---
FUNC=gh_update
STATE=0015e848
LEN=10
DATA=e0749041b22e9a530375
---
FUNC=gh_update
STATE=0015e848
LEN=4
DATA=00000000
---
FUNC=gh_update
STATE=0015e848
LEN=6
DATA=0b5611010d14
---
FUNC=gh_final
STATE=0015e848
OUTLEN=4
OUT=70db21af
---
FUNC=stream
PHASE=pre
KEY=831ca3a0d27145a2058760aaefcf6402c32625bc5369f1a400e5fb03efb2a749
NONCE=e0749041b22e9a5303750000000000000000000000000002
LEN=10
IN=70db21af0b5611010d14
---
FUNC=stream
PHASE=post
KEY=831ca3a0d27145a2058760aaefcf6402c32625bc5369f1a400e5fb03efb2a749
NONCE=e0749041b22e9a5303750000000000000000000000000002
LEN=10
OUT=3cfd03f2bba3acedc267
---
FUNC=stream
PHASE=pre
KEY=831ca3a0d27145a2058760aaefcf6402c32625bc5369f1a400e5fb03efb2a749
NONCE=e0449041b22e9a5304830000000000000000000000000001
LEN=31
IN=831dfb8cff83d5f02efe5b293123d0f0631a98995dd88f5c8117181c96de0e
---
FUNC=stream
PHASE=post
KEY=831ca3a0d27145a2058760aaefcf6402c32625bc5369f1a400e5fb03efb2a749
NONCE=e0449041b22e9a5304830000000000000000000000000001
LEN=31
OUT=e764f9eb0c5601000000a9e0110000010001000000f5a9470d00012c140000
---
FUNC=gh_init
STATE=0015e848
KEYLEN=0
OUTLEN=4
---
FUNC=gh_update
STATE=0015e848
LEN=10
DATA=e0449041b22e9a530483
---
FUNC=gh_update
STATE=0015e848
LEN=4
DATA=00000000
---
FUNC=gh_update
STATE=0015e848
LEN=27
DATA=0c5601000000a9e0110000010001000000f5a9470d00012c140000
---
FUNC=gh_final
STATE=0015e848
OUTLEN=4
OUT=e764f9eb
---
FUNC=gh_init
STATE=0015e848
KEYLEN=0
OUTLEN=4
---
FUNC=gh_update
STATE=0015e848
LEN=10
DATA=e0749041b22e9a53040b
---
FUNC=gh_update
STATE=0015e848
LEN=4
DATA=00000000
---
FUNC=gh_update
STATE=0015e848
LEN=6
DATA=0e570d00012c
---
FUNC=gh_final
STATE=0015e848
OUTLEN=4
OUT=5e8ef5ca
---
FUNC=stream
PHASE=pre
KEY=831ca3a0d27145a2058760aaefcf6402c32625bc5369f1a400e5fb03efb2a749
NONCE=e0749041b22e9a53040b0000000000000000000000000003
LEN=10
IN=5e8ef5ca0e570d00012c
---
FUNC=stream
PHASE=post
KEY=831ca3a0d27145a2058760aaefcf6402c32625bc5369f1a400e5fb03efb2a749
NONCE=e0749041b22e9a53040b0000000000000000000000000003
LEN=10
OUT=38a5c655e38d341e9157
---
FUNC=stream
PHASE=pre
KEY=831ca3a0d27145a2058760aaefcf6402c32625bc5369f1a400e5fb03efb2a749
NONCE=e0449041b22e9a5305840000000000000000000000000001
LEN=10
IN=fd02fba5c2e8e89cee6a
---
FUNC=stream
PHASE=post
KEY=831ca3a0d27145a2058760aaefcf6402c32625bc5369f1a400e5fb03efb2a749
NONCE=e0449041b22e9a5305840000000000000000000000000001
LEN=10
OUT=9e2dcf930c570d00012c
---
FUNC=gh_init
STATE=0015e848
KEYLEN=0
OUTLEN=4
---
FUNC=gh_update
STATE=0015e848
LEN=10
DATA=e0449041b22e9a530584
---
FUNC=gh_update
STATE=0015e848
LEN=4
DATA=00000000
---
FUNC=gh_update
STATE=0015e848
LEN=6
DATA=0c570d00012c
---
FUNC=gh_final
STATE=0015e848
OUTLEN=4
OUT=9e2dcf93
---
FUNC=stream
PHASE=pre
KEY=47be3dffb41ea35749c9290e6d2124e6b3e3842ab4e443bd0ac41eda045c2dbe
NONCE=e0409041b22e9a530a250000000000000000000000000000
LEN=12
IN=8e1c3e4d63068449252caf09
---
FUNC=stream
PHASE=post
KEY=47be3dffb41ea35749c9290e6d2124e6b3e3842ab4e443bd0ac41eda045c2dbe
NONCE=e0409041b22e9a530a250000000000000000000000000000
LEN=12
OUT=9abaf28f01ae940000000000
---
FUNC=gh_init
STATE=0015e848
KEYLEN=0
OUTLEN=4
---
FUNC=gh_update
STATE=0015e848
LEN=10
DATA=e0409041b22e9a530a25
---
FUNC=gh_update
STATE=0015e848
LEN=4
DATA=00000000
---
FUNC=gh_update
STATE=0015e848
LEN=8
DATA=01ae940000000000
---
FUNC=gh_final
STATE=0015e848
OUTLEN=4
OUT=9abaf28f
---
FUNC=stream
PHASE=pre
KEY=47be3dffb41ea35749c9290e6d2124e6b3e3842ab4e443bd0ac41eda045c2dbe
NONCE=e0409041b22e9a530b330000000000000000000000000000
LEN=12
IN=606b4b3976135188c7f6dc25
---
FUNC=stream
PHASE=post
KEY=47be3dffb41ea35749c9290e6d2124e6b3e3842ab4e443bd0ac41eda045c2dbe
NONCE=e0409041b22e9a530b330000000000000000000000000000
LEN=12
OUT=a66e4e9c01ae940100000000
---
FUNC=gh_init
STATE=0016fa78
KEYLEN=0
OUTLEN=4
---
FUNC=gh_update
STATE=0016fa78
LEN=10
DATA=e0409041b22e9a530b33
---
FUNC=gh_update
STATE=0016fa78
LEN=4
DATA=00000000
---
FUNC=gh_update
STATE=0016fa78
LEN=8
DATA=01ae940100000000
---
FUNC=gh_final
STATE=0016fa78
OUTLEN=4
OUT=a66e4e9c
---
FUNC=stream
PHASE=pre
KEY=47be3dffb41ea35749c9290e6d2124e6b3e3842ab4e443bd0ac41eda045c2dbe
NONCE=e0409041b22e9a530c310000000000000000000000000000
LEN=12
IN=c8d3e150c38c3f788124647d
---
FUNC=stream
PHASE=post
KEY=47be3dffb41ea35749c9290e6d2124e6b3e3842ab4e443bd0ac41eda045c2dbe
NONCE=e0409041b22e9a530c310000000000000000000000000000
LEN=12
OUT=0555af9201ae940200000000
---
FUNC=gh_init
STATE=0016fa78
KEYLEN=0
OUTLEN=4
---
FUNC=gh_update
STATE=0016fa78
LEN=10
DATA=e0409041b22e9a530c31
---
FUNC=gh_update
STATE=0016fa78
LEN=4
DATA=00000000
---
FUNC=gh_update
STATE=0016fa78
LEN=8
DATA=01ae940200000000
---
FUNC=gh_final
STATE=0016fa78
OUTLEN=4
OUT=0555af92
---
FUNC=stream
PHASE=pre
KEY=47be3dffb41ea35749c9290e6d2124e6b3e3842ab4e443bd0ac41eda045c2dbe
NONCE=e0409041b22e9a530d100000000000000000000000000000
LEN=12
IN=7ef360b1261846e7327d5607
---
FUNC=stream
PHASE=post
KEY=47be3dffb41ea35749c9290e6d2124e6b3e3842ab4e443bd0ac41eda045c2dbe
NONCE=e0409041b22e9a530d100000000000000000000000000000
LEN=12
OUT=3c211f6601ae940300000000
---
FUNC=gh_init
STATE=0016fa78
KEYLEN=0
OUTLEN=4
---
FUNC=gh_update
STATE=0016fa78
LEN=10
DATA=e0409041b22e9a530d10
---
FUNC=gh_update
STATE=0016fa78
LEN=4
DATA=00000000
---
FUNC=gh_update
STATE=0016fa78
LEN=8
DATA=01ae940300000000
---
FUNC=gh_final
STATE=0016fa78
OUTLEN=4
OUT=3c211f66
---
FUNC=stream
PHASE=pre
KEY=47be3dffb41ea35749c9290e6d2124e6b3e3842ab4e443bd0ac41eda045c2dbe
NONCE=e0409041b22e9a530e2d0000000000000000000000000000
LEN=12
IN=1fee1740c2a1b47bd19b90d3
---
FUNC=stream
PHASE=post
KEY=47be3dffb41ea35749c9290e6d2124e6b3e3842ab4e443bd0ac41eda045c2dbe
NONCE=e0409041b22e9a530e2d0000000000000000000000000000
LEN=12
OUT=75b5186c01ae940400000000
---
FUNC=gh_init
STATE=0016fa78
KEYLEN=0
OUTLEN=4
---
FUNC=gh_update
STATE=0016fa78
LEN=10
DATA=e0409041b22e9a530e2d
---
FUNC=gh_update
STATE=0016fa78
LEN=4
DATA=00000000
---
FUNC=gh_update
STATE=0016fa78
LEN=8
DATA=01ae940400000000
---
FUNC=gh_final
STATE=0016fa78
OUTLEN=4
OUT=75b5186c
---
FUNC=stream
PHASE=pre
KEY=47be3dffb41ea35749c9290e6d2124e6b3e3842ab4e443bd0ac41eda045c2dbe
NONCE=e0409041b22e9a530f0e0000000000000000000000000000
LEN=12
IN=3606cd2ef1e8cd28b58bf7c5
---
FUNC=stream
PHASE=post
KEY=47be3dffb41ea35749c9290e6d2124e6b3e3842ab4e443bd0ac41eda045c2dbe
NONCE=e0409041b22e9a530f0e0000000000000000000000000000
LEN=12
OUT=e28f47e401ae940500000000
---
FUNC=gh_init
STATE=0015e848
KEYLEN=0
OUTLEN=4
---
FUNC=gh_update
STATE=0015e848
LEN=10
DATA=e0409041b22e9a530f0e
---
FUNC=gh_update
STATE=0015e848
LEN=4
DATA=00000000
---
FUNC=gh_update
STATE=0015e848
LEN=8
DATA=01ae940500000000
---
FUNC=gh_final
STATE=0015e848
OUTLEN=4
OUT=e28f47e4
---
FUNC=gh_init
STATE=0015e848
KEYLEN=0
OUTLEN=4
---
FUNC=gh_update
STATE=0015e848
LEN=10
DATA=e0629041b22e9a538b08
---
FUNC=gh_update
STATE=0015e848
LEN=4
DATA=00000000
---
FUNC=gh_update
STATE=0015e848
LEN=41
DATA=0101e35a6c4cd8ded346166e64277d89cf04057ccec392b87daad6d8ba3ea23760500a000203feff03
---
FUNC=gh_final
STATE=0015e848
OUTLEN=4
OUT=a1de981c
---
FUNC=stream
PHASE=pre
KEY=47be3dffb41ea35749c9290e6d2124e6b3e3842ab4e443bd0ac41eda045c2dbe
NONCE=e0629041b22e9a538b080000000000000000000000000000
LEN=45
IN=a1de981c0101e35a6c4cd8ded346166e64277d89cf04057ccec392b87daad6d8ba3ea23760500a000203feff03
---
FUNC=stream
PHASE=post
KEY=47be3dffb41ea35749c9290e6d2124e6b3e3842ab4e443bd0ac41eda045c2dbe
NONCE=e0629041b22e9a538b080000000000000000000000000000
LEN=45
OUT=d85f5daeb1f5c5010e77411b6441c7d6a9a393201597511a8400661398dca634eef635576696210bdfc31f6fc7
---
FUNC=stream
PHASE=pre
KEY=47be3dffb41ea35749c9290e6d2124e6b3e3842ab4e443bd0ac41eda045c2dbe
NONCE=e0429041b22e9a5310370000000000000000000000000000
LEN=53
IN=6fe3e4a990789a8f9bfa909869a7c412a236d6deceec3ebac0d59c62f31f31fc759e150f7d224dc9b716925d22f30e9884b4abcece
---
FUNC=stream
PHASE=post
KEY=47be3dffb41ea35749c9290e6d2124e6b3e3842ab4e443bd0ac41eda045c2dbe
NONCE=e0429041b22e9a5310370000000000000000000000000000
LEN=53
OUT=9d3506ec0102015aa815d0190d7a82fb31f6580d5826eb4fefe434eb2ea0a5ae7f70652fa01e14158debc5f6b8b05671ea03feff03
---
FUNC=gh_init
STATE=0015e848
KEYLEN=0
OUTLEN=4
---
FUNC=gh_update
STATE=0015e848
LEN=10
DATA=e0429041b22e9a531037
---
FUNC=gh_update
STATE=0015e848
LEN=4
DATA=00000000
---
FUNC=gh_update
STATE=0015e848
LEN=49
DATA=0102015aa815d0190d7a82fb31f6580d5826eb4fefe434eb2ea0a5ae7f70652fa01e14158debc5f6b8b05671ea03feff03
---
FUNC=gh_final
STATE=0015e848
OUTLEN=4
OUT=9d3506ec
---
FUNC=scalarmult
PRIV=e4bfc75ca44a720a733c46e9c0e0b9b99161a25ecd90aaf203079b1b38aaf63c
PUB=5aa815d0190d7a82fb31f6580d5826eb4fefe434eb2ea0a5ae7f70652fa01e14
SHARED=606cef56b0fb6701806204003a245af0ba943eec2a442157919c5d0a95b38a37
RC=0
---
FUNC=gh_init
STATE=0016fa78
KEYLEN=0
OUTLEN=32
---
FUNC=gh_update
STATE=0016fa78
LEN=32
DATA=606cef56b0fb6701806204003a245af0ba943eec2a442157919c5d0a95b38a37
---
FUNC=gh_update
STATE=0016fa78
LEN=32
DATA=e35a6c4cd8ded346166e64277d89cf04057ccec392b87daad6d8ba3ea2376050
---
FUNC=gh_update
STATE=0016fa78
LEN=32
DATA=5aa815d0190d7a82fb31f6580d5826eb4fefe434eb2ea0a5ae7f70652fa01e14
---
FUNC=gh_update
STATE=0016fa78
LEN=32
DATA=c5923a86e166e4bf3f8959643ff1c245f986115ec34946ded0b87dc0d7bd38db
---
FUNC=gh_final
STATE=0016fa78
OUTLEN=32
OUT=8ef9826a8a38a0affcebe5bd4f6bf2727c86e3ff44aa56d805bf28acd80f5911
---
FUNC=stream
PHASE=pre
KEY=8ef9826a8a38a0affcebe5bd4f6bf2727c86e3ff44aa56d805bf28acd80f5911
NONCE=000000000000000000000000000000000000000000000000
LEN=10
IN=158debc5f6b8b05671ea
---
FUNC=stream
PHASE=post
KEY=8ef9826a8a38a0affcebe5bd4f6bf2727c86e3ff44aa56d805bf28acd80f5911
NONCE=000000000000000000000000000000000000000000000000
LEN=10
OUT=9041b22e9a53ac385d7a
---
FUNC=stream
PHASE=pre
KEY=8ef9826a8a38a0affcebe5bd4f6bf2727c86e3ff44aa56d805bf28acd80f5911
NONCE=000000000000000000000000000000000000000000000000
LEN=16
IN=9041b23483dc9041b22e9a53ac385d7a
---
FUNC=stream
PHASE=post
KEY=8ef9826a8a38a0affcebe5bd4f6bf2727c86e3ff44aa56d805bf28acd80f5911
NONCE=000000000000000000000000000000000000000000000000
LEN=16
OUT=158debdfef378c2f9ebe6488a65607d4
---
FUNC=gh_init
STATE=0015e848
KEYLEN=0
OUTLEN=4
---
FUNC=gh_update
STATE=0015e848
LEN=10
DATA=e0629041b22e9a538c69
---
FUNC=gh_update
STATE=0015e848
LEN=4
DATA=00000000
---
FUNC=gh_update
STATE=0015e848
LEN=18
DATA=0103158debdfef378c2f9ebe6488a65607d4
---
FUNC=gh_final
STATE=0015e848
OUTLEN=4
OUT=d11d89fa
---
FUNC=stream
PHASE=pre
KEY=47be3dffb41ea35749c9290e6d2124e6b3e3842ab4e443bd0ac41eda045c2dbe
NONCE=e0629041b22e9a538c690000000000000000000000000000
LEN=22
IN=d11d89fa0103158debdfef378c2f9ebe6488a65607d4
---
FUNC=stream
PHASE=post
KEY=47be3dffb41ea35749c9290e6d2124e6b3e3842ab4e443bd0ac41eda045c2dbe
NONCE=e0629041b22e9a538c690000000000000000000000000000
LEN=22
OUT=ef0891519552b1ce0382cd432c5eeb9231ab71467326
---
FUNC=stream
PHASE=pre
KEY=8ef9826a8a38a0affcebe5bd4f6bf2727c86e3ff44aa56d805bf28acd80f5911
NONCE=e0539041b22e9a53011a0000000000000000000000000000
LEN=6
IN=ce7b620a9635
---
FUNC=stream
PHASE=post
KEY=8ef9826a8a38a0affcebe5bd4f6bf2727c86e3ff44aa56d805bf28acd80f5911
NONCE=e0539041b22e9a53011a0000000000000000000000000000
LEN=6
OUT=01d272800100
---
FUNC=gh_init
STATE=0015e848
KEYLEN=0
OUTLEN=4
---
FUNC=gh_update
STATE=0015e848
LEN=10
DATA=e0539041b22e9a53011a
---
FUNC=gh_update
STATE=0015e848
LEN=4
DATA=00000000
---
FUNC=gh_update
STATE=0015e848
LEN=2
DATA=0100
---
FUNC=gh_final
STATE=0015e848
OUTLEN=4
OUT=01d27280
---
FUNC=gh_init
STATE=0015e848
KEYLEN=0
OUTLEN=4
---
FUNC=gh_update
STATE=0015e848
LEN=10
DATA=e0749041b22e9a5301c1
---
FUNC=gh_update
STATE=0015e848
LEN=4
DATA=00000000
---
FUNC=gh_update
STATE=0015e848
LEN=2
DATA=0958
---
FUNC=gh_final
STATE=0015e848
OUTLEN=4
OUT=2039c4ba
---
FUNC=stream
PHASE=pre
KEY=8ef9826a8a38a0affcebe5bd4f6bf2727c86e3ff44aa56d805bf28acd80f5911
NONCE=e0749041b22e9a5301c10000000000000000000000000000
LEN=6
IN=2039c4ba0958
---
FUNC=stream
PHASE=post
KEY=8ef9826a8a38a0affcebe5bd4f6bf2727c86e3ff44aa56d805bf28acd80f5911
NONCE=e0749041b22e9a5301c10000000000000000000000000000
LEN=6
OUT=c89dee052f1f
---
FUNC=stream
PHASE=pre
KEY=47be3dffb41ea35749c9290e6d2124e6b3e3842ab4e443bd0ac41eda045c2dbe
NONCE=e0409041b22e9a5311290000000000000000000000000000
LEN=12
IN=5efcf24ebd1c369aa3902b07
---
FUNC=stream
PHASE=post
KEY=47be3dffb41ea35749c9290e6d2124e6b3e3842ab4e443bd0ac41eda045c2dbe
NONCE=e0409041b22e9a5311290000000000000000000000000000
LEN=12
OUT=6c4bd99701ae944600000000
---
FUNC=gh_init
STATE=0015e848
KEYLEN=0
OUTLEN=4
---
FUNC=gh_update
STATE=0015e848
LEN=10
DATA=e0409041b22e9a531129
---
FUNC=gh_update
STATE=0015e848
LEN=4
DATA=00000000
---
FUNC=gh_update
STATE=0015e848
LEN=8
DATA=01ae944600000000
---
FUNC=gh_final
STATE=0015e848
OUTLEN=4
OUT=6c4bd997
---
FUNC=stream
PHASE=pre
KEY=8ef9826a8a38a0affcebe5bd4f6bf2727c86e3ff44aa56d805bf28acd80f5911
NONCE=e0449041b22e9a5302810000000000000000000000000001
LEN=82
IN=f9c6766211080a782cdc14b578969336e03f5fe5ae5de70e7fbb1a07ba7fbbde6df1f310bb6918c7ecbd6dbd477710074bc64e10cd0b19e2cc506009c08db6412fa6a0ef96d1a179444323b8e15a08b62b3a
---
FUNC=stream
PHASE=post
KEY=8ef9826a8a38a0affcebe5bd4f6bf2727c86e3ff44aa56d805bf28acd80f5911
NONCE=e0449041b22e9a5302810000000000000000000000000001
LEN=82
OUT=3ef463eb0a58ae9400010001000000f5a9470452b4ba379a5749018003ab8809ac01fb03080f110e01010402010311010a0d01020e01012001011202061301040301041401011501011601010f0101100101
---
FUNC=gh_init
STATE=0015e848
KEYLEN=0
OUTLEN=4
---
FUNC=gh_update
STATE=0015e848
LEN=10
DATA=e0449041b22e9a530281
---
FUNC=gh_update
STATE=0015e848
LEN=4
DATA=00000000
---
FUNC=gh_update
STATE=0015e848
LEN=78
DATA=0a58ae9400010001000000f5a9470452b4ba379a5749018003ab8809ac01fb03080f110e01010402010311010a0d01020e01012001011202061301040301041401011501011601010f0101100101
---
FUNC=gh_final
STATE=0015e848
OUTLEN=4
OUT=3ef463eb
---
FUNC=gh_init
STATE=0015e848
KEYLEN=0
OUTLEN=4
---
FUNC=gh_update
STATE=0015e848
LEN=10
DATA=e0749041b22e9a530255
---
FUNC=gh_update
STATE=0015e848
LEN=4
DATA=00000000
---
FUNC=gh_update
STATE=0015e848
LEN=6
DATA=0b5911010d14
---
FUNC=gh_final
STATE=0015e848
OUTLEN=4
OUT=3185e5c6
---
FUNC=stream
PHASE=pre
KEY=8ef9826a8a38a0affcebe5bd4f6bf2727c86e3ff44aa56d805bf28acd80f5911
NONCE=e0749041b22e9a5302550000000000000000000000000001
LEN=10
IN=3185e5c60b5911010d14
---
FUNC=stream
PHASE=post
KEY=8ef9826a8a38a0affcebe5bd4f6bf2727c86e3ff44aa56d805bf28acd80f5911
NONCE=e0749041b22e9a5302550000000000000000000000000001
LEN=10
OUT=c32a195968f8a7cc01fd
---
FUNC=stream
PHASE=pre
KEY=8ef9826a8a38a0affcebe5bd4f6bf2727c86e3ff44aa56d805bf28acd80f5911
NONCE=e0439041b22e9a5303820000000000000000000000000001
LEN=6
IN=2b4bb5033f5e
---
FUNC=stream
PHASE=post
KEY=8ef9826a8a38a0affcebe5bd4f6bf2727c86e3ff44aa56d805bf28acd80f5911
NONCE=e0439041b22e9a5303820000000000000000000000000001
LEN=6
OUT=ca3b7c260100
---
FUNC=gh_init
STATE=0015e848
KEYLEN=0
OUTLEN=4
---
FUNC=gh_update
STATE=0015e848
LEN=10
DATA=e0439041b22e9a530382
---
FUNC=gh_update
STATE=0015e848
LEN=4
DATA=00000000
---
FUNC=gh_update
STATE=0015e848
LEN=2
DATA=0100
---
FUNC=gh_final
STATE=0015e848
OUTLEN=4
OUT=ca3b7c26
---
FUNC=gh_init
STATE=0015e848
KEYLEN=0
OUTLEN=4
---
FUNC=gh_update
STATE=0015e848
LEN=10
DATA=e0749041b22e9a530341
---
FUNC=gh_update
STATE=0015e848
LEN=4
DATA=00000000
---
FUNC=gh_update
STATE=0015e848
LEN=70
DATA=025a69b5f40432f45deb2c4a72698faaeb0e31e69899bb63f3a25693e8d49dbb5575ad5accbc18327558bb5f4bf3b870d3e6d8bf747876e50be8613b806dbb1170210000048f
---
FUNC=gh_final
STATE=0015e848
OUTLEN=4
OUT=94abb77a
---
FUNC=stream
PHASE=pre
KEY=8ef9826a8a38a0affcebe5bd4f6bf2727c86e3ff44aa56d805bf28acd80f5911
NONCE=e0749041b22e9a5303410000000000000000000000000002
LEN=74
IN=94abb77a025a69b5f40432f45deb2c4a72698faaeb0e31e69899bb63f3a25693e8d49dbb5575ad5accbc18327558bb5f4bf3b870d3e6d8bf747876e50be8613b806dbb1170210000048f
---
FUNC=stream
PHASE=post
KEY=8ef9826a8a38a0affcebe5bd4f6bf2727c86e3ff44aa56d805bf28acd80f5911
NONCE=e0749041b22e9a5303410000000000000000000000000002
LEN=74
OUT=3ec5be01ef313ca8a4271eae3f87b86eb6ba3ab02ca0aa60728763ff7a5f7f8a697aaf57bc625795d50127ebdaf58efbf444ff186b9e1268307e56ad2d7f9eb2af676d00bc9dc02afc6f
---
FUNC=stream
PHASE=pre
KEY=8ef9826a8a38a0affcebe5bd4f6bf2727c86e3ff44aa56d805bf28acd80f5911
NONCE=e0549041b22e9a5304830000000000000000000000000001
LEN=70
IN=29b6a01b9c1243be3137749cdf604df9a62ab64bc880bef3385671ded1298a88463bc9f8a8f076cbb4b3e6149c6b7eb9a92edd720370a2a61c91c5b21a03ec0a181b2b32a074
---
FUNC=stream
PHASE=post
KEY=8ef9826a8a38a0affcebe5bd4f6bf2727c86e3ff44aa56d805bf28acd80f5911
NONCE=e0549041b22e9a5304830000000000000000000000000001
LEN=70
OUT=68d29835035a23174ebde77acd6ee84d79eae6edad137c34d735e379e20f1c7d1a3228e45a511d48974772fcef76b2975f45e596a6bd1199bf47ded304857ea239dafc1e3f38
---
FUNC=gh_init
STATE=0015e848
KEYLEN=0
OUTLEN=4
---
FUNC=gh_update
STATE=0015e848
LEN=10
DATA=e0549041b22e9a530483
---
FUNC=gh_update
STATE=0015e848
LEN=4
DATA=00000000
---
FUNC=gh_update
STATE=0015e848
LEN=66
DATA=035a23174ebde77acd6ee84d79eae6edad137c34d735e379e20f1c7d1a3228e45a511d48974772fcef76b2975f45e596a6bd1199bf47ded304857ea239dafc1e3f38
---
FUNC=gh_final
STATE=0015e848
OUTLEN=4
OUT=68d29835
---
FUNC=gh_init
STATE=0015e848
KEYLEN=0
OUTLEN=4
---
FUNC=gh_update
STATE=0015e848
LEN=10
DATA=e0749041b22e9a5304c4
---
FUNC=gh_update
STATE=0015e848
LEN=4
DATA=00000000
---
FUNC=gh_update
STATE=0015e848
LEN=6
DATA=0e5b0d00012c
---
FUNC=gh_final
STATE=0015e848
OUTLEN=4
OUT=70befce6
---
FUNC=stream
PHASE=pre
KEY=8ef9826a8a38a0affcebe5bd4f6bf2727c86e3ff44aa56d805bf28acd80f5911
NONCE=e0749041b22e9a5304c40000000000000000000000000003
LEN=10
IN=70befce60e5b0d00012c
---
FUNC=stream
PHASE=post
KEY=8ef9826a8a38a0affcebe5bd4f6bf2727c86e3ff44aa56d805bf28acd80f5911
NONCE=e0749041b22e9a5304c40000000000000000000000000003
LEN=10
OUT=7b5be16b088294f00a33
---
FUNC=stream
PHASE=pre
KEY=47be3dffb41ea35749c9290e6d2124e6b3e3842ab4e443bd0ac41eda045c2dbe
NONCE=e0409041b22e9a532c100000000000000000000000000000
LEN=12
IN=fc24e652fe4517a07ed066a7
---
FUNC=stream
PHASE=post
KEY=47be3dffb41ea35749c9290e6d2124e6b3e3842ab4e443bd0ac41eda045c2dbe
NONCE=e0409041b22e9a532c100000000000000000000000000000
LEN=12
OUT=f3b2294c01ae94800000048f
---
FUNC=gh_init
STATE=0015e848
KEYLEN=0
OUTLEN=4
---
FUNC=gh_update
STATE=0015e848
LEN=10
DATA=e0409041b22e9a532c10
---
FUNC=gh_update
STATE=0015e848
LEN=4
DATA=00000000
---
FUNC=gh_update
STATE=0015e848
LEN=8
DATA=01ae94800000048f
---
FUNC=gh_final
STATE=0015e848
OUTLEN=4
OUT=f3b2294c
---
FUNC=stream
PHASE=pre
KEY=6125b1f2960844ebd702311ace4b75e7aa031898346f1b929c47bd3f3df9c9cb
NONCE=e0429041b22e9a532d270000000000000000000000000000
LEN=6
IN=059515f57702
---
FUNC=stream
PHASE=post
KEY=6125b1f2960844ebd702311ace4b75e7aa031898346f1b929c47bd3f3df9c9cb
NONCE=e0429041b22e9a532d270000000000000000000000000000
LEN=6
OUT=c3b3f0050100
---
FUNC=gh_init
STATE=0015e848
KEYLEN=0
OUTLEN=4
---
FUNC=gh_update
STATE=0015e848
LEN=10
DATA=e0429041b22e9a532d27
---
FUNC=gh_update
STATE=0015e848
LEN=4
DATA=00000000
---
FUNC=gh_update
STATE=0015e848
LEN=2
DATA=0100
---
FUNC=gh_final
STATE=0015e848
OUTLEN=4
OUT=c3b3f005
---
FUNC=gh_init
STATE=0015e848
KEYLEN=0
OUTLEN=4
---
FUNC=gh_update
STATE=0015e848
LEN=10
DATA=e0629041b22e9a536338
---
FUNC=gh_update
STATE=0015e848
LEN=4
DATA=00000000
---
FUNC=gh_update
STATE=0015e848
LEN=41
DATA=01011ef658dd8eed9b4f79d0ff6fbc5e85e2ac11157cd215a9c5f18f49d7dd86f2640a000203feff03
---
FUNC=gh_final
STATE=0015e848
OUTLEN=4
OUT=c2a9c01e
---
FUNC=stream
PHASE=pre
KEY=6125b1f2960844ebd702311ace4b75e7aa031898346f1b929c47bd3f3df9c9cb
NONCE=e0629041b22e9a5363380000000000000000000000000000
LEN=45
IN=c2a9c01e01011ef658dd8eed9b4f79d0ff6fbc5e85e2ac11157cd215a9c5f18f49d7dd86f2640a000203feff03
---
FUNC=stream
PHASE=post
KEY=6125b1f2960844ebd702311ace4b75e7aa031898346f1b929c47bd3f3df9c9cb
NONCE=e0629041b22e9a5363380000000000000000000000000000
LEN=45
OUT=1ffaff2908b03057854742297b842cd80820b1f5c3b43a0f7bfc4cd876fa003b7f1e3245978a65fb3698cbe826
---
FUNC=stream
PHASE=pre
KEY=6125b1f2960844ebd702311ace4b75e7aa031898346f1b929c47bd3f3df9c9cb
NONCE=e0429041b22e9a532e050000000000000000000000000000
LEN=53
IN=ce4c87ef0b41a1d64332973c21c5e78a7fc3f483556549cca81eb2246b222009d546f3852bd52e45230d73b86bfff9e814688dd9d2
---
FUNC=stream
PHASE=post
KEY=6125b1f2960844ebd702311ace4b75e7aa031898346f1b929c47bd3f3df9c9cb
NONCE=e0429041b22e9a532e050000000000000000000000000000
LEN=53
OUT=c24e18ed0102019cdef3fa83838c0c1d8541c800f4e0cbcf2d1ad3915e94427aafcb1350a9755308764bc20f2ea3e0d67503feff03
---
FUNC=gh_init
STATE=0015e848
KEYLEN=0
OUTLEN=4
---
FUNC=gh_update
STATE=0015e848
LEN=10
DATA=e0429041b22e9a532e05
---
FUNC=gh_update
STATE=0015e848
LEN=4
DATA=00000000
---
FUNC=gh_update
STATE=0015e848
LEN=49
DATA=0102019cdef3fa83838c0c1d8541c800f4e0cbcf2d1ad3915e94427aafcb1350a9755308764bc20f2ea3e0d67503feff03
---
FUNC=gh_final
STATE=0015e848
OUTLEN=4
OUT=c24e18ed
---
FUNC=scalarmult
PRIV=603ae8f84b5c6b6c674b3b81d78058e7f1e1e439037d6b6f09f7c19c8e3e0a2a
PUB=9cdef3fa83838c0c1d8541c800f4e0cbcf2d1ad3915e94427aafcb1350a97553
SHARED=e9b73cec82e4048412cda983d282718795bca889813333e6c24e21b347ddd069
RC=0
---
FUNC=gh_init
STATE=0016fa78
KEYLEN=0
OUTLEN=32
---
FUNC=gh_update
STATE=0016fa78
LEN=32
DATA=e9b73cec82e4048412cda983d282718795bca889813333e6c24e21b347ddd069
---
FUNC=gh_update
STATE=0016fa78
LEN=32
DATA=1ef658dd8eed9b4f79d0ff6fbc5e85e2ac11157cd215a9c5f18f49d7dd86f264
---
FUNC=gh_update
STATE=0016fa78
LEN=32
DATA=9cdef3fa83838c0c1d8541c800f4e0cbcf2d1ad3915e94427aafcb1350a97553
---
FUNC=gh_update
STATE=0016fa78
LEN=32
DATA=689f315cc84cae0ed76eba116a204041d7eea2c5d9a237c762b030206085eeb0
---
FUNC=gh_final
STATE=0016fa78
OUTLEN=32
OUT=5c2bb9133900d03f238f90ffa65be103bef31b30a41e538394d826081f960367
---
FUNC=stream
PHASE=pre
KEY=5c2bb9133900d03f238f90ffa65be103bef31b30a41e538394d826081f960367
NONCE=000000000000000000000000000000000000000000000000
LEN=10
IN=08764bc20f2ea3e0d675
---
FUNC=stream
PHASE=post
KEY=5c2bb9133900d03f238f90ffa65be103bef31b30a41e538394d826081f960367
NONCE=000000000000000000000000000000000000000000000000
LEN=10
OUT=9041b22e9a535a800363
---
FUNC=stream
PHASE=pre
KEY=5c2bb9133900d03f238f90ffa65be103bef31b30a41e538394d826081f960367
NONCE=000000000000000000000000000000000000000000000000
LEN=16
IN=9041b23483dc9041b22e9a535a800363
---
FUNC=stream
PHASE=post
KEY=5c2bb9133900d03f238f90ffa65be103bef31b30a41e538394d826081f960367
NONCE=000000000000000000000000000000000000000000000000
LEN=16
OUT=08764bd816a1692167380c63f81d9db2
---
FUNC=gh_init
STATE=0015e848
KEYLEN=0
OUTLEN=4
---
FUNC=gh_update
STATE=0015e848
LEN=10
DATA=e0629041b22e9a536449
---
FUNC=gh_update
STATE=0015e848
LEN=4
DATA=00000000
---
FUNC=gh_update
STATE=0015e848
LEN=18
DATA=010308764bd816a1692167380c63f81d9db2
---
FUNC=gh_final
STATE=0015e848
OUTLEN=4
OUT=f34d5b1b
---
FUNC=stream
PHASE=pre
KEY=6125b1f2960844ebd702311ace4b75e7aa031898346f1b929c47bd3f3df9c9cb
NONCE=e0629041b22e9a5364490000000000000000000000000000
LEN=22
IN=f34d5b1b010308764bd816a1692167380c63f81d9db2
---
FUNC=stream
PHASE=post
KEY=6125b1f2960844ebd702311ace4b75e7aa031898346f1b929c47bd3f3df9c9cb
NONCE=e0629041b22e9a5364490000000000000000000000000000
LEN=22
OUT=9a48890ab2fe6e0fa0d63c3eaa1b93fb098d7e6f9e4d
---
FUNC=stream
PHASE=pre
KEY=5c2bb9133900d03f238f90ffa65be103bef31b30a41e538394d826081f960367
NONCE=e0549041b22e9a5301140000000000000000000000000000
LEN=26
IN=dbfdd61bbf63f11d1375135400b51fdcbd25ad84a0412d0c80e5
---
FUNC=stream
PHASE=post
KEY=5c2bb9133900d03f238f90ffa65be103bef31b30a41e538394d826081f960367
NONCE=e0549041b22e9a5301140000000000000000000000000000
LEN=26
OUT=30527eb00c00010000000002020001808003005b0b9d00140000
---
FUNC=gh_init
STATE=0015e848
KEYLEN=0
OUTLEN=4
---
FUNC=gh_update
STATE=0015e848
LEN=10
DATA=e0549041b22e9a530114
---
FUNC=gh_update
STATE=0015e848
LEN=4
DATA=00000000
---
FUNC=gh_update
STATE=0015e848
LEN=22
DATA=0c00010000000002020001808003005b0b9d00140000
---
FUNC=gh_final
STATE=0015e848
OUTLEN=4
OUT=30527eb0
---
FUNC=gh_init
STATE=0015e848
KEYLEN=0
OUTLEN=4
---
FUNC=gh_update
STATE=0015e848
LEN=10
DATA=e0749041b22e9a5301c1
---
FUNC=gh_update
STATE=0015e848
LEN=4
DATA=00000000
---
FUNC=gh_update
STATE=0015e848
LEN=2
DATA=095d
---
FUNC=gh_final
STATE=0015e848
OUTLEN=4
OUT=b146f292
---
FUNC=stream
PHASE=pre
KEY=5c2bb9133900d03f238f90ffa65be103bef31b30a41e538394d826081f960367
NONCE=e0749041b22e9a5301c10000000000000000000000000000
LEN=6
IN=b146f292095d
---
FUNC=stream
PHASE=post
KEY=5c2bb9133900d03f238f90ffa65be103bef31b30a41e538394d826081f960367
NONCE=e0749041b22e9a5301c10000000000000000000000000000
LEN=6
OUT=61054e784b98
---
FUNC=stream
PHASE=pre
KEY=5c2bb9133900d03f238f90ffa65be103bef31b30a41e538394d826081f960367
NONCE=e0449041b22e9a5302810000000000000000000000000001
LEN=82
IN=59e246faf485d398bb5b7898db77880c22b3bc936eb00a7c3e571fd9116c40e2ca66f2a11d1f139ab2405b840064c62b8d4066a07989a00b8174b77ea744678ba2ebb6f0b92139123a42a60d7fdf200b48da
---
FUNC=stream
PHASE=post
KEY=5c2bb9133900d03f238f90ffa65be103bef31b30a41e538394d826081f960367
NONCE=e0449041b22e9a5302810000000000000000000000000001
LEN=82
OUT=9df36d710a5dae9400010001000000f5a9470452b4ba379a5749018003ab8809ac01fb03080f110e01010402010311010a0d01020e01012001011202061301040301041401011501011601010f0101100101
---
FUNC=gh_init
STATE=0015e848
KEYLEN=0
OUTLEN=4
---
FUNC=gh_update
STATE=0015e848
LEN=10
DATA=e0449041b22e9a530281
---
FUNC=gh_update
STATE=0015e848
LEN=4
DATA=00000000
---
FUNC=gh_update
STATE=0015e848
LEN=78
DATA=0a5dae9400010001000000f5a9470452b4ba379a5749018003ab8809ac01fb03080f110e01010402010311010a0d01020e01012001011202061301040301041401011501011601010f0101100101
---
FUNC=gh_final
STATE=0015e848
OUTLEN=4
OUT=9df36d71
---
FUNC=gh_init
STATE=0015e848
KEYLEN=0
OUTLEN=4
---
FUNC=gh_update
STATE=0015e848
LEN=10
DATA=e0749041b22e9a53027d
---
FUNC=gh_update
STATE=0015e848
LEN=4
DATA=00000000
---
FUNC=gh_update
STATE=0015e848
LEN=6
DATA=0b5e11010d14
---
FUNC=gh_final
STATE=0015e848
OUTLEN=4
OUT=03e23836
---
FUNC=stream
PHASE=pre
KEY=5c2bb9133900d03f238f90ffa65be103bef31b30a41e538394d826081f960367
NONCE=e0749041b22e9a53027d0000000000000000000000000001
LEN=10
IN=03e238360b5e11010d14
---
FUNC=stream
PHASE=post
KEY=5c2bb9133900d03f238f90ffa65be103bef31b30a41e538394d826081f960367
NONCE=e0749041b22e9a53027d0000000000000000000000000001
LEN=10
OUT=2edc133bbee615ad0e9c
---
FUNC=stream
PHASE=pre
KEY=5c2bb9133900d03f238f90ffa65be103bef31b30a41e538394d826081f960367
NONCE=e0449041b22e9a5303820000000000000000000000000001
LEN=31
IN=91ea73076fa709ba0c360994fb063227adf5191a74a07f68a576ef1871cb88
---
FUNC=stream
PHASE=post
KEY=5c2bb9133900d03f238f90ffa65be103bef31b30a41e538394d826081f960367
NONCE=e0449041b22e9a5303820000000000000000000000000001
LEN=31
OUT=5b9872a10c5e010000000008110000010001000000f5a9470d00012c140000
---
FUNC=gh_init
STATE=0015e848
KEYLEN=0
OUTLEN=4
---
FUNC=gh_update
STATE=0015e848
LEN=10
DATA=e0449041b22e9a530382
---
FUNC=gh_update
STATE=0015e848
LEN=4
DATA=00000000
---
FUNC=gh_update
STATE=0015e848
LEN=27
DATA=0c5e010000000008110000010001000000f5a9470d00012c140000
---
FUNC=gh_final
STATE=0015e848
OUTLEN=4
OUT=5b9872a1
---
FUNC=gh_init
STATE=0015e848
KEYLEN=0
OUTLEN=4
---
FUNC=gh_update
STATE=0015e848
LEN=10
DATA=e0749041b22e9a530342
---
FUNC=gh_update
STATE=0015e848
LEN=4
DATA=00000000
---
FUNC=gh_update
STATE=0015e848
LEN=2
DATA=095f
---
FUNC=gh_final
STATE=0015e848
OUTLEN=4
OUT=974e0877
---
FUNC=stream
PHASE=pre
KEY=5c2bb9133900d03f238f90ffa65be103bef31b30a41e538394d826081f960367
NONCE=e0749041b22e9a5303420000000000000000000000000002
LEN=6
IN=974e0877095f
---
FUNC=stream
PHASE=post
KEY=5c2bb9133900d03f238f90ffa65be103bef31b30a41e538394d826081f960367
NONCE=e0749041b22e9a5303420000000000000000000000000002
LEN=6
OUT=8b0a5fa1bd79
---
FUNC=stream
PHASE=pre
KEY=5c2bb9133900d03f238f90ffa65be103bef31b30a41e538394d826081f960367
NONCE=e0449041b22e9a5304830000000000000000000000000001
LEN=82
IN=e1badc0eee0bcb1e29a71d24c211f88ecceb8cd1077a33080852d9f6285737bfa2acb2a2d59a9030370bcd930ac5b06334f8f20e02cea2e615360ce7e7769d0241f0b1ab02db5bee43ef197575b0ad3a3a63
---
FUNC=stream
PHASE=post
KEY=5c2bb9133900d03f238f90ffa65be103bef31b30a41e538394d826081f960367
NONCE=e0449041b22e9a5304830000000000000000000000000001
LEN=82
OUT=e021fccb0a5fae9400010001000000f5a9470452b4ba379a5749018003ab8809ac01fb03080f110e01010402010311010a0d01020e01012001011202061301040301041401011501011601010f0101100101
---
FUNC=gh_init
STATE=0015e848
KEYLEN=0
OUTLEN=4
---
FUNC=gh_update
STATE=0015e848
LEN=10
DATA=e0449041b22e9a530483
---
FUNC=gh_update
STATE=0015e848
LEN=4
DATA=00000000
---
FUNC=gh_update
STATE=0015e848
LEN=78
DATA=0a5fae9400010001000000f5a9470452b4ba379a5749018003ab8809ac01fb03080f110e01010402010311010a0d01020e01012001011202061301040301041401011501011601010f0101100101
---
FUNC=gh_final
STATE=0015e848
OUTLEN=4
OUT=e021fccb
---
FUNC=gh_init
STATE=0015e848
KEYLEN=0
OUTLEN=4
---
FUNC=gh_update
STATE=0015e848
LEN=10
DATA=e0749041b22e9a530465
---
FUNC=gh_update
STATE=0015e848
LEN=4
DATA=00000000
---
FUNC=gh_update
STATE=0015e848
LEN=6
DATA=0b6011010d14
---
FUNC=gh_final
STATE=0015e848
OUTLEN=4
OUT=8cb65123
---
FUNC=stream
PHASE=pre
KEY=5c2bb9133900d03f238f90ffa65be103bef31b30a41e538394d826081f960367
NONCE=e0749041b22e9a5304650000000000000000000000000003
LEN=10
IN=8cb651230b6011010d14
---
FUNC=stream
PHASE=post
KEY=5c2bb9133900d03f238f90ffa65be103bef31b30a41e538394d826081f960367
NONCE=e0749041b22e9a5304650000000000000000000000000003
LEN=10
OUT=d6fa8833309356800253
---
FUNC=stream
PHASE=pre
KEY=5c2bb9133900d03f238f90ffa65be103bef31b30a41e538394d826081f960367
NONCE=e0449041b22e9a5305840000000000000000000000000001
LEN=31
IN=7527691c1162260f98831b5e93bd964c53d47867b38f41ed0ad7983ca6b195
---
FUNC=stream
PHASE=post
KEY=5c2bb9133900d03f238f90ffa65be103bef31b30a41e538394d826081f960367
NONCE=e0449041b22e9a5305840000000000000000000000000001
LEN=31
OUT=ed3cab030c6001000000000b110000010001000000f5a9470d00012c140000
---
FUNC=gh_init
STATE=0015e848
KEYLEN=0
OUTLEN=4
---
FUNC=gh_update
STATE=0015e848
LEN=10
DATA=e0449041b22e9a530584
---
FUNC=gh_update
STATE=0015e848
LEN=4
DATA=00000000
---
FUNC=gh_update
STATE=0015e848
LEN=27
DATA=0c6001000000000b110000010001000000f5a9470d00012c140000
---
FUNC=gh_final
STATE=0015e848
OUTLEN=4
OUT=ed3cab03
---
FUNC=gh_init
STATE=0015e848
KEYLEN=0
OUTLEN=4
---
FUNC=gh_update
STATE=0015e848
LEN=10
DATA=e0749041b22e9a530578
---
FUNC=gh_update
STATE=0015e848
LEN=4
DATA=00000000
---
FUNC=gh_update
STATE=0015e848
LEN=6
DATA=0b6111010d14
---
FUNC=gh_final
STATE=0015e848
OUTLEN=4
OUT=8cacf45e
---
FUNC=stream
PHASE=pre
KEY=5c2bb9133900d03f238f90ffa65be103bef31b30a41e538394d826081f960367
NONCE=e0749041b22e9a5305780000000000000000000000000004
LEN=10
IN=8cacf45e0b6111010d14
---
FUNC=stream
PHASE=post
KEY=5c2bb9133900d03f238f90ffa65be103bef31b30a41e538394d826081f960367
NONCE=e0749041b22e9a5305780000000000000000000000000004
LEN=10
OUT=e66b46022b99bb36e5ae
---
FUNC=stream
PHASE=pre
KEY=5c2bb9133900d03f238f90ffa65be103bef31b30a41e538394d826081f960367
NONCE=e0449041b22e9a5306850000000000000000000000000001
LEN=31
IN=773fff166c7dae997ca572a517aaace2b62371c967d50e8187ac2040f24d39
---
FUNC=stream
PHASE=post
KEY=5c2bb9133900d03f238f90ffa65be103bef31b30a41e538394d826081f960367
NONCE=e0449041b22e9a5306850000000000000000000000000001
LEN=31
OUT=51b42ec40c6101000000000c110000010001000000f5a9470d00012c140000
---
FUNC=gh_init
STATE=0015e848
KEYLEN=0
OUTLEN=4
---
FUNC=gh_update
STATE=0015e848
LEN=10
DATA=e0449041b22e9a530685
---
FUNC=gh_update
STATE=0015e848
LEN=4
DATA=00000000
---
FUNC=gh_update
STATE=0015e848
LEN=27
DATA=0c6101000000000c110000010001000000f5a9470d00012c140000
---
FUNC=gh_final
STATE=0015e848
OUTLEN=4
OUT=51b42ec4
---
FUNC=gh_init
STATE=0015e848
KEYLEN=0
OUTLEN=4
---
FUNC=gh_update
STATE=0015e848
LEN=10
DATA=e0749041b22e9a530660
---
FUNC=gh_update
STATE=0015e848
LEN=4
DATA=00000000
---
FUNC=gh_update
STATE=0015e848
LEN=6
DATA=0e620d00012c
---
FUNC=gh_final
STATE=0015e848
OUTLEN=4
OUT=853d018d
---
FUNC=stream
PHASE=pre
KEY=5c2bb9133900d03f238f90ffa65be103bef31b30a41e538394d826081f960367
NONCE=e0749041b22e9a5306600000000000000000000000000005
LEN=10
IN=853d018d0e620d00012c
---
FUNC=stream
PHASE=post
KEY=5c2bb9133900d03f238f90ffa65be103bef31b30a41e538394d826081f960367
NONCE=e0749041b22e9a5306600000000000000000000000000005
LEN=10
OUT=f123100f2bba0963dda0
---
FUNC=stream
PHASE=pre
KEY=5c2bb9133900d03f238f90ffa65be103bef31b30a41e538394d826081f960367
NONCE=e0449041b22e9a5307860000000000000000000000000001
LEN=10
IN=83f52f5318dd1cd148ab
---
FUNC=stream
PHASE=post
KEY=5c2bb9133900d03f238f90ffa65be103bef31b30a41e538394d826081f960367
NONCE=e0449041b22e9a5307860000000000000000000000000001
LEN=10
OUT=c1fef8c10c620d00012c
---
FUNC=gh_init
STATE=0015e848
KEYLEN=0
OUTLEN=4
---
FUNC=gh_update
STATE=0015e848
LEN=10
DATA=e0449041b22e9a530786
---
FUNC=gh_update
STATE=0015e848
LEN=4
DATA=00000000
---
FUNC=gh_update
STATE=0015e848
LEN=6
DATA=0c620d00012c
---
FUNC=gh_final
STATE=0015e848
OUTLEN=4
OUT=c1fef8c1
---
FUNC=gh_init
STATE=0015e848
KEYLEN=0
OUTLEN=4
---
FUNC=gh_update
STATE=0015e848
LEN=10
DATA=e0749041b22e9a53076b
---
FUNC=gh_update
STATE=0015e848
LEN=4
DATA=00000000
---
FUNC=gh_update
STATE=0015e848
LEN=6
DATA=0e630d00012c
---
FUNC=gh_final
STATE=0015e848
OUTLEN=4
OUT=363d9faf
---
FUNC=stream
PHASE=pre
KEY=5c2bb9133900d03f238f90ffa65be103bef31b30a41e538394d826081f960367
NONCE=e0749041b22e9a53076b0000000000000000000000000006
LEN=10
IN=363d9faf0e630d00012c
---
FUNC=stream
PHASE=post
KEY=5c2bb9133900d03f238f90ffa65be103bef31b30a41e538394d826081f960367
NONCE=e0749041b22e9a53076b0000000000000000000000000006
LEN=10
OUT=507b913b489aedfccc9c
---
FUNC=stream
PHASE=pre
KEY=5c2bb9133900d03f238f90ffa65be103bef31b30a41e538394d826081f960367
NONCE=e0449041b22e9a5308870000000000000000000000000001
LEN=10
IN=cea9d524f99f03da78da
---
FUNC=stream
PHASE=post
KEY=5c2bb9133900d03f238f90ffa65be103bef31b30a41e538394d826081f960367
NONCE=e0449041b22e9a5308870000000000000000000000000001
LEN=10
OUT=a63818dd0c630d00012c
---
FUNC=gh_init
STATE=0015e848
KEYLEN=0
OUTLEN=4
---
FUNC=gh_update
STATE=0015e848
LEN=10
DATA=e0449041b22e9a530887
---
FUNC=gh_update
STATE=0015e848
LEN=4
DATA=00000000
---
FUNC=gh_update
STATE=0015e848
LEN=6
DATA=0c630d00012c
---
FUNC=gh_final
STATE=0015e848
OUTLEN=4
OUT=a63818dd
---
FUNC=gh_init
STATE=0015e848
KEYLEN=0
OUTLEN=4
---
FUNC=gh_update
STATE=0015e848
LEN=10
DATA=e0749041b22e9a53081a
---
FUNC=gh_update
STATE=0015e848
LEN=4
DATA=00000000
---
FUNC=gh_update
STATE=0015e848
LEN=5
DATA=0e64150001
---
FUNC=gh_final
STATE=0015e848
OUTLEN=4
OUT=6b57e5c3
---
FUNC=stream
PHASE=pre
KEY=5c2bb9133900d03f238f90ffa65be103bef31b30a41e538394d826081f960367
NONCE=e0749041b22e9a53081a0000000000000000000000000007
LEN=9
IN=6b57e5c30e64150001
---
FUNC=stream
PHASE=post
KEY=5c2bb9133900d03f238f90ffa65be103bef31b30a41e538394d826081f960367
NONCE=e0749041b22e9a53081a0000000000000000000000000007
LEN=9
OUT=762233c3b132ea45a2
---
FUNC=stream
PHASE=pre
KEY=5c2bb9133900d03f238f90ffa65be103bef31b30a41e538394d826081f960367
NONCE=e0449041b22e9a5309880000000000000000000000000001
LEN=9
IN=a36329a2601dd51f50
---
FUNC=stream
PHASE=post
KEY=5c2bb9133900d03f238f90ffa65be103bef31b30a41e538394d826081f960367
NONCE=e0449041b22e9a5309880000000000000000000000000001
LEN=9
OUT=fcf447380c64150001
---
FUNC=gh_init
STATE=0015e848
KEYLEN=0
OUTLEN=4
---
FUNC=gh_update
STATE=0015e848
LEN=10
DATA=e0449041b22e9a530988
---
FUNC=gh_update
STATE=0015e848
LEN=4
DATA=00000000
---
FUNC=gh_update
STATE=0015e848
LEN=5
DATA=0c64150001
---
FUNC=gh_final
STATE=0015e848
OUTLEN=4
OUT=fcf44738
---
FUNC=stream
PHASE=pre
KEY=47be3dffb41ea35749c9290e6d2124e6b3e3842ab4e443bd0ac41eda045c2dbe
NONCE=e0409041b22e9a532f030000000000000000000000000000
LEN=12
IN=86252b6dd80c27cd971673dc
---
FUNC=stream
PHASE=post
KEY=47be3dffb41ea35749c9290e6d2124e6b3e3842ab4e443bd0ac41eda045c2dbe
NONCE=e0409041b22e9a532f030000000000000000000000000000
LEN=12
OUT=30f66ced01ae94c10000048f
---
FUNC=gh_init
STATE=0015e848
KEYLEN=0
OUTLEN=4
---
FUNC=gh_update
STATE=0015e848
LEN=10
DATA=e0409041b22e9a532f03
---
FUNC=gh_update
STATE=0015e848
LEN=4
DATA=00000000
---
FUNC=gh_update
STATE=0015e848
LEN=8
DATA=01ae94c10000048f
---
FUNC=gh_final
STATE=0015e848
OUTLEN=4
OUT=30f66ced
---
FUNC=stream
PHASE=pre
KEY=5c2bb9133900d03f238f90ffa65be103bef31b30a41e538394d826081f960367
NONCE=e0439041b22e9a530a0f0000000000000000000000000001
LEN=6
IN=0e2cea853bf0
---
FUNC=stream
PHASE=post
KEY=5c2bb9133900d03f238f90ffa65be103bef31b30a41e538394d826081f960367
NONCE=e0439041b22e9a530a0f0000000000000000000000000001
LEN=6
OUT=d2f4c9d00100
---
FUNC=gh_init
STATE=0015e848
KEYLEN=0
OUTLEN=4
---
FUNC=gh_update
STATE=0015e848
LEN=10
DATA=e0439041b22e9a530a0f
---
FUNC=gh_update
STATE=0015e848
LEN=4
DATA=00000000
---
FUNC=gh_update
STATE=0015e848
LEN=2
DATA=0100
---
FUNC=gh_final
STATE=0015e848
OUTLEN=4
OUT=d2f4c9d0
---
FUNC=stream
PHASE=pre
KEY=47be3dffb41ea35749c9290e6d2124e6b3e3842ab4e443bd0ac41eda045c2dbe
NONCE=e0409041b22e9a5330320000000000000000000000000000
LEN=12
IN=74c1dd887d5c734717be777a
---
FUNC=stream
PHASE=post
KEY=47be3dffb41ea35749c9290e6d2124e6b3e3842ab4e443bd0ac41eda045c2dbe
NONCE=e0409041b22e9a5330320000000000000000000000000000
LEN=12
OUT=e9b2cafd01ae94c20000048f
---
FUNC=gh_init
STATE=0015e848
KEYLEN=0
OUTLEN=4
---
FUNC=gh_update
STATE=0015e848
LEN=10
DATA=e0409041b22e9a533032
---
FUNC=gh_update
STATE=0015e848
LEN=4
DATA=00000000
---
FUNC=gh_update
STATE=0015e848
LEN=8
DATA=01ae94c20000048f
---
FUNC=gh_final
STATE=0015e848
OUTLEN=4
OUT=e9b2cafd
---
FUNC=stream
PHASE=pre
KEY=5c2bb9133900d03f238f90ffa65be103bef31b30a41e538394d826081f960367
NONCE=e0439041b22e9a530b360000000000000000000000000001
LEN=6
IN=3bf4b353cbc6
---
FUNC=stream
PHASE=post
KEY=5c2bb9133900d03f238f90ffa65be103bef31b30a41e538394d826081f960367
NONCE=e0439041b22e9a530b360000000000000000000000000001
LEN=6
OUT=9d36bdd10100
---
FUNC=gh_init
STATE=0015e848
KEYLEN=0
OUTLEN=4
---
FUNC=gh_update
STATE=0015e848
LEN=10
DATA=e0439041b22e9a530b36
---
FUNC=gh_update
STATE=0015e848
LEN=4
DATA=00000000
---
FUNC=gh_update
STATE=0015e848
LEN=2
DATA=0100
---
FUNC=gh_final
STATE=0015e848
OUTLEN=4
OUT=9d36bdd1
---
FUNC=stream
PHASE=pre
KEY=47be3dffb41ea35749c9290e6d2124e6b3e3842ab4e443bd0ac41eda045c2dbe
NONCE=e0409041b22e9a5331220000000000000000000000000000
LEN=12
IN=62d8cd0564e8b977341bedd4
---
FUNC=stream
PHASE=post
KEY=47be3dffb41ea35749c9290e6d2124e6b3e3842ab4e443bd0ac41eda045c2dbe
NONCE=e0409041b22e9a5331220000000000000000000000000000
LEN=12
OUT=86925a3501ae94c30000048f
---
FUNC=gh_init
STATE=0015e848
KEYLEN=0
OUTLEN=4
---
FUNC=gh_update
STATE=0015e848
LEN=10
DATA=e0409041b22e9a533122
---
FUNC=gh_update
STATE=0015e848
LEN=4
DATA=00000000
---
FUNC=gh_update
STATE=0015e848
LEN=8
DATA=01ae94c30000048f
---
FUNC=gh_final
STATE=0015e848
OUTLEN=4
OUT=86925a35
---
FUNC=stream
PHASE=pre
KEY=5c2bb9133900d03f238f90ffa65be103bef31b30a41e538394d826081f960367
NONCE=e0439041b22e9a530c360000000000000000000000000001
LEN=6
IN=0395543bea0b
---
FUNC=stream
PHASE=post
KEY=5c2bb9133900d03f238f90ffa65be103bef31b30a41e538394d826081f960367
NONCE=e0439041b22e9a530c360000000000000000000000000001
LEN=6
OUT=b3bcec690100
---
FUNC=gh_init
STATE=0015e848
KEYLEN=0
OUTLEN=4
---
FUNC=gh_update
STATE=0015e848
LEN=10
DATA=e0439041b22e9a530c36
---
FUNC=gh_update
STATE=0015e848
LEN=4
DATA=00000000
---
FUNC=gh_update
STATE=0015e848
LEN=2
DATA=0100
---
FUNC=gh_final
STATE=0015e848
OUTLEN=4
OUT=b3bcec69
---
FUNC=stream
PHASE=pre
KEY=47be3dffb41ea35749c9290e6d2124e6b3e3842ab4e443bd0ac41eda045c2dbe
NONCE=e0409041b22e9a5332010000000000000000000000000000
LEN=12
IN=57910a99e3b7146bff6f1375
---
FUNC=stream
PHASE=post
KEY=47be3dffb41ea35749c9290e6d2124e6b3e3842ab4e443bd0ac41eda045c2dbe
NONCE=e0409041b22e9a5332010000000000000000000000000000
LEN=12
OUT=6282fee001ae94c40000048f
---
FUNC=gh_init
STATE=0015e848
KEYLEN=0
OUTLEN=4
---
FUNC=gh_update
STATE=0015e848
LEN=10
DATA=e0409041b22e9a533201
---
FUNC=gh_update
STATE=0015e848
LEN=4
DATA=00000000
---
FUNC=gh_update
STATE=0015e848
LEN=8
DATA=01ae94c40000048f
---
FUNC=gh_final
STATE=0015e848
OUTLEN=4
OUT=6282fee0
---
FUNC=stream
PHASE=pre
KEY=5c2bb9133900d03f238f90ffa65be103bef31b30a41e538394d826081f960367
NONCE=e0439041b22e9a530d300000000000000000000000000001
LEN=6
IN=75bf3e6b3320
---
FUNC=stream
PHASE=post
KEY=5c2bb9133900d03f238f90ffa65be103bef31b30a41e538394d826081f960367
NONCE=e0439041b22e9a530d300000000000000000000000000001
LEN=6
OUT=4305abf30100
---
FUNC=gh_init
STATE=0015e848
KEYLEN=0
OUTLEN=4
---
FUNC=gh_update
STATE=0015e848
LEN=10
DATA=e0439041b22e9a530d30
---
FUNC=gh_update
STATE=0015e848
LEN=4
DATA=00000000
---
FUNC=gh_update
STATE=0015e848
LEN=2
DATA=0100
---
FUNC=gh_final
STATE=0015e848
OUTLEN=4
OUT=4305abf3
---
FUNC=stream
PHASE=pre
KEY=47be3dffb41ea35749c9290e6d2124e6b3e3842ab4e443bd0ac41eda045c2dbe
NONCE=e0409041b22e9a5333290000000000000000000000000000
LEN=12
IN=0288fff0f9e03dac48c4ba35
---
FUNC=stream
PHASE=post
KEY=47be3dffb41ea35749c9290e6d2124e6b3e3842ab4e443bd0ac41eda045c2dbe
NONCE=e0409041b22e9a5333290000000000000000000000000000
LEN=12
OUT=41243ef301ae94c50000048f
---
FUNC=gh_init
STATE=0015e848
KEYLEN=0
OUTLEN=4
---
FUNC=gh_update
STATE=0015e848
LEN=10
DATA=e0409041b22e9a533329
---
FUNC=gh_update
STATE=0015e848
LEN=4
DATA=00000000
---
FUNC=gh_update
STATE=0015e848
LEN=8
DATA=01ae94c50000048f
---
FUNC=gh_final
STATE=0015e848
OUTLEN=4
OUT=41243ef3
---
FUNC=stream
PHASE=pre
KEY=5c2bb9133900d03f238f90ffa65be103bef31b30a41e538394d826081f960367
NONCE=e0439041b22e9a530e330000000000000000000000000001
LEN=6
IN=98f20dba4de7
---
FUNC=stream
PHASE=post
KEY=5c2bb9133900d03f238f90ffa65be103bef31b30a41e538394d826081f960367
NONCE=e0439041b22e9a530e330000000000000000000000000001
LEN=6
OUT=6499f6de0100
---
FUNC=gh_init
STATE=0015e848
KEYLEN=0
OUTLEN=4
---
FUNC=gh_update
STATE=0015e848
LEN=10
DATA=e0439041b22e9a530e33
---
FUNC=gh_update
STATE=0015e848
LEN=4
DATA=00000000
---
FUNC=gh_update
STATE=0015e848
LEN=2
DATA=0100
---
FUNC=gh_final
STATE=0015e848
OUTLEN=4
OUT=6499f6de
---
FUNC=stream
PHASE=pre
KEY=47be3dffb41ea35749c9290e6d2124e6b3e3842ab4e443bd0ac41eda045c2dbe
NONCE=e0409041b22e9a5334330000000000000000000000000000
LEN=12
IN=9ff430e8fbf0d1771a05280c
---
FUNC=stream
PHASE=post
KEY=47be3dffb41ea35749c9290e6d2124e6b3e3842ab4e443bd0ac41eda045c2dbe
NONCE=e0409041b22e9a5334330000000000000000000000000000
LEN=12
OUT=e0f9b4bb01ae94c60000048f
---
FUNC=gh_init
STATE=0015e848
KEYLEN=0
OUTLEN=4
---
FUNC=gh_update
STATE=0015e848
LEN=10
DATA=e0409041b22e9a533433
---
FUNC=gh_update
STATE=0015e848
LEN=4
DATA=00000000
---
FUNC=gh_update
STATE=0015e848
LEN=8
DATA=01ae94c60000048f
---
FUNC=gh_final
STATE=0015e848
OUTLEN=4
OUT=e0f9b4bb
---
FUNC=stream
PHASE=pre
KEY=5c2bb9133900d03f238f90ffa65be103bef31b30a41e538394d826081f960367
NONCE=e0439041b22e9a530f050000000000000000000000000001
LEN=6
IN=d463b91e0941
---
FUNC=stream
PHASE=post
KEY=5c2bb9133900d03f238f90ffa65be103bef31b30a41e538394d826081f960367
NONCE=e0439041b22e9a530f050000000000000000000000000001
LEN=6
OUT=ebf6e59a0100
---
FUNC=gh_init
STATE=0015e848
KEYLEN=0
OUTLEN=4
---
FUNC=gh_update
STATE=0015e848
LEN=10
DATA=e0439041b22e9a530f05
---
FUNC=gh_update
STATE=0015e848
LEN=4
DATA=00000000
---
FUNC=gh_update
STATE=0015e848
LEN=2
DATA=0100
---
FUNC=gh_final
STATE=0015e848
OUTLEN=4
OUT=ebf6e59a
---
FUNC=stream
PHASE=pre
KEY=47be3dffb41ea35749c9290e6d2124e6b3e3842ab4e443bd0ac41eda045c2dbe
NONCE=e0409041b22e9a53353c0000000000000000000000000000
LEN=12
IN=400524fe91c00bda1f12933a
---
FUNC=stream
PHASE=post
KEY=47be3dffb41ea35749c9290e6d2124e6b3e3842ab4e443bd0ac41eda045c2dbe
NONCE=e0409041b22e9a53353c0000000000000000000000000000
LEN=12
OUT=480efc0001ae94c70000048f
---
FUNC=gh_init
STATE=0015e848
KEYLEN=0
OUTLEN=4
---
FUNC=gh_update
STATE=0015e848
LEN=10
DATA=e0409041b22e9a53353c
---
FUNC=gh_update
STATE=0015e848
LEN=4
DATA=00000000
---
FUNC=gh_update
STATE=0015e848
LEN=8
DATA=01ae94c70000048f
---
FUNC=gh_final
STATE=0015e848
OUTLEN=4
OUT=480efc00
---
FUNC=stream
PHASE=pre
KEY=5c2bb9133900d03f238f90ffa65be103bef31b30a41e538394d826081f960367
NONCE=e0439041b22e9a5310090000000000000000000000000001
LEN=6
IN=c1026ca618f9
---
FUNC=stream
PHASE=post
KEY=5c2bb9133900d03f238f90ffa65be103bef31b30a41e538394d826081f960367
NONCE=e0439041b22e9a5310090000000000000000000000000001
LEN=6
OUT=3597afa50100
---
FUNC=gh_init
STATE=0015e848
KEYLEN=0
OUTLEN=4
---
FUNC=gh_update
STATE=0015e848
LEN=10
DATA=e0439041b22e9a531009
---
FUNC=gh_update
STATE=0015e848
LEN=4
DATA=00000000
---
FUNC=gh_update
STATE=0015e848
LEN=2
DATA=0100
---
FUNC=gh_final
STATE=0015e848
OUTLEN=4
OUT=3597afa5
---
FUNC=stream
PHASE=pre
KEY=47be3dffb41ea35749c9290e6d2124e6b3e3842ab4e443bd0ac41eda045c2dbe
NONCE=e0409041b22e9a5336230000000000000000000000000000
LEN=12
IN=81f5f60d47cdefcc4185a22d
---
FUNC=stream
PHASE=post
KEY=47be3dffb41ea35749c9290e6d2124e6b3e3842ab4e443bd0ac41eda045c2dbe
NONCE=e0409041b22e9a5336230000000000000000000000000000
LEN=12
OUT=4c833dd901ae94c80000048f
---
FUNC=gh_init
STATE=0015e848
KEYLEN=0
OUTLEN=4
---
FUNC=gh_update
STATE=0015e848
LEN=10
DATA=e0409041b22e9a533623
---
FUNC=gh_update
STATE=0015e848
LEN=4
DATA=00000000
---
FUNC=gh_update
STATE=0015e848
LEN=8
DATA=01ae94c80000048f
---
FUNC=gh_final
STATE=0015e848
OUTLEN=4
OUT=4c833dd9
---
FUNC=stream
PHASE=pre
KEY=5c2bb9133900d03f238f90ffa65be103bef31b30a41e538394d826081f960367
NONCE=e0439041b22e9a5311360000000000000000000000000001
LEN=6
IN=8c570e8508c7
---
FUNC=stream
PHASE=post
KEY=5c2bb9133900d03f238f90ffa65be103bef31b30a41e538394d826081f960367
NONCE=e0439041b22e9a5311360000000000000000000000000001
LEN=6
OUT=d69381390100
---
FUNC=gh_init
STATE=0015e848
KEYLEN=0
OUTLEN=4
---
FUNC=gh_update
STATE=0015e848
LEN=10
DATA=e0439041b22e9a531136
---
FUNC=gh_update
STATE=0015e848
LEN=4
DATA=00000000
---
FUNC=gh_update
STATE=0015e848
LEN=2
DATA=0100
---
FUNC=gh_final
STATE=0015e848
OUTLEN=4
OUT=d6938139
---
FUNC=stream
PHASE=pre
KEY=47be3dffb41ea35749c9290e6d2124e6b3e3842ab4e443bd0ac41eda045c2dbe
NONCE=e0409041b22e9a5337010000000000000000000000000000
LEN=12
IN=c87352b6ff28fceeb4d4fc62
---
FUNC=stream
PHASE=post
KEY=47be3dffb41ea35749c9290e6d2124e6b3e3842ab4e443bd0ac41eda045c2dbe
NONCE=e0409041b22e9a5337010000000000000000000000000000
LEN=12
OUT=7c3d3e4a01ae94c90000048f
---
FUNC=gh_init
STATE=0015e848
KEYLEN=0
OUTLEN=4
---
FUNC=gh_update
STATE=0015e848
LEN=10
DATA=e0409041b22e9a533701
---
FUNC=gh_update
STATE=0015e848
LEN=4
DATA=00000000
---
FUNC=gh_update
STATE=0015e848
LEN=8
DATA=01ae94c90000048f
---
FUNC=gh_final
STATE=0015e848
OUTLEN=4
OUT=7c3d3e4a
---
FUNC=stream
PHASE=pre
KEY=5c2bb9133900d03f238f90ffa65be103bef31b30a41e538394d826081f960367
NONCE=e0439041b22e9a53122f0000000000000000000000000001
LEN=6
IN=b19d2b7fe9c7
---
FUNC=stream
PHASE=post
KEY=5c2bb9133900d03f238f90ffa65be103bef31b30a41e538394d826081f960367
NONCE=e0439041b22e9a53122f0000000000000000000000000001
LEN=6
OUT=990619350100
---
FUNC=gh_init
STATE=0015e848
KEYLEN=0
OUTLEN=4
---
FUNC=gh_update
STATE=0015e848
LEN=10
DATA=e0439041b22e9a53122f
---
FUNC=gh_update
STATE=0015e848
LEN=4
DATA=00000000
---
FUNC=gh_update
STATE=0015e848
LEN=2
DATA=0100
---
FUNC=gh_final
STATE=0015e848
OUTLEN=4
OUT=99061935
---
FUNC=stream
PHASE=pre
KEY=47be3dffb41ea35749c9290e6d2124e6b3e3842ab4e443bd0ac41eda045c2dbe
NONCE=e0409041b22e9a5338180000000000000000000000000000
LEN=12
IN=24f504e2c1cd3d0776acf834
---
FUNC=stream
PHASE=post
KEY=47be3dffb41ea35749c9290e6d2124e6b3e3842ab4e443bd0ac41eda045c2dbe
NONCE=e0409041b22e9a5338180000000000000000000000000000
LEN=12
OUT=98fa80c701ae94ca0000048f
---
FUNC=gh_init
STATE=0015e848
KEYLEN=0
OUTLEN=4
---
FUNC=gh_update
STATE=0015e848
LEN=10
DATA=e0409041b22e9a533818
---
FUNC=gh_update
STATE=0015e848
LEN=4
DATA=00000000
---
FUNC=gh_update
STATE=0015e848
LEN=8
DATA=01ae94ca0000048f
---
FUNC=gh_final
STATE=0015e848
OUTLEN=4
OUT=98fa80c7
---
FUNC=stream
PHASE=pre
KEY=5c2bb9133900d03f238f90ffa65be103bef31b30a41e538394d826081f960367
NONCE=e0549041b22e9a53133a0000000000000000000000000001
LEN=23
IN=f5e25e252e575f48c661db4472ea34b5285e902d5b6d6f
---
FUNC=stream
PHASE=post
KEY=5c2bb9133900d03f238f90ffa65be103bef31b30a41e538394d826081f960367
NONCE=e0549041b22e9a53133a0000000000000000000000000001
LEN=23
OUT=d46c37bb0c0001000000013a020064dd0803005b0b9d00
---
FUNC=gh_init
STATE=0015e848
KEYLEN=0
OUTLEN=4
---
FUNC=gh_update
STATE=0015e848
LEN=10
DATA=e0549041b22e9a53133a
---
FUNC=gh_update
STATE=0015e848
LEN=4
DATA=00000000
---
FUNC=gh_update
STATE=0015e848
LEN=19
DATA=0c0001000000013a020064dd0803005b0b9d00
---
FUNC=gh_final
STATE=0015e848
OUTLEN=4
OUT=d46c37bb
---
FUNC=gh_init
STATE=0015e848
KEYLEN=0
OUTLEN=4
---
FUNC=gh_update
STATE=0015e848
LEN=10
DATA=e0639041b22e9a530993
---
FUNC=gh_update
STATE=0015e848
LEN=4
DATA=00000000
---
FUNC=gh_update
STATE=0015e848
LEN=2
DATA=0100
---
FUNC=gh_final
STATE=0015e848
OUTLEN=4
OUT=5a4c667a
---
FUNC=stream
PHASE=pre
KEY=5c2bb9133900d03f238f90ffa65be103bef31b30a41e538394d826081f960367
NONCE=e0639041b22e9a5309930000000000000000000000000008
LEN=6
IN=5a4c667a0100
---
FUNC=stream
PHASE=post
KEY=5c2bb9133900d03f238f90ffa65be103bef31b30a41e538394d826081f960367
NONCE=e0639041b22e9a5309930000000000000000000000000008
LEN=6
OUT=dfdc6217b479
---
FUNC=stream
PHASE=pre
KEY=47be3dffb41ea35749c9290e6d2124e6b3e3842ab4e443bd0ac41eda045c2dbe
NONCE=e0409041b22e9a5339330000000000000000000000000000
LEN=12
IN=9539c5166a6e74a9b0f08c62
---
FUNC=stream
PHASE=post
KEY=47be3dffb41ea35749c9290e6d2124e6b3e3842ab4e443bd0ac41eda045c2dbe
NONCE=e0409041b22e9a5339330000000000000000000000000000
LEN=12
OUT=4ef3a7df01ae94cb0000048f
---
FUNC=gh_init
STATE=0015e848
KEYLEN=0
OUTLEN=4
---
FUNC=gh_update
STATE=0015e848
LEN=10
DATA=e0409041b22e9a533933
---
FUNC=gh_update
STATE=0015e848
LEN=4
DATA=00000000
---
FUNC=gh_update
STATE=0015e848
LEN=8
DATA=01ae94cb0000048f
---
FUNC=gh_final
STATE=0015e848
OUTLEN=4
OUT=4ef3a7df
---
