FUNC=randombytes
RA=0003af2f
LEN=32
BUF=21479b5e00c8539279d8c9fbc5377c3be4f04855c84f35ae75b2fb1b7f43f8f9
---
FUNC=randombytes
RA=0003af2f
LEN=32
BUF=d54e14a2e222ab6d23b5a340d32e42c26c03b03e6b9ecb559157df4a3ba7b4ba
---
FUNC=scalarmult
RA=0003afb3
PRIV=d54e14a2e222ab6d23b5a340d32e42c26c03b03e6b9ecb559157df4a3ba7b4ba
PUB=9adb59f1d27edde1824ce3fc2d45aea40f3fe6e9e49cd65f32f5fe4eabbb1b4f
SHARED=68f0c1f8a14d9dce1b1bbe6089a17974fa03d0ba85672ea4415973631437ab73
RC=0
---
FUNC=gh_init
STATE=00162170
KEYLEN=0
OUTLEN=32
---
FUNC=gh_update
STATE=00162170
LEN=32
DATA=68f0c1f8a14d9dce1b1bbe6089a17974fa03d0ba85672ea4415973631437ab73
---
FUNC=gh_update
STATE=00162170
LEN=32
DATA=9adb59f1d27edde1824ce3fc2d45aea40f3fe6e9e49cd65f32f5fe4eabbb1b4f
---
FUNC=gh_update
STATE=00162170
LEN=32
DATA=840f57576442b7e982f3b2cc1bc9204f8f2f4dc150f5ada0c851927632a4bd30
---
FUNC=gh_update
STATE=00162170
LEN=32
DATA=69b1d4a63a301106494473b25c23c372a1ba54fbbdbd4fd47ed638460e425f07
---
FUNC=gh_final
RA=0002eba3
STATE=00162170
OUTLEN=32
OUT=90a2aed583398c2a9fe16c7b8a762f7ec6965188a117cbb917d8e89fa79de6a6
---
FUNC=stream
PHASE=pre
RA=0002f725
KEY=47be3dffb41ea35749c9290e6d2124e6b3e3842ab4e443bd0ac41eda045c2dbe
NONCE=e0409041b22e9a537e0e0000000000000000000000000000
LEN=12
IN=027a5df51529de95f938828b
---
FUNC=stream
PHASE=post
KEY=47be3dffb41ea35749c9290e6d2124e6b3e3842ab4e443bd0ac41eda045c2dbe
NONCE=e0409041b22e9a537e0e0000000000000000000000000000
LEN=12
OUT=d30d86ee01ae941800000000
---
FUNC=gh_init
STATE=0014ed28
KEYLEN=0
OUTLEN=4
---
FUNC=gh_update
STATE=0014ed28
LEN=10
DATA=e0409041b22e9a537e0e
---
FUNC=gh_update
STATE=0014ed28
LEN=4
DATA=00000000
---
FUNC=gh_update
STATE=0014ed28
LEN=8
DATA=01ae941800000000
---
FUNC=gh_final
RA=0002eba3
STATE=0014ed28
OUTLEN=4
OUT=d30d86ee
---
FUNC=randombytes
RA=0003af2f
LEN=32
BUF=7893c3f1cd5ed911dc8947cc41d93957adb82082bdcd5c9583fe182982e8d5cf
---
FUNC=gh_init
STATE=0014ed28
KEYLEN=0
OUTLEN=4
---
FUNC=gh_update
STATE=0014ed28
LEN=10
DATA=e0629041b22e9a53fc11
---
FUNC=gh_update
STATE=0014ed28
LEN=4
DATA=00000000
---
FUNC=gh_update
STATE=0014ed28
LEN=41
DATA=0101e9cc6fc900341d255bbf822874247595e4b87a39f8f90f3e6fecf8603aaab27a0a000203feff03
---
FUNC=gh_final
RA=0002eba3
STATE=0014ed28
OUTLEN=4
OUT=ef1d9b3d
---
FUNC=stream
PHASE=pre
RA=0002f725
KEY=47be3dffb41ea35749c9290e6d2124e6b3e3842ab4e443bd0ac41eda045c2dbe
NONCE=e0629041b22e9a53fc110000000000000000000000000000
LEN=45
IN=ef1d9b3d0101e9cc6fc900341d255bbf822874247595e4b87a39f8f90f3e6fecf8603aaab27a0a000203feff03
---
FUNC=stream
PHASE=post
KEY=47be3dffb41ea35749c9290e6d2124e6b3e3842ab4e443bd0ac41eda045c2dbe
NONCE=e0629041b22e9a53fc110000000000000000000000000000
LEN=45
OUT=c39767678812c0c8d08821427f173d031d80850be71f9cb1c0dadc32f0a47ec6927e09c836c2cac97e70eff1de
---
FUNC=stream
PHASE=pre
RA=0002f725
KEY=47be3dffb41ea35749c9290e6d2124e6b3e3842ab4e443bd0ac41eda045c2dbe
NONCE=e0409041b22e9a5397260000000000000000000000000000
LEN=12
IN=7b23b52b7a36928a5eeeaf94
---
FUNC=stream
PHASE=post
KEY=47be3dffb41ea35749c9290e6d2124e6b3e3842ab4e443bd0ac41eda045c2dbe
NONCE=e0409041b22e9a5397260000000000000000000000000000
LEN=12
OUT=5f4d021401ae940000000000
---
FUNC=gh_init
STATE=00162170
KEYLEN=0
OUTLEN=4
---
FUNC=gh_update
STATE=00162170
LEN=10
DATA=e0409041b22e9a539726
---
FUNC=gh_update
STATE=00162170
LEN=4
DATA=00000000
---
FUNC=gh_update
STATE=00162170
LEN=8
DATA=01ae940000000000
---
FUNC=gh_final
RA=0002eba3
STATE=00162170
OUTLEN=4
OUT=5f4d0214
---
FUNC=stream
PHASE=pre
RA=0002f725
KEY=47be3dffb41ea35749c9290e6d2124e6b3e3842ab4e443bd0ac41eda045c2dbe
NONCE=e0409041b22e9a5398060000000000000000000000000000
LEN=12
IN=d60a04d78d6e75c28643ec0b
---
FUNC=stream
PHASE=post
KEY=47be3dffb41ea35749c9290e6d2124e6b3e3842ab4e443bd0ac41eda045c2dbe
NONCE=e0409041b22e9a5398060000000000000000000000000000
LEN=12
OUT=a930461c01ae940100000000
---
FUNC=gh_init
STATE=0014ed28
KEYLEN=0
OUTLEN=4
---
FUNC=gh_update
STATE=0014ed28
LEN=10
DATA=e0409041b22e9a539806
---
FUNC=gh_update
STATE=0014ed28
LEN=4
DATA=00000000
---
FUNC=gh_update
STATE=0014ed28
LEN=8
DATA=01ae940100000000
---
FUNC=gh_final
RA=0002eba3
STATE=0014ed28
OUTLEN=4
OUT=a930461c
---
FUNC=randombytes
RA=0003af2f
LEN=32
BUF=d5d2c5a6ef87f9690322184c440be8c0866a6ea8789c8b7983ea1ae1d68c27b8
---
FUNC=gh_init
STATE=0014ed28
KEYLEN=0
OUTLEN=4
---
FUNC=gh_update
STATE=0014ed28
LEN=10
DATA=e0629041b22e9a535022
---
FUNC=gh_update
STATE=0014ed28
LEN=4
DATA=00000000
---
FUNC=gh_update
STATE=0014ed28
LEN=41
DATA=010166b2aea2e50132307fbfbfa0aa9bfdc41acc85363302b9574451ede1dcb0a21f0a000203feff03
---
FUNC=gh_final
RA=0002eba3
STATE=0014ed28
OUTLEN=4
OUT=3a246f4e
---
FUNC=stream
PHASE=pre
RA=0002f725
KEY=47be3dffb41ea35749c9290e6d2124e6b3e3842ab4e443bd0ac41eda045c2dbe
NONCE=e0629041b22e9a5350220000000000000000000000000000
LEN=45
IN=3a246f4e010166b2aea2e50132307fbfbfa0aa9bfdc41acc85363302b9574451ede1dcb0a21f0a000203feff03
---
FUNC=stream
PHASE=post
KEY=47be3dffb41ea35749c9290e6d2124e6b3e3842ab4e443bd0ac41eda045c2dbe
NONCE=e0629041b22e9a5350220000000000000000000000000000
LEN=45
OUT=36407a791d29d044a9725cd1afa41d6fd73b647c5ea51afd532aa3c39816229c750f6669a77694c5707c059d18
---
FUNC=stream
PHASE=pre
RA=0002f725
KEY=47be3dffb41ea35749c9290e6d2124e6b3e3842ab4e443bd0ac41eda045c2dbe
NONCE=e0429041b22e9a5399090000000000000000000000000000
LEN=53
IN=43dead4a83858b1049772fa4a7953e6f7f81c5a60bc851fdcb5f2bfac3eb9afb8846146363ca122b3c8d04d9e0e05a5ef59ef25d47
---
FUNC=stream
PHASE=post
KEY=47be3dffb41ea35749c9290e6d2124e6b3e3842ab4e443bd0ac41eda045c2dbe
NONCE=e0429041b22e9a5399090000000000000000000000000000
LEN=53
OUT=99338bd5010201bdf5dc3539592cdc30f6ff4274abaf1cc34f9e29ce17bc92badab066ac9e9b4fd57759fd58a9a705aa8103feff03
---
FUNC=gh_init
STATE=0014ed28
KEYLEN=0
OUTLEN=4
---
FUNC=gh_update
STATE=0014ed28
LEN=10
DATA=e0429041b22e9a539909
---
FUNC=gh_update
STATE=0014ed28
LEN=4
DATA=00000000
---
FUNC=gh_update
STATE=0014ed28
LEN=49
DATA=010201bdf5dc3539592cdc30f6ff4274abaf1cc34f9e29ce17bc92badab066ac9e9b4fd57759fd58a9a705aa8103feff03
---
FUNC=gh_final
RA=0002eba3
STATE=0014ed28
OUTLEN=4
OUT=99338bd5
---
FUNC=scalarmult
RA=0003afb3
PRIV=d5d2c5a6ef87f9690322184c440be8c0866a6ea8789c8b7983ea1ae1d68c27b8
PUB=bdf5dc3539592cdc30f6ff4274abaf1cc34f9e29ce17bc92badab066ac9e9b4f
SHARED=9dc81fd93e04414cbf9e31f1a964112253ef3d82e88cede54bedacfb788c3302
RC=0
---
FUNC=gh_init
STATE=00162170
KEYLEN=0
OUTLEN=32
---
FUNC=gh_update
STATE=00162170
LEN=32
DATA=9dc81fd93e04414cbf9e31f1a964112253ef3d82e88cede54bedacfb788c3302
---
FUNC=gh_update
STATE=00162170
LEN=32
DATA=66b2aea2e50132307fbfbfa0aa9bfdc41acc85363302b9574451ede1dcb0a21f
---
FUNC=gh_update
STATE=00162170
LEN=32
DATA=bdf5dc3539592cdc30f6ff4274abaf1cc34f9e29ce17bc92badab066ac9e9b4f
---
FUNC=gh_update
STATE=00162170
LEN=32
DATA=c5923a86e166e4bf3f8959643ff1c245f986115ec34946ded0b87dc0d7bd38db
---
FUNC=gh_final
RA=0002eba3
STATE=00162170
OUTLEN=32
OUT=e413e81ee8dfb6b35da09fbd633639babd6084bbdf8e95bce7770e84b91a7cc5
---
FUNC=stream
PHASE=pre
RA=0002f725
KEY=e413e81ee8dfb6b35da09fbd633639babd6084bbdf8e95bce7770e84b91a7cc5
NONCE=000000000000000000000000000000000000000000000000
LEN=10
IN=d57759fd58a9a705aa81
---
FUNC=stream
PHASE=post
KEY=e413e81ee8dfb6b35da09fbd633639babd6084bbdf8e95bce7770e84b91a7cc5
NONCE=000000000000000000000000000000000000000000000000
LEN=10
OUT=9041b22e9a53292bbbf2
---
FUNC=stream
PHASE=pre
RA=0002f725
KEY=e413e81ee8dfb6b35da09fbd633639babd6084bbdf8e95bce7770e84b91a7cc5
NONCE=000000000000000000000000000000000000000000000000
LEN=16
IN=9041b23483dc9041b22e9a53292bbbf2
---
FUNC=stream
PHASE=post
KEY=e413e81ee8dfb6b35da09fbd633639babd6084bbdf8e95bce7770e84b91a7cc5
NONCE=000000000000000000000000000000000000000000000000
LEN=16
OUT=d57759e741261e6fa35d93bc3fbd301a
---
FUNC=gh_init
STATE=0014ed28
KEYLEN=0
OUTLEN=4
---
FUNC=gh_update
STATE=0014ed28
LEN=10
DATA=e0629041b22e9a535155
---
FUNC=gh_update
STATE=0014ed28
LEN=4
DATA=00000000
---
FUNC=gh_update
STATE=0014ed28
LEN=18
DATA=0103d57759e741261e6fa35d93bc3fbd301a
---
FUNC=gh_final
RA=0002eba3
STATE=0014ed28
OUTLEN=4
OUT=6105dbaf
---
FUNC=stream
PHASE=pre
RA=0002f725
KEY=47be3dffb41ea35749c9290e6d2124e6b3e3842ab4e443bd0ac41eda045c2dbe
NONCE=e0629041b22e9a5351550000000000000000000000000000
LEN=22
IN=6105dbaf0103d57759e741261e6fa35d93bc3fbd301a
---
FUNC=stream
PHASE=post
KEY=47be3dffb41ea35749c9290e6d2124e6b3e3842ab4e443bd0ac41eda045c2dbe
NONCE=e0629041b22e9a5351550000000000000000000000000000
LEN=22
OUT=4bc9bd06bcdfb0358764fdd4ac2b50bfdced75a8de32
---
FUNC=stream
PHASE=pre
RA=0002f725
KEY=e413e81ee8dfb6b35da09fbd633639babd6084bbdf8e95bce7770e84b91a7cc5
NONCE=e0539041b22e9a5301060000000000000000000000000000
LEN=6
IN=3e15fefb20a9
---
FUNC=stream
PHASE=post
KEY=e413e81ee8dfb6b35da09fbd633639babd6084bbdf8e95bce7770e84b91a7cc5
NONCE=e0539041b22e9a5301060000000000000000000000000000
LEN=6
OUT=85c4b11a0100
---
FUNC=gh_init
STATE=0014ed28
KEYLEN=0
OUTLEN=4
---
FUNC=gh_update
STATE=0014ed28
LEN=10
DATA=e0539041b22e9a530106
---
FUNC=gh_update
STATE=0014ed28
LEN=4
DATA=00000000
---
FUNC=gh_update
STATE=0014ed28
LEN=2
DATA=0100
---
FUNC=gh_final
RA=0002eba3
STATE=0014ed28
OUTLEN=4
OUT=85c4b11a
---
FUNC=gh_init
STATE=0014ed28
KEYLEN=0
OUTLEN=4
---
FUNC=gh_update
STATE=0014ed28
LEN=10
DATA=e0749041b22e9a5301c1
---
FUNC=gh_update
STATE=0014ed28
LEN=4
DATA=00000000
---
FUNC=gh_update
STATE=0014ed28
LEN=2
DATA=0977
---
FUNC=gh_final
RA=0002eba3
STATE=0014ed28
OUTLEN=4
OUT=4de3faf7
---
FUNC=stream
PHASE=pre
RA=0002f725
KEY=e413e81ee8dfb6b35da09fbd633639babd6084bbdf8e95bce7770e84b91a7cc5
NONCE=e0749041b22e9a5301c10000000000000000000000000000
LEN=6
IN=4de3faf70977
---
FUNC=stream
PHASE=post
KEY=e413e81ee8dfb6b35da09fbd633639babd6084bbdf8e95bce7770e84b91a7cc5
NONCE=e0749041b22e9a5301c10000000000000000000000000000
LEN=6
OUT=8701da8a1026
---
FUNC=stream
PHASE=pre
RA=0002f725
KEY=47be3dffb41ea35749c9290e6d2124e6b3e3842ab4e443bd0ac41eda045c2dbe
NONCE=e0409041b22e9a539a0d0000000000000000000000000000
LEN=12
IN=69cff9a9fef5ba672d8d090c
---
FUNC=stream
PHASE=post
KEY=47be3dffb41ea35749c9290e6d2124e6b3e3842ab4e443bd0ac41eda045c2dbe
NONCE=e0409041b22e9a539a0d0000000000000000000000000000
LEN=12
OUT=c03c576c01ae944200000000
---
FUNC=gh_init
STATE=0014ed28
KEYLEN=0
OUTLEN=4
---
FUNC=gh_update
STATE=0014ed28
LEN=10
DATA=e0409041b22e9a539a0d
---
FUNC=gh_update
STATE=0014ed28
LEN=4
DATA=00000000
---
FUNC=gh_update
STATE=0014ed28
LEN=8
DATA=01ae944200000000
---
FUNC=gh_final
RA=0002eba3
STATE=0014ed28
OUTLEN=4
OUT=c03c576c
---
FUNC=stream
PHASE=pre
RA=0002f725
KEY=e413e81ee8dfb6b35da09fbd633639babd6084bbdf8e95bce7770e84b91a7cc5
NONCE=e0449041b22e9a5302810000000000000000000000000001
LEN=82
IN=58b0cd4c5a0d6a10d541623e423234d3f4a6dd307e0822f50e317db63c90308e1ab9190ff1db2b1fd5e7ec0312c218ed290c8e7585eca86372fbb8694f36d9d86508c62095f46daeed6507e28bc39bd0416a
---
FUNC=stream
PHASE=post
KEY=e413e81ee8dfb6b35da09fbd633639babd6084bbdf8e95bce7770e84b91a7cc5
NONCE=e0449041b22e9a5302810000000000000000000000000001
LEN=82
OUT=92c826970a77ae9400010001000000f5a9470452b4ba379a5749018003ab8809ac01fb03080f110e01010402010311010a0d01020e01012001011202061301040301041401011501011601010f0101100101
---
FUNC=gh_init
STATE=0014ed28
KEYLEN=0
OUTLEN=4
---
FUNC=gh_update
STATE=0014ed28
LEN=10
DATA=e0449041b22e9a530281
---
FUNC=gh_update
STATE=0014ed28
LEN=4
DATA=00000000
---
FUNC=gh_update
STATE=0014ed28
LEN=78
DATA=0a77ae9400010001000000f5a9470452b4ba379a5749018003ab8809ac01fb03080f110e01010402010311010a0d01020e01012001011202061301040301041401011501011601010f0101100101
---
FUNC=gh_final
RA=0002eba3
STATE=0014ed28
OUTLEN=4
OUT=92c82697
---
FUNC=gh_init
STATE=0014ed28
KEYLEN=0
OUTLEN=4
---
FUNC=gh_update
STATE=0014ed28
LEN=10
DATA=e0749041b22e9a53026d
---
FUNC=gh_update
STATE=0014ed28
LEN=4
DATA=00000000
---
FUNC=gh_update
STATE=0014ed28
LEN=6
DATA=0b7811010d14
---
FUNC=gh_final
RA=0002eba3
STATE=0014ed28
OUTLEN=4
OUT=fcf6e36b
---
FUNC=stream
PHASE=pre
RA=0002f725
KEY=e413e81ee8dfb6b35da09fbd633639babd6084bbdf8e95bce7770e84b91a7cc5
NONCE=e0749041b22e9a53026d0000000000000000000000000001
LEN=10
IN=fcf6e36b0b7811010d14
---
FUNC=stream
PHASE=post
KEY=e413e81ee8dfb6b35da09fbd633639babd6084bbdf8e95bce7770e84b91a7cc5
NONCE=e0749041b22e9a53026d0000000000000000000000000001
LEN=10
OUT=523996d94a1212847a5c
---
FUNC=stream
PHASE=pre
RA=0002f725
KEY=47be3dffb41ea35749c9290e6d2124e6b3e3842ab4e443bd0ac41eda045c2dbe
NONCE=e0409041b22e9a539b000000000000000000000000000000
LEN=12
IN=4baac06b24ab74f9350dd977
---
FUNC=stream
PHASE=post
KEY=47be3dffb41ea35749c9290e6d2124e6b3e3842ab4e443bd0ac41eda045c2dbe
NONCE=e0409041b22e9a539b000000000000000000000000000000
LEN=12
OUT=3b6a78d001ae944300000000
---
FUNC=gh_init
STATE=0014ed28
KEYLEN=0
OUTLEN=4
---
FUNC=gh_update
STATE=0014ed28
LEN=10
DATA=e0409041b22e9a539b00
---
FUNC=gh_update
STATE=0014ed28
LEN=4
DATA=00000000
---
FUNC=gh_update
STATE=0014ed28
LEN=8
DATA=01ae944300000000
---
FUNC=gh_final
RA=0002eba3
STATE=0014ed28
OUTLEN=4
OUT=3b6a78d0
---
FUNC=randombytes
RA=0003af2f
LEN=32
BUF=83b700659de165d707ff46acee0463213aef674fa9fa187c95ec8b2d53a15f36
---
FUNC=gh_init
STATE=0014ed28
KEYLEN=0
OUTLEN=4
---
FUNC=gh_update
STATE=0014ed28
LEN=10
DATA=e0629041b22e9a53af0b
---
FUNC=gh_update
STATE=0014ed28
LEN=4
DATA=00000000
---
FUNC=gh_update
STATE=0014ed28
LEN=41
DATA=0101ae0228aa306eeae72f0871534ea2a459c5feb99a7fed54abd667bf3ad75e9a340a000203feff03
---
FUNC=gh_final
RA=0002eba3
STATE=0014ed28
OUTLEN=4
OUT=3ff76afb
---
FUNC=stream
PHASE=pre
RA=0002f725
KEY=47be3dffb41ea35749c9290e6d2124e6b3e3842ab4e443bd0ac41eda045c2dbe
NONCE=e0629041b22e9a53af0b0000000000000000000000000000
LEN=45
IN=3ff76afb0101ae0228aa306eeae72f0871534ea2a459c5feb99a7fed54abd667bf3ad75e9a340a000203feff03
---
FUNC=stream
PHASE=post
KEY=47be3dffb41ea35749c9290e6d2124e6b3e3842ab4e443bd0ac41eda045c2dbe
NONCE=e0629041b22e9a53af0b0000000000000000000000000000
LEN=45
OUT=962607864872de77bc5621d9c886e0ceb8eac82053cd40672f4b721dfcc29e5935c2497fd880f1927742a77ada
---
FUNC=stream
PHASE=pre
RA=0002f725
KEY=47be3dffb41ea35749c9290e6d2124e6b3e3842ab4e443bd0ac41eda045c2dbe
NONCE=e0429041b22e9a539c050000000000000000000000000000
LEN=53
IN=005956eee4d4dd77efd723449848780467f364a843e97bb575f9b2810a4feab7cec51954a125330f8b46c13ac0b9652f0a13c8b346
---
FUNC=stream
PHASE=post
KEY=47be3dffb41ea35749c9290e6d2124e6b3e3842ab4e443bd0ac41eda045c2dbe
NONCE=e0429041b22e9a539c050000000000000000000000000000
LEN=53
OUT=b7e0fa48010201b8f23927f12534dd6a853ed8fdf03b7b00f356b1b7819ad4e493e55a8228830c582ebb25657c5b7c2f2c03feff03
---
FUNC=gh_init
STATE=0014ed28
KEYLEN=0
OUTLEN=4
---
FUNC=gh_update
STATE=0014ed28
LEN=10
DATA=e0429041b22e9a539c05
---
FUNC=gh_update
STATE=0014ed28
LEN=4
DATA=00000000
---
FUNC=gh_update
STATE=0014ed28
LEN=49
DATA=010201b8f23927f12534dd6a853ed8fdf03b7b00f356b1b7819ad4e493e55a8228830c582ebb25657c5b7c2f2c03feff03
---
FUNC=gh_final
RA=0002eba3
STATE=0014ed28
OUTLEN=4
OUT=b7e0fa48
---
FUNC=scalarmult
RA=0003afb3
PRIV=83b700659de165d707ff46acee0463213aef674fa9fa187c95ec8b2d53a15f36
PUB=b8f23927f12534dd6a853ed8fdf03b7b00f356b1b7819ad4e493e55a8228830c
SHARED=2a37737d7637aa9d97bb49bac706c94a5487b034a6c7ac1aea31bbb9ed759b39
RC=0
---
FUNC=gh_init
STATE=00162170
KEYLEN=0
OUTLEN=32
---
FUNC=gh_update
STATE=00162170
LEN=32
DATA=2a37737d7637aa9d97bb49bac706c94a5487b034a6c7ac1aea31bbb9ed759b39
---
FUNC=gh_update
STATE=00162170
LEN=32
DATA=ae0228aa306eeae72f0871534ea2a459c5feb99a7fed54abd667bf3ad75e9a34
---
FUNC=gh_update
STATE=00162170
LEN=32
DATA=b8f23927f12534dd6a853ed8fdf03b7b00f356b1b7819ad4e493e55a8228830c
---
FUNC=gh_update
STATE=00162170
LEN=32
DATA=c5923a86e166e4bf3f8959643ff1c245f986115ec34946ded0b87dc0d7bd38db
---
FUNC=gh_final
RA=0002eba3
STATE=00162170
OUTLEN=32
OUT=a7145992fa0aa21ca6915805412e58f91417274eefcb7219945edc9d95830fc4
---
FUNC=stream
PHASE=pre
RA=0002f725
KEY=a7145992fa0aa21ca6915805412e58f91417274eefcb7219945edc9d95830fc4
NONCE=000000000000000000000000000000000000000000000000
LEN=10
IN=582ebb25657c5b7c2f2c
---
FUNC=stream
PHASE=post
KEY=a7145992fa0aa21ca6915805412e58f91417274eefcb7219945edc9d95830fc4
NONCE=000000000000000000000000000000000000000000000000
LEN=10
OUT=9041b22e9a532a482af9
---
FUNC=stream
PHASE=pre
RA=0002f725
KEY=a7145992fa0aa21ca6915805412e58f91417274eefcb7219945edc9d95830fc4
NONCE=000000000000000000000000000000000000000000000000
LEN=16
IN=9041b23483dc9041b22e9a532a482af9
---
FUNC=stream
PHASE=post
KEY=a7145992fa0aa21ca6915805412e58f91417274eefcb7219945edc9d95830fc4
NONCE=000000000000000000000000000000000000000000000000
LEN=16
OUT=582ebb3f7cf3e175b7fb4410c40f0f89
---
FUNC=gh_init
STATE=0014ed28
KEYLEN=0
OUTLEN=4
---
FUNC=gh_update
STATE=0014ed28
LEN=10
DATA=e0629041b22e9a53b075
---
FUNC=gh_update
STATE=0014ed28
LEN=4
DATA=00000000
---
FUNC=gh_update
STATE=0014ed28
LEN=18
DATA=0103582ebb3f7cf3e175b7fb4410c40f0f89
---
FUNC=gh_final
RA=0002eba3
STATE=0014ed28
OUTLEN=4
OUT=0b4d602b
---
FUNC=stream
PHASE=pre
RA=0002f725
KEY=47be3dffb41ea35749c9290e6d2124e6b3e3842ab4e443bd0ac41eda045c2dbe
NONCE=e0629041b22e9a53b0750000000000000000000000000000
LEN=22
IN=0b4d602b0103582ebb3f7cf3e175b7fb4410c40f0f89
---
FUNC=stream
PHASE=post
KEY=47be3dffb41ea35749c9290e6d2124e6b3e3842ab4e443bd0ac41eda045c2dbe
NONCE=e0629041b22e9a53b0750000000000000000000000000000
LEN=22
OUT=a95f064f901d6ce8fa3c34c280f10b5ecc83cd89b3da
---
FUNC=stream
PHASE=pre
RA=0002f725
KEY=a7145992fa0aa21ca6915805412e58f91417274eefcb7219945edc9d95830fc4
NONCE=e0539041b22e9a53011c0000000000000000000000000000
LEN=6
IN=40d0efc8fdbe
---
FUNC=stream
PHASE=post
KEY=a7145992fa0aa21ca6915805412e58f91417274eefcb7219945edc9d95830fc4
NONCE=e0539041b22e9a53011c0000000000000000000000000000
LEN=6
OUT=719d01e80100
---
FUNC=gh_init
STATE=0014ed28
KEYLEN=0
OUTLEN=4
---
FUNC=gh_update
STATE=0014ed28
LEN=10
DATA=e0539041b22e9a53011c
---
FUNC=gh_update
STATE=0014ed28
LEN=4
DATA=00000000
---
FUNC=gh_update
STATE=0014ed28
LEN=2
DATA=0100
---
FUNC=gh_final
RA=0002eba3
STATE=0014ed28
OUTLEN=4
OUT=719d01e8
---
FUNC=gh_init
STATE=0014ed28
KEYLEN=0
OUTLEN=4
---
FUNC=gh_update
STATE=0014ed28
LEN=10
DATA=e0749041b22e9a5301c1
---
FUNC=gh_update
STATE=0014ed28
LEN=4
DATA=00000000
---
FUNC=gh_update
STATE=0014ed28
LEN=2
DATA=097c
---
FUNC=gh_final
RA=0002eba3
STATE=0014ed28
OUTLEN=4
OUT=7b5bb0f6
---
FUNC=stream
PHASE=pre
RA=0002f725
KEY=a7145992fa0aa21ca6915805412e58f91417274eefcb7219945edc9d95830fc4
NONCE=e0749041b22e9a5301c10000000000000000000000000000
LEN=6
IN=7b5bb0f6097c
---
FUNC=stream
PHASE=post
KEY=a7145992fa0aa21ca6915805412e58f91417274eefcb7219945edc9d95830fc4
NONCE=e0749041b22e9a5301c10000000000000000000000000000
LEN=6
OUT=d7613612e091
---
FUNC=stream
PHASE=pre
RA=0002f725
KEY=47be3dffb41ea35749c9290e6d2124e6b3e3842ab4e443bd0ac41eda045c2dbe
NONCE=e0409041b22e9a539d290000000000000000000000000000
LEN=12
IN=e349d99f7016fe05744621d2
---
FUNC=stream
PHASE=post
KEY=47be3dffb41ea35749c9290e6d2124e6b3e3842ab4e443bd0ac41eda045c2dbe
NONCE=e0409041b22e9a539d290000000000000000000000000000
LEN=12
OUT=26d2e61b01ae944400000000
---
FUNC=gh_init
STATE=0014ed28
KEYLEN=0
OUTLEN=4
---
FUNC=gh_update
STATE=0014ed28
LEN=10
DATA=e0409041b22e9a539d29
---
FUNC=gh_update
STATE=0014ed28
LEN=4
DATA=00000000
---
FUNC=gh_update
STATE=0014ed28
LEN=8
DATA=01ae944400000000
---
FUNC=gh_final
RA=0002eba3
STATE=0014ed28
OUTLEN=4
OUT=26d2e61b
---
FUNC=stream
PHASE=pre
RA=0002f725
KEY=a7145992fa0aa21ca6915805412e58f91417274eefcb7219945edc9d95830fc4
NONCE=e0449041b22e9a5302810000000000000000000000000001
LEN=82
IN=1f4d5610c4bf1407b2f3050566af6ffc8c4e48cdea5fa0c3ddb285674dc9905a5e33630c4d484c8cdd1f7c0661878c7d67d5e2360d91be3310c6969a3cc0eaea9b490e2083aa77684fb17b47b9f27f0d06e1
---
FUNC=stream
PHASE=post
KEY=a7145992fa0aa21ca6915805412e58f91417274eefcb7219945edc9d95830fc4
NONCE=e0449041b22e9a5302810000000000000000000000000001
LEN=82
OUT=2e0f8e270a7cae9400010001000000f5a9470452b4ba379a5749018003ab8809ac01fb03080f110e01010402010311010a0d01020e01012001011202061301040301041401011501011601010f0101100101
---
FUNC=gh_init
STATE=0014ed28
KEYLEN=0
OUTLEN=4
---
FUNC=gh_update
STATE=0014ed28
LEN=10
DATA=e0449041b22e9a530281
---
FUNC=gh_update
STATE=0014ed28
LEN=4
DATA=00000000
---
FUNC=gh_update
STATE=0014ed28
LEN=78
DATA=0a7cae9400010001000000f5a9470452b4ba379a5749018003ab8809ac01fb03080f110e01010402010311010a0d01020e01012001011202061301040301041401011501011601010f0101100101
---
FUNC=gh_final
RA=0002eba3
STATE=0014ed28
OUTLEN=4
OUT=2e0f8e27
---
FUNC=gh_init
STATE=0014ed28
KEYLEN=0
OUTLEN=4
---
FUNC=gh_update
STATE=0014ed28
LEN=10
DATA=e0749041b22e9a530259
---
FUNC=gh_update
STATE=0014ed28
LEN=4
DATA=00000000
---
FUNC=gh_update
STATE=0014ed28
LEN=6
DATA=0b7d11010d14
---
FUNC=gh_final
RA=0002eba3
STATE=0014ed28
OUTLEN=4
OUT=7b2b0473
---
FUNC=stream
PHASE=pre
RA=0002f725
KEY=a7145992fa0aa21ca6915805412e58f91417274eefcb7219945edc9d95830fc4
NONCE=e0749041b22e9a5302590000000000000000000000000001
LEN=10
IN=7b2b04730b7d11010d14
---
FUNC=stream
PHASE=post
KEY=a7145992fa0aa21ca6915805412e58f91417274eefcb7219945edc9d95830fc4
NONCE=e0749041b22e9a5302590000000000000000000000000001
LEN=10
OUT=31f99abfb319ec1b74d3
---
FUNC=stream
PHASE=pre
RA=0002f725
KEY=a7145992fa0aa21ca6915805412e58f91417274eefcb7219945edc9d95830fc4
NONCE=e0439041b22e9a5303820000000000000000000000000001
LEN=6
IN=0c976df915b6
---
FUNC=stream
PHASE=post
KEY=a7145992fa0aa21ca6915805412e58f91417274eefcb7219945edc9d95830fc4
NONCE=e0439041b22e9a5303820000000000000000000000000001
LEN=6
OUT=ca3b7c260100
---
FUNC=gh_init
STATE=0014ed28
KEYLEN=0
OUTLEN=4
---
FUNC=gh_update
STATE=0014ed28
LEN=10
DATA=e0439041b22e9a530382
---
FUNC=gh_update
STATE=0014ed28
LEN=4
DATA=00000000
---
FUNC=gh_update
STATE=0014ed28
LEN=2
DATA=0100
---
FUNC=gh_final
RA=0002eba3
STATE=0014ed28
OUTLEN=4
OUT=ca3b7c26
---
FUNC=gh_init
STATE=0014ed28
KEYLEN=0
OUTLEN=4
---
FUNC=gh_update
STATE=0014ed28
LEN=10
DATA=e0749041b22e9a53036c
---
FUNC=gh_update
STATE=0014ed28
LEN=4
DATA=00000000
---
FUNC=gh_update
STATE=0014ed28
LEN=70
DATA=027e220e8ea74917fdba472502fa8916aa6696350cf31be1bd676927f641e4918619d48383fa5189929bcb7a460d8375b1b8ac82209e7d99221e9a79f294742d83690000048f
---
FUNC=gh_final
RA=0002eba3
STATE=0014ed28
OUTLEN=4
OUT=a439179f
---
FUNC=stream
PHASE=pre
RA=0002f725
KEY=a7145992fa0aa21ca6915805412e58f91417274eefcb7219945edc9d95830fc4
NONCE=e0749041b22e9a53036c0000000000000000000000000002
LEN=74
IN=a439179f027e220e8ea74917fdba472502fa8916aa6696350cf31be1bd676927f641e4918619d48383fa5189929bcb7a460d8375b1b8ac82209e7d99221e9a79f294742d83690000048f
---
FUNC=stream
PHASE=post
KEY=a7145992fa0aa21ca6915805412e58f91417274eefcb7219945edc9d95830fc4
NONCE=e0749041b22e9a53036c0000000000000000000000000002
LEN=74
OUT=b2c2bac189707990b7214ea30b26c95f3f8ddb8b661e55541d23d7c6aba7a247e2bfd2b32703e89ad69f5df6930e93c9672e05e1ecb74d38f36de7275f366d8ccd30691036d0d13ce4db
---
FUNC=stream
PHASE=pre
RA=0002f725
KEY=a7145992fa0aa21ca6915805412e58f91417274eefcb7219945edc9d95830fc4
NONCE=e0549041b22e9a5304830000000000000000000000000001
LEN=70
IN=1e78693db34a374dc5e91adee00eff8e0b6065f254a43142d3fbb62acbdba82403ddc33d4e14ca87fe34b69325c154d4b1991c45729038e71d7662ab85aa62d999fd22febf50
---
FUNC=stream
PHASE=post
KEY=a7145992fa0aa21ca6915805412e58f91417274eefcb7219945edc9d95830fc4
NONCE=e0549041b22e9a5304830000000000000000000000000001
LEN=70
OUT=62cb1cf1037edd294c8d8855b7442e597daa30de2ba70ffdbbe75378eaa94685eb5ab17aed7232334529d6c5ef446fc576c368dd47f8b11a3eeb72e1255712eb743aaa32572c
---
FUNC=gh_init
STATE=0014ed28
KEYLEN=0
OUTLEN=4
---
FUNC=gh_update
STATE=0014ed28
LEN=10
DATA=e0549041b22e9a530483
---
FUNC=gh_update
STATE=0014ed28
LEN=4
DATA=00000000
---
FUNC=gh_update
STATE=0014ed28
LEN=66
DATA=037edd294c8d8855b7442e597daa30de2ba70ffdbbe75378eaa94685eb5ab17aed7232334529d6c5ef446fc576c368dd47f8b11a3eeb72e1255712eb743aaa32572c
---
FUNC=gh_final
RA=0002eba3
STATE=0014ed28
OUTLEN=4
OUT=62cb1cf1
---
FUNC=gh_init
STATE=0014ed28
KEYLEN=0
OUTLEN=4
---
FUNC=gh_update
STATE=0014ed28
LEN=10
DATA=e0749041b22e9a5304c4
---
FUNC=gh_update
STATE=0014ed28
LEN=4
DATA=00000000
---
FUNC=gh_update
STATE=0014ed28
LEN=6
DATA=0e7f0d00012c
---
FUNC=gh_final
RA=0002eba3
STATE=0014ed28
OUTLEN=4
OUT=b9638f92
---
FUNC=stream
PHASE=pre
RA=0002f725
KEY=a7145992fa0aa21ca6915805412e58f91417274eefcb7219945edc9d95830fc4
NONCE=e0749041b22e9a5304c40000000000000000000000000003
LEN=10
IN=b9638f920e7f0d00012c
---
FUNC=stream
PHASE=post
KEY=a7145992fa0aa21ca6915805412e58f91417274eefcb7219945edc9d95830fc4
NONCE=e0749041b22e9a5304c40000000000000000000000000003
LEN=10
OUT=c3f4dd8a1042fc5bb65f
---
FUNC=stream
PHASE=pre
RA=0002f725
KEY=47be3dffb41ea35749c9290e6d2124e6b3e3842ab4e443bd0ac41eda045c2dbe
NONCE=e0409041b22e9a532c390000000000000000000000000000
LEN=12
IN=43bfa22ee772fc07e3a92458
---
FUNC=stream
PHASE=post
KEY=47be3dffb41ea35749c9290e6d2124e6b3e3842ab4e443bd0ac41eda045c2dbe
NONCE=e0409041b22e9a532c390000000000000000000000000000
LEN=12
OUT=82a11c5401ae94800000048f
---
FUNC=gh_init
STATE=0014ed28
KEYLEN=0
OUTLEN=4
---
FUNC=gh_update
STATE=0014ed28
LEN=10
DATA=e0409041b22e9a532c39
---
FUNC=gh_update
STATE=0014ed28
LEN=4
DATA=00000000
---
FUNC=gh_update
STATE=0014ed28
LEN=8
DATA=01ae94800000048f
---
FUNC=gh_final
RA=0002eba3
STATE=0014ed28
OUTLEN=4
OUT=82a11c54
---
FUNC=stream
PHASE=pre
RA=0002f725
KEY=f86e5a66fd8da157688b8e66b9abd29b4ea255b09a6c47622ec3df90a9a1e1b7
NONCE=e0429041b22e9a532d000000000000000000000000000000
LEN=6
IN=c8a3b3db16de
---
FUNC=stream
PHASE=post
KEY=f86e5a66fd8da157688b8e66b9abd29b4ea255b09a6c47622ec3df90a9a1e1b7
NONCE=e0429041b22e9a532d000000000000000000000000000000
LEN=6
OUT=50c82a7c0100
---
FUNC=gh_init
STATE=0014ed28
KEYLEN=0
OUTLEN=4
---
FUNC=gh_update
STATE=0014ed28
LEN=10
DATA=e0429041b22e9a532d00
---
FUNC=gh_update
STATE=0014ed28
LEN=4
DATA=00000000
---
FUNC=gh_update
STATE=0014ed28
LEN=2
DATA=0100
---
FUNC=gh_final
RA=0002eba3
STATE=0014ed28
OUTLEN=4
OUT=50c82a7c
---
FUNC=randombytes
RA=0003af2f
LEN=32
BUF=f8248e7bff0c87e73b25626ac62f706c47dde8ec28238fbd9be02aba82fb4445
---
FUNC=gh_init
STATE=0014ed28
KEYLEN=0
OUTLEN=4
---
FUNC=gh_update
STATE=0014ed28
LEN=10
DATA=e0629041b22e9a53841f
---
FUNC=gh_update
STATE=0014ed28
LEN=4
DATA=00000000
---
FUNC=gh_update
STATE=0014ed28
LEN=41
DATA=010116805685f430139f5911cad6df4b352b1a1735e07eb42d7967951b73b8de076f0a000203feff03
---
FUNC=gh_final
RA=0002eba3
STATE=0014ed28
OUTLEN=4
OUT=799e2144
---
FUNC=stream
PHASE=pre
RA=0002f725
KEY=f86e5a66fd8da157688b8e66b9abd29b4ea255b09a6c47622ec3df90a9a1e1b7
NONCE=e0629041b22e9a53841f0000000000000000000000000000
LEN=45
IN=799e2144010116805685f430139f5911cad6df4b352b1a1735e07eb42d7967951b73b8de076f0a000203feff03
---
FUNC=stream
PHASE=post
KEY=f86e5a66fd8da157688b8e66b9abd29b4ea255b09a6c47622ec3df90a9a1e1b7
NONCE=e0629041b22e9a53841f0000000000000000000000000000
LEN=45
OUT=d4daac5d3ccb7c318d236c4bac18da43b91520cc1e5e0ea7c4dbec34cba8b0352382b04e4ff0d378604c25883a
---
FUNC=stream
PHASE=pre
RA=0002f725
KEY=f86e5a66fd8da157688b8e66b9abd29b4ea255b09a6c47622ec3df90a9a1e1b7
NONCE=e0429041b22e9a532e0a0000000000000000000000000000
LEN=53
IN=1e0817a14189decc8c9774ced09b887405fa3196a9a091f1eeae0d7455afa713e12a817b96ba1c415e7814a7158c1881fa6dcddf8e
---
FUNC=stream
PHASE=post
KEY=f86e5a66fd8da157688b8e66b9abd29b4ea255b09a6c47622ec3df90a9a1e1b7
NONCE=e0429041b22e9a532e0a0000000000000000000000000000
LEN=53
OUT=ac77f42b0102016f84d2609768434e63f1354307309964e6599f049826b3bfce8bae4805d4f23b82cd3368c74cc042e63a03feff03
---
FUNC=gh_init
STATE=0014ed28
KEYLEN=0
OUTLEN=4
---
FUNC=gh_update
STATE=0014ed28
LEN=10
DATA=e0429041b22e9a532e0a
---
FUNC=gh_update
STATE=0014ed28
LEN=4
DATA=00000000
---
FUNC=gh_update
STATE=0014ed28
LEN=49
DATA=0102016f84d2609768434e63f1354307309964e6599f049826b3bfce8bae4805d4f23b82cd3368c74cc042e63a03feff03
---
FUNC=gh_final
RA=0002eba3
STATE=0014ed28
OUTLEN=4
OUT=ac77f42b
---
FUNC=scalarmult
RA=0003afb3
PRIV=f8248e7bff0c87e73b25626ac62f706c47dde8ec28238fbd9be02aba82fb4445
PUB=6f84d2609768434e63f1354307309964e6599f049826b3bfce8bae4805d4f23b
SHARED=66f84623eaa393e1745860734d668b8c796f2d570962d2a65d55ac965116a87b
RC=0
---
FUNC=gh_init
STATE=00162170
KEYLEN=0
OUTLEN=32
---
FUNC=gh_update
STATE=00162170
LEN=32
DATA=66f84623eaa393e1745860734d668b8c796f2d570962d2a65d55ac965116a87b
---
FUNC=gh_update
STATE=00162170
LEN=32
DATA=16805685f430139f5911cad6df4b352b1a1735e07eb42d7967951b73b8de076f
---
FUNC=gh_update
STATE=00162170
LEN=32
DATA=6f84d2609768434e63f1354307309964e6599f049826b3bfce8bae4805d4f23b
---
FUNC=gh_update
STATE=00162170
LEN=32
DATA=f33f139dd127a90832df4ec193512a22d280c05c7e36632f40d2bcd60e2c2282
---
FUNC=gh_final
RA=0002eba3
STATE=00162170
OUTLEN=32
OUT=b2af3c5b732e37e1e70cbf98d1aeed8b00fd1b0e48f9014b53680b4c5f04ee3a
---
FUNC=stream
PHASE=pre
RA=0002f725
KEY=b2af3c5b732e37e1e70cbf98d1aeed8b00fd1b0e48f9014b53680b4c5f04ee3a
NONCE=000000000000000000000000000000000000000000000000
LEN=10
IN=82cd3368c74cc042e63a
---
FUNC=stream
PHASE=post
KEY=b2af3c5b732e37e1e70cbf98d1aeed8b00fd1b0e48f9014b53680b4c5f04ee3a
NONCE=000000000000000000000000000000000000000000000000
LEN=10
OUT=9041b22e9a531810cf46
---
FUNC=stream
PHASE=pre
RA=0002f725
KEY=b2af3c5b732e37e1e70cbf98d1aeed8b00fd1b0e48f9014b53680b4c5f04ee3a
NONCE=000000000000000000000000000000000000000000000000
LEN=16
IN=9041b23483dc9041b22e9a531810cf46
---
FUNC=stream
PHASE=post
KEY=b2af3c5b732e37e1e70cbf98d1aeed8b00fd1b0e48f9014b53680b4c5f04ee3a
NONCE=000000000000000000000000000000000000000000000000
LEN=16
OUT=82cd3372dec348139b52a779b0f73371
---
FUNC=gh_init
STATE=0014ed28
KEYLEN=0
OUTLEN=4
---
FUNC=gh_update
STATE=0014ed28
LEN=10
DATA=e0629041b22e9a53856c
---
FUNC=gh_update
STATE=0014ed28
LEN=4
DATA=00000000
---
FUNC=gh_update
STATE=0014ed28
LEN=18
DATA=010382cd3372dec348139b52a779b0f73371
---
FUNC=gh_final
RA=0002eba3
STATE=0014ed28
OUTLEN=4
OUT=6828357d
---
FUNC=stream
PHASE=pre
RA=0002f725
KEY=f86e5a66fd8da157688b8e66b9abd29b4ea255b09a6c47622ec3df90a9a1e1b7
NONCE=e0629041b22e9a53856c0000000000000000000000000000
LEN=22
IN=6828357d010382cd3372dec348139b52a779b0f73371
---
FUNC=stream
PHASE=post
KEY=f86e5a66fd8da157688b8e66b9abd29b4ea255b09a6c47622ec3df90a9a1e1b7
NONCE=e0629041b22e9a53856c0000000000000000000000000000
LEN=22
OUT=ac1902e8dda9ccf4b20ae6d6e7766fd4be734668a6b1
---
FUNC=stream
PHASE=pre
RA=0002f725
KEY=b2af3c5b732e37e1e70cbf98d1aeed8b00fd1b0e48f9014b53680b4c5f04ee3a
NONCE=e0549041b22e9a5301340000000000000000000000000000
LEN=26
IN=80d0a5211523422c22b83c187b57d16f2a499c3202ba7432ec31
---
FUNC=stream
PHASE=post
KEY=b2af3c5b732e37e1e70cbf98d1aeed8b00fd1b0e48f9014b53680b4c5f04ee3a
NONCE=e0549041b22e9a5301340000000000000000000000000000
LEN=26
OUT=f7cffa3c0c0001000000000202000180800300580b7000140000
---
FUNC=gh_init
STATE=0014ed28
KEYLEN=0
OUTLEN=4
---
FUNC=gh_update
STATE=0014ed28
LEN=10
DATA=e0549041b22e9a530134
---
FUNC=gh_update
STATE=0014ed28
LEN=4
DATA=00000000
---
FUNC=gh_update
STATE=0014ed28
LEN=22
DATA=0c0001000000000202000180800300580b7000140000
---
FUNC=gh_final
RA=0002eba3
STATE=0014ed28
OUTLEN=4
OUT=f7cffa3c
---
FUNC=gh_init
STATE=0014ed28
KEYLEN=0
OUTLEN=4
---
FUNC=gh_update
STATE=0014ed28
LEN=10
DATA=e0749041b22e9a5301c1
---
FUNC=gh_update
STATE=0014ed28
LEN=4
DATA=00000000
---
FUNC=gh_update
STATE=0014ed28
LEN=2
DATA=0981
---
FUNC=gh_final
RA=0002eba3
STATE=0014ed28
OUTLEN=4
OUT=47e27a18
---
FUNC=stream
PHASE=pre
RA=0002f725
KEY=b2af3c5b732e37e1e70cbf98d1aeed8b00fd1b0e48f9014b53680b4c5f04ee3a
NONCE=e0749041b22e9a5301c10000000000000000000000000000
LEN=6
IN=47e27a180981
---
FUNC=stream
PHASE=post
KEY=b2af3c5b732e37e1e70cbf98d1aeed8b00fd1b0e48f9014b53680b4c5f04ee3a
NONCE=e0749041b22e9a5301c10000000000000000000000000000
LEN=6
OUT=160ccffb0566
---
FUNC=stream
PHASE=pre
RA=0002f725
KEY=b2af3c5b732e37e1e70cbf98d1aeed8b00fd1b0e48f9014b53680b4c5f04ee3a
NONCE=e0449041b22e9a5302810000000000000000000000000001
LEN=82
IN=52980e258411495f1259699c4ac18800f29ca16ec2c5385ef29a8ef863a58571e5ce2ec4134ee4d0eec85c80ed21bca2aa9132cd8393a4c4a90a96fc647e64009331b4a67b459f3e72484dfbfa7fc74392ba
---
FUNC=stream
PHASE=post
KEY=b2af3c5b732e37e1e70cbf98d1aeed8b00fd1b0e48f9014b53680b4c5f04ee3a
NONCE=e0449041b22e9a5302810000000000000000000000000001
LEN=82
OUT=eb4877a20a81ae9400010001000000f5a9470452b4ba379a5749018003ab8809ac01fb03080f110e01010402010311010a0d01020e01012001011202061301040301041401011501011601010f0101100101
---
FUNC=gh_init
STATE=0014ed28
KEYLEN=0
OUTLEN=4
---
FUNC=gh_update
STATE=0014ed28
LEN=10
DATA=e0449041b22e9a530281
---
FUNC=gh_update
STATE=0014ed28
LEN=4
DATA=00000000
---
FUNC=gh_update
STATE=0014ed28
LEN=78
DATA=0a81ae9400010001000000f5a9470452b4ba379a5749018003ab8809ac01fb03080f110e01010402010311010a0d01020e01012001011202061301040301041401011501011601010f0101100101
---
FUNC=gh_final
RA=0002eba3
STATE=0014ed28
OUTLEN=4
OUT=eb4877a2
---
FUNC=gh_init
STATE=0014ed28
KEYLEN=0
OUTLEN=4
---
FUNC=gh_update
STATE=0014ed28
LEN=10
DATA=e0749041b22e9a530243
---
FUNC=gh_update
STATE=0014ed28
LEN=4
DATA=00000000
---
FUNC=gh_update
STATE=0014ed28
LEN=6
DATA=0b8211010d14
---
FUNC=gh_final
RA=0002eba3
STATE=0014ed28
OUTLEN=4
OUT=3f97018d
---
FUNC=stream
PHASE=pre
RA=0002f725
KEY=b2af3c5b732e37e1e70cbf98d1aeed8b00fd1b0e48f9014b53680b4c5f04ee3a
NONCE=e0749041b22e9a5302430000000000000000000000000001
LEN=10
IN=3f97018d0b8211010d14
---
FUNC=stream
PHASE=post
KEY=b2af3c5b732e37e1e70cbf98d1aeed8b00fd1b0e48f9014b53680b4c5f04ee3a
NONCE=e0749041b22e9a5302430000000000000000000000000001
LEN=10
OUT=11762d042f79e8a646fb
---
FUNC=stream
PHASE=pre
RA=0002f725
KEY=b2af3c5b732e37e1e70cbf98d1aeed8b00fd1b0e48f9014b53680b4c5f04ee3a
NONCE=e0449041b22e9a5303820000000000000000000000000001
LEN=31
IN=c7dbbd9793852d68aa12211115699e5a544a776273fb3ccbd454f94454dac5
---
FUNC=stream
PHASE=post
KEY=b2af3c5b732e37e1e70cbf98d1aeed8b00fd1b0e48f9014b53680b4c5f04ee3a
NONCE=e0449041b22e9a5303820000000000000000000000000001
LEN=31
OUT=31543ca30c82010000000008110000010001000000f5a9470d00012c140000
---
FUNC=gh_init
STATE=0014ed28
KEYLEN=0
OUTLEN=4
---
FUNC=gh_update
STATE=0014ed28
LEN=10
DATA=e0449041b22e9a530382
---
FUNC=gh_update
STATE=0014ed28
LEN=4
DATA=00000000
---
FUNC=gh_update
STATE=0014ed28
LEN=27
DATA=0c82010000000008110000010001000000f5a9470d00012c140000
---
FUNC=gh_final
RA=0002eba3
STATE=0014ed28
OUTLEN=4
OUT=31543ca3
---
FUNC=gh_init
STATE=0014ed28
KEYLEN=0
OUTLEN=4
---
FUNC=gh_update
STATE=0014ed28
LEN=10
DATA=e0749041b22e9a530349
---
FUNC=gh_update
STATE=0014ed28
LEN=4
DATA=00000000
---
FUNC=gh_update
STATE=0014ed28
LEN=2
DATA=0983
---
FUNC=gh_final
RA=0002eba3
STATE=0014ed28
OUTLEN=4
OUT=aab67851
---
FUNC=stream
PHASE=pre
RA=0002f725
KEY=b2af3c5b732e37e1e70cbf98d1aeed8b00fd1b0e48f9014b53680b4c5f04ee3a
NONCE=e0749041b22e9a5303490000000000000000000000000002
LEN=6
IN=aab678510983
---
FUNC=stream
PHASE=post
KEY=b2af3c5b732e37e1e70cbf98d1aeed8b00fd1b0e48f9014b53680b4c5f04ee3a
NONCE=e0749041b22e9a5303490000000000000000000000000002
LEN=6
OUT=a2646b5c753c
---
FUNC=stream
PHASE=pre
RA=0002f725
KEY=b2af3c5b732e37e1e70cbf98d1aeed8b00fd1b0e48f9014b53680b4c5f04ee3a
NONCE=e0449041b22e9a5304830000000000000000000000000001
LEN=82
IN=72ee6ac6319fb701f2e21ac3caad6acfff07fb1e982ccc830d36e1c31fd826ab0754ec117d764e5c3a444a768b88874244fb6fdc9ea752ed19199fd03ee1365cdf059c4952b916c135ba77e1df37348d8515
---
FUNC=stream
PHASE=post
KEY=b2af3c5b732e37e1e70cbf98d1aeed8b00fd1b0e48f9014b53680b4c5f04ee3a
NONCE=e0449041b22e9a5304830000000000000000000000000001
LEN=82
OUT=d716a8570a83ae9400010001000000f5a9470452b4ba379a5749018003ab8809ac01fb03080f110e01010402010311010a0d01020e01012001011202061301040301041401011501011601010f0101100101
---
FUNC=gh_init
STATE=0014ed28
KEYLEN=0
OUTLEN=4
---
FUNC=gh_update
STATE=0014ed28
LEN=10
DATA=e0449041b22e9a530483
---
FUNC=gh_update
STATE=0014ed28
LEN=4
DATA=00000000
---
FUNC=gh_update
STATE=0014ed28
LEN=78
DATA=0a83ae9400010001000000f5a9470452b4ba379a5749018003ab8809ac01fb03080f110e01010402010311010a0d01020e01012001011202061301040301041401011501011601010f0101100101
---
FUNC=gh_final
RA=0002eba3
STATE=0014ed28
OUTLEN=4
OUT=d716a857
---
FUNC=gh_init
STATE=0014ed28
KEYLEN=0
OUTLEN=4
---
FUNC=gh_update
STATE=0014ed28
LEN=10
DATA=e0749041b22e9a530467
---
FUNC=gh_update
STATE=0014ed28
LEN=4
DATA=00000000
---
FUNC=gh_update
STATE=0014ed28
LEN=6
DATA=0b8411010d14
---
FUNC=gh_final
RA=0002eba3
STATE=0014ed28
OUTLEN=4
OUT=7a701eed
---
FUNC=stream
PHASE=pre
RA=0002f725
KEY=b2af3c5b732e37e1e70cbf98d1aeed8b00fd1b0e48f9014b53680b4c5f04ee3a
NONCE=e0749041b22e9a5304670000000000000000000000000003
LEN=10
IN=7a701eed0b8411010d14
---
FUNC=stream
PHASE=post
KEY=b2af3c5b732e37e1e70cbf98d1aeed8b00fd1b0e48f9014b53680b4c5f04ee3a
NONCE=e0749041b22e9a5304670000000000000000000000000003
LEN=10
OUT=c20e8b2e44e30c55bb93
---
