FUNC=stream
PHASE=pre
RA=0002f8a5
KEY=da6a5aa1f5e5442da77ee3d6192bc0528234248e12cd242396d16b9ed1b71aa1
NONCE=e0439041b22e9a5313150000000000000000000000000002
LEN=6
IN=078b8307a5c5
---
FUNC=stream
PHASE=post
KEY=da6a5aa1f5e5442da77ee3d6192bc0528234248e12cd242396d16b9ed1b71aa1
NONCE=e0439041b22e9a5313150000000000000000000000000002
LEN=6
OUT=3c74ae3a0100
---
FUNC=gh_init
STATE=00122e20
KEYLEN=0
OUTLEN=4
---
FUNC=gh_update
STATE=00122e20
LEN=10
DATA=e0439041b22e9a531315
---
FUNC=gh_update
STATE=00122e20
LEN=4
DATA=00000000
---
FUNC=gh_update
STATE=00122e20
LEN=2
DATA=0100
---
FUNC=gh_final
RA=0002ed23
STATE=00122e20
OUTLEN=4
OUT=3c74ae3a
---
FUNC=stream
PHASE=pre
RA=0002f8a5
KEY=47be3dffb41ea35749c9290e6d2124e6b3e3842ab4e443bd0ac41eda045c2dbe
NONCE=e0409041b22e9a5349170000000000000000000000000000
LEN=12
IN=d25d7a7832a9913d79355da5
---
FUNC=stream
PHASE=post
KEY=47be3dffb41ea35749c9290e6d2124e6b3e3842ab4e443bd0ac41eda045c2dbe
NONCE=e0409041b22e9a5349170000000000000000000000000000
LEN=12
OUT=0b7c40b801ae94c60000048f
---
FUNC=gh_init
STATE=00122e20
KEYLEN=0
OUTLEN=4
---
FUNC=gh_update
STATE=00122e20
LEN=10
DATA=e0409041b22e9a534917
---
FUNC=gh_update
STATE=00122e20
LEN=4
DATA=00000000
---
FUNC=gh_update
STATE=00122e20
LEN=8
DATA=01ae94c60000048f
---
FUNC=gh_final
RA=0002ed23
STATE=00122e20
OUTLEN=4
OUT=0b7c40b8
---
FUNC=ssl_write
SSL=00197290
RA=000670a5
LEN=234
DATA=827e00e6010100000000006f7b226964223a2230323534336134352d643362312d346330652d383663322d386337653235356633653461222c226e616d65223a22646973636f76657279526573756c74222c2274696d657374616d70223a313738343737313538313839392c2274797065223a226576656e74227d02010000000000677b2261646f70746564223a747275652c226d6163223a2239303a34313a42323a32453a39413a3533222c226e6574776f726b4964223a313136372c227369676e616c223a7b2272737369223a2d35352c22736e72223a31307d2c2273736964223a34343639327d
---
FUNC=ssl_write
SSL=00197290
RA=000670a5
LEN=12
DATA=890a31373834373731363034
---
FUNC=ssl_read
SSL=00197290
RA=000670a5
LEN=16
DATA=8a8a693e96ee5809aeda5e09a7d8590a
---
FUNC=stream
PHASE=pre
RA=0002f8a5
KEY=da6a5aa1f5e5442da77ee3d6192bc0528234248e12cd242396d16b9ed1b71aa1
NONCE=e0439041b22e9a5314220000000000000000000000000002
LEN=6
IN=5843a836a2df
---
FUNC=stream
PHASE=post
KEY=da6a5aa1f5e5442da77ee3d6192bc0528234248e12cd242396d16b9ed1b71aa1
NONCE=e0439041b22e9a5314220000000000000000000000000002
LEN=6
OUT=78f1d0940100
---
FUNC=gh_init
STATE=00122e20
KEYLEN=0
OUTLEN=4
---
FUNC=gh_update
STATE=00122e20
LEN=10
DATA=e0439041b22e9a531422
---
FUNC=gh_update
STATE=00122e20
LEN=4
DATA=00000000
---
FUNC=gh_update
STATE=00122e20
LEN=2
DATA=0100
---
FUNC=gh_final
RA=0002ed23
STATE=00122e20
OUTLEN=4
OUT=78f1d094
---
FUNC=stream
PHASE=pre
RA=0002f8a5
KEY=47be3dffb41ea35749c9290e6d2124e6b3e3842ab4e443bd0ac41eda045c2dbe
NONCE=e0409041b22e9a534a1c0000000000000000000000000000
LEN=12
IN=52f11f4b43e9b83a876677dd
---
FUNC=stream
PHASE=post
KEY=47be3dffb41ea35749c9290e6d2124e6b3e3842ab4e443bd0ac41eda045c2dbe
NONCE=e0409041b22e9a534a1c0000000000000000000000000000
LEN=12
OUT=19c31d9701ae94c70000048f
---
FUNC=gh_init
STATE=00122e20
KEYLEN=0
OUTLEN=4
---
FUNC=gh_update
STATE=00122e20
LEN=10
DATA=e0409041b22e9a534a1c
---
FUNC=gh_update
STATE=00122e20
LEN=4
DATA=00000000
---
FUNC=gh_update
STATE=00122e20
LEN=8
DATA=01ae94c70000048f
---
FUNC=gh_final
RA=0002ed23
STATE=00122e20
OUTLEN=4
OUT=19c31d97
---
FUNC=ssl_write
SSL=00197290
RA=000670a5
LEN=233
DATA=827e00e5010100000000006f7b226964223a2232386631333462612d653130322d343361632d386664302d396436623863383236393264222c226e616d65223a22646973636f76657279526573756c74222c2274696d657374616d70223a313738343737313631313839392c2274797065223a226576656e74227d02010000000000667b2261646f70746564223a747275652c226d6163223a2239303a34313a42323a32453a39413a3533222c226e6574776f726b4964223a313136372c227369676e616c223a7b2272737369223a2d35352c22736e72223a397d2c2273736964223a34343639327d
---
FUNC=ssl_read
SSL=00197290
RA=000670a5
LEN=211
DATA=82fe00cb4cc287544dc387544cc2873b37e0e63738abe83a6ef8a52729ace31929b1f4352ba7a5786eabe37676e0b0632df7e1617ea6aa6d2ea6b27978a4be6161a3e1617defe56c7bf2e66475a1b6312aa7a5786eb6fe2429e0bd763ea7f62129b1f37660e0f33d21a7f4202daff77676f3b06c78f5b0657af3b16d78f6fa564dc287544cc2cb2f6eafe6376ef8a56d7cf6b6167ef0c26d0df7b47660e0e33538a3a56e6ef2b06779e0ab7628b7f32d6ef8f32639a7ab762da1ec7676b6f52129eea52025afe23b39b6a56e75f2b7647cf2fa
---
FUNC=ssl_read
SSL=00197290
RA=000670a5
LEN=6
DATA=89801fc236a9
---
FUNC=ssl_write
SSL=00197290
RA=000670a5
LEN=2
DATA=8a00
---
FUNC=stream
PHASE=pre
RA=0002f8a5
KEY=da6a5aa1f5e5442da77ee3d6192bc0528234248e12cd242396d16b9ed1b71aa1
NONCE=e0439041b22e9a5315050000000000000000000000000002
LEN=6
IN=cf215c05b177
---
FUNC=stream
PHASE=post
KEY=da6a5aa1f5e5442da77ee3d6192bc0528234248e12cd242396d16b9ed1b71aa1
NONCE=e0439041b22e9a5315050000000000000000000000000002
LEN=6
OUT=6f9f19e60100
---
FUNC=gh_init
STATE=00122e20
KEYLEN=0
OUTLEN=4
---
FUNC=gh_update
STATE=00122e20
LEN=10
DATA=e0439041b22e9a531505
---
FUNC=gh_update
STATE=00122e20
LEN=4
DATA=00000000
---
FUNC=gh_update
STATE=00122e20
LEN=2
DATA=0100
---
FUNC=gh_final
RA=0002ed23
STATE=00122e20
OUTLEN=4
OUT=6f9f19e6
---
FUNC=gh_init
STATE=00122e20
KEYLEN=0
OUTLEN=4
---
FUNC=gh_update
STATE=00122e20
LEN=10
DATA=e0749041b22e9a530d09
---
FUNC=gh_update
STATE=00122e20
LEN=4
DATA=00000000
---
FUNC=gh_update
STATE=00122e20
LEN=2
DATA=0735
---
FUNC=gh_final
RA=0002ed23
STATE=00122e20
OUTLEN=4
OUT=446f9305
---
FUNC=stream
PHASE=pre
RA=0002f8a5
KEY=da6a5aa1f5e5442da77ee3d6192bc0528234248e12cd242396d16b9ed1b71aa1
NONCE=e0749041b22e9a530d09000000000000000000000000000c
LEN=6
IN=446f93050735
---
FUNC=stream
PHASE=post
KEY=da6a5aa1f5e5442da77ee3d6192bc0528234248e12cd242396d16b9ed1b71aa1
NONCE=e0749041b22e9a530d09000000000000000000000000000c
LEN=6
OUT=7c256984813a
---
FUNC=stream
PHASE=pre
RA=0002f8a5
KEY=da6a5aa1f5e5442da77ee3d6192bc0528234248e12cd242396d16b9ed1b71aa1
NONCE=e0549041b22e9a53168d0000000000000000000000000002
LEN=7
IN=44889790be5e2c
---
FUNC=stream
PHASE=post
KEY=da6a5aa1f5e5442da77ee3d6192bc0528234248e12cd242396d16b9ed1b71aa1
NONCE=e0549041b22e9a53168d0000000000000000000000000002
LEN=7
OUT=8af78520013500
---
FUNC=gh_init
STATE=00122e20
KEYLEN=0
OUTLEN=4
---
FUNC=gh_update
STATE=00122e20
LEN=10
DATA=e0549041b22e9a53168d
---
FUNC=gh_update
STATE=00122e20
LEN=4
DATA=00000000
---
FUNC=gh_update
STATE=00122e20
LEN=3
DATA=013500
---
FUNC=gh_final
RA=0002ed23
STATE=00122e20
OUTLEN=4
OUT=8af78520
---
FUNC=ssl_write
SSL=00197290
RA=000670a5
LEN=340
DATA=827e008401010000000000727b226572726f72223a22222c226572726f72436f6465223a302c226964223a2237376135663532642d396264352d346639352d616635312d623837306130396331656665222c2274696d657374616d70223a313738343737313633383330372c2274797065223a22726573706f6e7365227d02010000000000027b7d827e00c8010100000000006f7b226964223a2264373031643066622d616630342d343431382d623033352d663662373234363130386632222c226e616d65223a226d6573736167655265636569766564222c2274696d657374616d70223a313738343737313633383330372c2274797065223a226576656e74227d02010000000000497b2264617461223a22303133353030222c226d6163223a2239303a34313a42323a32453a39413a3533222c227369676e616c223a7b2272737369223a2d35302c22736e72223a387d7d
---
FUNC=ssl_read
SSL=00197290
RA=000670a5
LEN=158
DATA=82fe009610d74c4411d64c4410d74c346bf52d2764be232a32ed6e3675ba23327593293279b429663cf5252032ed6e7222e12f2221b57c6925e27d253de32e2020fa2e2523ef617d23b2757076b67e7625e374663cf5383d60b26e7e32a5293565b23f3032fb6e3079ba293764b6213432ed7d7328e37b7321e17f7c23e57f3912d64c4410d74c526bf5212573f5766629e7787552e57e012996797732aa
---
FUNC=ssl_write
SSL=00197290
RA=000670a5
LEN=307
DATA=827e008401010000000000727b226572726f72223a22222c226572726f72436f6465223a302c226964223a2236323663663162302d353531612d346264302d626133382d393365393466613232353438222c2274696d657374616d70223a313738343737313633383332352c2274797065223a22726573706f6e7365227d02010000000000027b7d827e00a7010100000000006f7b226964223a2263376330643864392d633164392d346366372d383539362d396566366461616163353938222c226e616d65223a2264657673496e666f4368616e676564222c2274696d657374616d70223a313738343737313633383332352c2274797065223a226576656e74227d02010000000000287b226361706163697479223a7b22617661696c61626c65223a3130302c226d6178223a3130307d7d
---
FUNC=stream
PHASE=pre
RA=0002f8a5
KEY=47be3dffb41ea35749c9290e6d2124e6b3e3842ab4e443bd0ac41eda045c2dbe
NONCE=e0409041b22e9a53c8180000000000000000000000000000
LEN=12
IN=486320d5c25113dc58e7fd0b
---
FUNC=stream
PHASE=post
KEY=47be3dffb41ea35749c9290e6d2124e6b3e3842ab4e443bd0ac41eda045c2dbe
NONCE=e0409041b22e9a53c8180000000000000000000000000000
LEN=12
OUT=5c0f37d601ae940000000000
---
FUNC=gh_init
STATE=00159af8
KEYLEN=0
OUTLEN=4
---
FUNC=gh_update
STATE=00159af8
LEN=10
DATA=e0409041b22e9a53c818
---
FUNC=gh_update
STATE=00159af8
LEN=4
DATA=00000000
---
FUNC=gh_update
STATE=00159af8
LEN=8
DATA=01ae940000000000
---
FUNC=gh_final
RA=0002ed23
STATE=00159af8
OUTLEN=4
OUT=5c0f37d6
---
FUNC=ssl_write
SSL=00197290
RA=000670a5
LEN=217
DATA=827e00d5010100000000006f7b226964223a2262353936396662352d646238662d343334382d393262662d383666363136323832623436222c226e616d65223a22646973636f76657279526573756c74222c2274696d657374616d70223a313738343737313634343235342c2274797065223a226576656e74227d02010000000000567b2261646f70746564223a66616c73652c226d6163223a2239303a34313a42323a32453a39413a3533222c227369676e616c223a7b2272737369223a2d35362c22736e72223a397d2c2273736964223a34343639327d
---
FUNC=stream
PHASE=pre
RA=0002f8a5
KEY=47be3dffb41ea35749c9290e6d2124e6b3e3842ab4e443bd0ac41eda045c2dbe
NONCE=e0409041b22e9a53c9030000000000000000000000000000
LEN=12
IN=92ea3f6008e7fc1c302e969c
---
FUNC=stream
PHASE=post
KEY=47be3dffb41ea35749c9290e6d2124e6b3e3842ab4e443bd0ac41eda045c2dbe
NONCE=e0409041b22e9a53c9030000000000000000000000000000
LEN=12
OUT=a6d4d14a01ae940100000000
---
FUNC=gh_init
STATE=00159af8
KEYLEN=0
OUTLEN=4
---
FUNC=gh_update
STATE=00159af8
LEN=10
DATA=e0409041b22e9a53c903
---
FUNC=gh_update
STATE=00159af8
LEN=4
DATA=00000000
---
FUNC=gh_update
STATE=00159af8
LEN=8
DATA=01ae940100000000
---
FUNC=gh_final
RA=0002ed23
STATE=00159af8
OUTLEN=4
OUT=a6d4d14a
---
FUNC=ssl_write
SSL=00197290
RA=000670a5
LEN=217
DATA=827e00d5010100000000006f7b226964223a2238656164373761642d313838312d343362312d623539622d316461666534326133383761222c226e616d65223a22646973636f76657279526573756c74222c2274696d657374616d70223a313738343737313634393235322c2274797065223a226576656e74227d02010000000000567b2261646f70746564223a66616c73652c226d6163223a2239303a34313a42323a32453a39413a3533222c227369676e616c223a7b2272737369223a2d34382c22736e72223a387d2c2273736964223a34343639327d
---
FUNC=stream
PHASE=pre
RA=0002f8a5
KEY=47be3dffb41ea35749c9290e6d2124e6b3e3842ab4e443bd0ac41eda045c2dbe
NONCE=e0409041b22e9a53ca1d0000000000000000000000000000
LEN=12
IN=91174c1a3642ea211eae2194
---
FUNC=stream
PHASE=post
KEY=47be3dffb41ea35749c9290e6d2124e6b3e3842ab4e443bd0ac41eda045c2dbe
NONCE=e0409041b22e9a53ca1d0000000000000000000000000000
LEN=12
OUT=49dba9f001ae940200000000
---
FUNC=gh_init
STATE=00159af8
KEYLEN=0
OUTLEN=4
---
FUNC=gh_update
STATE=00159af8
LEN=10
DATA=e0409041b22e9a53ca1d
---
FUNC=gh_update
STATE=00159af8
LEN=4
DATA=00000000
---
FUNC=gh_update
STATE=00159af8
LEN=8
DATA=01ae940200000000
---
FUNC=gh_final
RA=0002ed23
STATE=00159af8
OUTLEN=4
OUT=49dba9f0
---
FUNC=ssl_write
SSL=00197290
RA=000670a5
LEN=217
DATA=827e00d5010100000000006f7b226964223a2230653033396338382d333361392d343236662d386333342d623233373766626164653465222c226e616d65223a22646973636f76657279526573756c74222c2274696d657374616d70223a313738343737313635343235322c2274797065223a226576656e74227d02010000000000567b2261646f70746564223a66616c73652c226d6163223a2239303a34313a42323a32453a39413a3533222c227369676e616c223a7b2272737369223a2d34362c22736e72223a397d2c2273736964223a34343639327d
---
FUNC=stream
PHASE=pre
RA=0002f8a5
KEY=47be3dffb41ea35749c9290e6d2124e6b3e3842ab4e443bd0ac41eda045c2dbe
NONCE=e0409041b22e9a53020d0000000000000000000000000000
LEN=12
IN=6700c94764b13e3ceac6d968
---
FUNC=stream
PHASE=post
KEY=47be3dffb41ea35749c9290e6d2124e6b3e3842ab4e443bd0ac41eda045c2dbe
NONCE=e0409041b22e9a53020d0000000000000000000000000000
LEN=12
OUT=7f6e5d8401ae940000000000
---
FUNC=gh_init
STATE=00159af8
KEYLEN=0
OUTLEN=4
---
FUNC=gh_update
STATE=00159af8
LEN=10
DATA=e0409041b22e9a53020d
---
FUNC=gh_update
STATE=00159af8
LEN=4
DATA=00000000
---
FUNC=gh_update
STATE=00159af8
LEN=8
DATA=01ae940000000000
---
FUNC=gh_final
RA=0002ed23
STATE=00159af8
OUTLEN=4
OUT=7f6e5d84
---
FUNC=ssl_write
SSL=00197290
RA=000670a5
LEN=217
DATA=827e00d5010100000000006f7b226964223a2232326433613864372d396431642d343462362d616266362d336664326361353932613966222c226e616d65223a22646973636f76657279526573756c74222c2274696d657374616d70223a313738343737313636333239312c2274797065223a226576656e74227d02010000000000567b2261646f70746564223a66616c73652c226d6163223a2239303a34313a42323a32453a39413a3533222c227369676e616c223a7b2272737369223a2d35372c22736e72223a397d2c2273736964223a34343639327d
---
FUNC=ssl_write
SSL=00197290
RA=000670a5
LEN=12
DATA=890a31373834373731363635
---
FUNC=ssl_read
SSL=00197290
RA=000670a5
LEN=16
DATA=8a8ab8d8bcf689ef84c28fef8dc08eed
---
FUNC=stream
PHASE=pre
RA=0002f8a5
KEY=47be3dffb41ea35749c9290e6d2124e6b3e3842ab4e443bd0ac41eda045c2dbe
NONCE=e0409041b22e9a5303090000000000000000000000000000
LEN=12
IN=2bdab018a081979f71e724b0
---
FUNC=stream
PHASE=post
KEY=47be3dffb41ea35749c9290e6d2124e6b3e3842ab4e443bd0ac41eda045c2dbe
NONCE=e0409041b22e9a5303090000000000000000000000000000
LEN=12
OUT=2e94ec1401ae940100000000
---
FUNC=gh_init
STATE=00159af8
KEYLEN=0
OUTLEN=4
---
FUNC=gh_update
STATE=00159af8
LEN=10
DATA=e0409041b22e9a530309
---
FUNC=gh_update
STATE=00159af8
LEN=4
DATA=00000000
---
FUNC=gh_update
STATE=00159af8
LEN=8
DATA=01ae940100000000
---
FUNC=gh_final
RA=0002ed23
STATE=00159af8
OUTLEN=4
OUT=2e94ec14
---
FUNC=ssl_write
SSL=00197290
RA=000670a5
LEN=217
DATA=827e00d5010100000000006f7b226964223a2263353932333665372d383265382d346464342d613539622d363933633135353634626331222c226e616d65223a22646973636f76657279526573756c74222c2274696d657374616d70223a313738343737313636383238372c2274797065223a226576656e74227d02010000000000567b2261646f70746564223a66616c73652c226d6163223a2239303a34313a42323a32453a39413a3533222c227369676e616c223a7b2272737369223a2d35332c22736e72223a397d2c2273736964223a34343639327d
---
FUNC=ssl_read
SSL=00197290
RA=000670a5
LEN=228
DATA=82fe00dc4fbce8074ebde8074fbce86a349e89643bd587696d86ca662bd8ac6239d58b626d90ca6e2b9ed2257b8c8c337ad8df6462848c352d91dc6476dec53f7edadc2a7b8b8b632cd98b632a88da646d90ca7336cc8d25759e9a623ec98d743b9ec4253bd585623cc8896a3f9ed2367884dc30788dde307f88da3332bee9074fbce80710c7ca6a2edfca3d6d85d8337efeda350a85a9327c9ec42524d99125759e8b32768edb66778a8d36798a8d332ddadb617785dd3e7988db61298d8b357b898e3e778ad9367ad98b347b85dc312bd98c372d84df632c8c8c302dd8db3f2bdeca7a
---
FUNC=ssl_write
SSL=00197290
RA=000670a5
LEN=306
DATA=827e008401010000000000727b226572726f72223a22222c226572726f72436f6465223a302c226964223a2234306434356437632d386432622d346339622d383166342d343763646365636465343263222c2274696d657374616d70223a313738343737313637303432362c2274797065223a22726573706f6e7365227d02010000000000027b7d827e00a6010100000000006f7b226964223a2261656564376364332d376634632d346564392d383231302d333031376338363365653631222c226e616d65223a2264657673496e666f4368616e676564222c2274696d657374616d70223a313738343737313637303432372c2274797065223a226576656e74227d02010000000000277b226361706163697479223a7b22617661696c61626c65223a39392c226d6178223a3130307d7d
---
FUNC=ssl_read
SSL=00197290
RA=000670a5
LEN=347
DATA=82fe01530c2b143d0d2a143d0c2b14527709755e78427b532e11364e694570706958675c6b4e36112e42701f360972046d12235f3d1a39083e4f20103849720e2112235c3a06770d6d12235e6e1d2309381c36112e5f6d4d69092e1f7e4e65486958601f20096054614e67496d46641f361a2305381c230c3a1c24093813693f0d2b143d0c2bc0462e46755e2e1136043c1f257f3e1951044d1e271f2009705c784a36072e1b260e3a1f2d053c482658694f2c0d6a4a720c351c2c5b6813210d341b260b3e4a225f681f720a694d220a6a48240e6a1a265e694f255e6813710a34192459681c2c0e351c7108381c75583b12200f3f4f71053a1a2d053a1e240f3d48270b6f1d2d093c1827093a18755e3f1e700568497508341327586e4d255f381a245c3e4e77083f1b240d3c1b20056a09381f685e60442e11604f794e381f6d487f1f365f66486907364965467152795f3607351b240d3c1b69
---
FUNC=stream
PHASE=pre
RA=0002f8a5
KEY=47be3dffb41ea35749c9290e6d2124e6b3e3842ab4e443bd0ac41eda045c2dbe
NONCE=e0409041b22e9a53041e0000000000000000000000000000
LEN=12
IN=83b925647879b56a08ed5e53
---
FUNC=stream
PHASE=post
KEY=47be3dffb41ea35749c9290e6d2124e6b3e3842ab4e443bd0ac41eda045c2dbe
NONCE=e0409041b22e9a53041e0000000000000000000000000000
LEN=12
OUT=9a1caaf901ae940200000000
---
FUNC=gh_init
STATE=00122e20
KEYLEN=0
OUTLEN=4
---
FUNC=gh_update
STATE=00122e20
LEN=10
DATA=e0409041b22e9a53041e
---
FUNC=gh_update
STATE=00122e20
LEN=4
DATA=00000000
---
FUNC=gh_update
STATE=00122e20
LEN=8
DATA=01ae940200000000
---
FUNC=gh_final
RA=0002ed23
STATE=00122e20
OUTLEN=4
OUT=9a1caaf9
---
FUNC=read
RA=b6f78e04
FD=19
LEN=32
DATA=a96a054d39a5592b11c964884803efdb733626fd84213c59f26b400dfa0c7802
---
FUNC=randombytes
RA=0003b203
LEN=32
BUF=a96a054d39a5592b11c964884803efdb733626fd84213c59f26b400dfa0c7802
---
FUNC=gh_init
STATE=00122e20
KEYLEN=0
OUTLEN=4
---
FUNC=gh_update
STATE=00122e20
LEN=10
DATA=e0629041b22e9a53800b
---
FUNC=gh_update
STATE=00122e20
LEN=4
DATA=00000000
---
FUNC=gh_update
STATE=00122e20
LEN=56
DATA=01018eefa38e4053d3365efa8fd95fbde7634aeb6c54ee82cf49ec21d2e181cbe37c0a000212feffffffffffffffffffffffffffffffff01
---
FUNC=gh_final
RA=0002ed23
STATE=00122e20
OUTLEN=4
OUT=a3235e6b
---
FUNC=stream
PHASE=pre
RA=0002f8a5
KEY=47be3dffb41ea35749c9290e6d2124e6b3e3842ab4e443bd0ac41eda045c2dbe
NONCE=e0629041b22e9a53800b0000000000000000000000000000
LEN=60
IN=a3235e6b01018eefa38e4053d3365efa8fd95fbde7634aeb6c54ee82cf49ec21d2e181cbe37c0a000212feffffffffffffffffffffffffffffffff01
---
FUNC=stream
PHASE=post
KEY=47be3dffb41ea35749c9290e6d2124e6b3e3842ab4e443bd0ac41eda045c2dbe
NONCE=e0629041b22e9a53800b0000000000000000000000000000
LEN=60
OUT=b2567e0de5bd1721257a6f5a609b265d1ad7056a735fa21773be258b32f5385254dc5f6e52489e0407b2a7815d3e8a1ca30ca6ff0ea0ad114b1bf380
---
FUNC=ssl_write
SSL=00197290
RA=000670a5
LEN=217
DATA=827e00d5010100000000006f7b226964223a2232356561373738642d363935332d346161382d393337622d356365373533633862313333222c226e616d65223a22646973636f76657279526573756c74222c2274696d657374616d70223a313738343737313637333238352c2274797065223a226576656e74227d02010000000000567b2261646f70746564223a66616c73652c226d6163223a2239303a34313a42323a32453a39413a3533222c227369676e616c223a7b2272737369223a2d35332c22736e72223a387d2c2273736964223a34343639327d
---
FUNC=stream
PHASE=pre
RA=0002f8a5
KEY=47be3dffb41ea35749c9290e6d2124e6b3e3842ab4e443bd0ac41eda045c2dbe
NONCE=e0429041b22e9a5305150000000000000000000000000000
LEN=53
IN=5979b68c596f37ee382b62211b35c1c312997183854a7c8fcb8c9333efb5a5e69208fa10bde80bc2115f6e104507dccd7599351754
---
FUNC=stream
PHASE=post
KEY=47be3dffb41ea35749c9290e6d2124e6b3e3842ab4e443bd0ac41eda045c2dbe
NONCE=e0429041b22e9a5305150000000000000000000000000000
LEN=53
OUT=96f10701010201c98883447f7eb8301859f6fb536e91017db2b1c7fd070211871aeb4cfde5c02cfb7b72223775fd04554903feff03
---
FUNC=gh_init
STATE=00122e20
KEYLEN=0
OUTLEN=4
---
FUNC=gh_update
STATE=00122e20
LEN=10
DATA=e0429041b22e9a530515
---
FUNC=gh_update
STATE=00122e20
LEN=4
DATA=00000000
---
FUNC=gh_update
STATE=00122e20
LEN=49
DATA=010201c98883447f7eb8301859f6fb536e91017db2b1c7fd070211871aeb4cfde5c02cfb7b72223775fd04554903feff03
---
FUNC=gh_final
RA=0002ed23
STATE=00122e20
OUTLEN=4
OUT=96f10701
---
FUNC=scalarmult
RA=0003b287
PRIV=a96a054d39a5592b11c964884803efdb733626fd84213c59f26b400dfa0c7802
PUB=c98883447f7eb8301859f6fb536e91017db2b1c7fd070211871aeb4cfde5c02c
SHARED=0bac76b75a5b0630ba5eda33f35231891e5b10c0b79a217e41db0d8e8279b95e
RC=0
---
FUNC=gh_init
STATE=00159af8
KEYLEN=0
OUTLEN=32
---
FUNC=gh_update
STATE=00159af8
LEN=32
DATA=0bac76b75a5b0630ba5eda33f35231891e5b10c0b79a217e41db0d8e8279b95e
---
FUNC=gh_update
STATE=00159af8
LEN=32
DATA=8eefa38e4053d3365efa8fd95fbde7634aeb6c54ee82cf49ec21d2e181cbe37c
---
FUNC=gh_update
STATE=00159af8
LEN=32
DATA=c98883447f7eb8301859f6fb536e91017db2b1c7fd070211871aeb4cfde5c02c
---
FUNC=gh_update
STATE=00159af8
LEN=32
DATA=c5923a86e166e4bf3f8959643ff1c245f986115ec34946ded0b87dc0d7bd38db
---
FUNC=gh_final
RA=0002ed23
STATE=00159af8
OUTLEN=32
OUT=5f8275141684f4a200ba896b53dd695e889562578de430d5df13227eb85e9d56
---
FUNC=stream
PHASE=pre
RA=0002f8a5
KEY=5f8275141684f4a200ba896b53dd695e889562578de430d5df13227eb85e9d56
NONCE=000000000000000000000000000000000000000000000000
LEN=10
IN=fb7b72223775fd045549
---
FUNC=stream
PHASE=post
KEY=5f8275141684f4a200ba896b53dd695e889562578de430d5df13227eb85e9d56
NONCE=000000000000000000000000000000000000000000000000
LEN=10
OUT=9041b22e9a531d8c3a5d
---
FUNC=stream
PHASE=pre
RA=0002f8a5
KEY=5f8275141684f4a200ba896b53dd695e889562578de430d5df13227eb85e9d56
NONCE=000000000000000000000000000000000000000000000000
LEN=16
IN=9041b23483dc9041b22e9a531d8c3a5d
---
FUNC=stream
PHASE=post
KEY=5f8275141684f4a200ba896b53dd695e889562578de430d5df13227eb85e9d56
NONCE=000000000000000000000000000000000000000000000000
LEN=16
OUT=fb7b72382efa70c9dd3a78d2109ca7ef
---
FUNC=gh_init
STATE=00122e20
KEYLEN=0
OUTLEN=4
---
FUNC=gh_update
STATE=00122e20
LEN=10
DATA=e0629041b22e9a538143
---
FUNC=gh_update
STATE=00122e20
LEN=4
DATA=00000000
---
FUNC=gh_update
STATE=00122e20
LEN=18
DATA=0103fb7b72382efa70c9dd3a78d2109ca7ef
---
FUNC=gh_final
RA=0002ed23
STATE=00122e20
OUTLEN=4
OUT=0fbe80a6
---
FUNC=stream
PHASE=pre
RA=0002f8a5
KEY=47be3dffb41ea35749c9290e6d2124e6b3e3842ab4e443bd0ac41eda045c2dbe
NONCE=e0629041b22e9a5381430000000000000000000000000000
LEN=22
IN=0fbe80a60103fb7b72382efa70c9dd3a78d2109ca7ef
---
FUNC=stream
PHASE=post
KEY=47be3dffb41ea35749c9290e6d2124e6b3e3842ab4e443bd0ac41eda045c2dbe
NONCE=e0629041b22e9a5381430000000000000000000000000000
LEN=22
OUT=add84a2039b0031600024eb9de6723f36792527e4b15
---
FUNC=stream
PHASE=pre
RA=0002f8a5
KEY=5f8275141684f4a200ba896b53dd695e889562578de430d5df13227eb85e9d56
NONCE=e0539041b22e9a5301140000000000000000000000000000
LEN=6
IN=5d08b224ee41
---
FUNC=stream
PHASE=post
KEY=5f8275141684f4a200ba896b53dd695e889562578de430d5df13227eb85e9d56
NONCE=e0539041b22e9a5301140000000000000000000000000000
LEN=6
OUT=8a19aa9a0100
---
FUNC=gh_init
STATE=00122e20
KEYLEN=0
OUTLEN=4
---
FUNC=gh_update
STATE=00122e20
LEN=10
DATA=e0539041b22e9a530114
---
FUNC=gh_update
STATE=00122e20
LEN=4
DATA=00000000
---
FUNC=gh_update
STATE=00122e20
LEN=2
DATA=0100
---
FUNC=gh_final
RA=0002ed23
STATE=00122e20
OUTLEN=4
OUT=8a19aa9a
---
FUNC=gh_init
STATE=00122e20
KEYLEN=0
OUTLEN=4
---
FUNC=gh_update
STATE=00122e20
LEN=10
DATA=e0749041b22e9a530181
---
FUNC=gh_update
STATE=00122e20
LEN=4
DATA=00000000
---
FUNC=gh_update
STATE=00122e20
LEN=70
DATA=02364980c2eed80faf1978fd85080262a6bd4f7ef67fc03f12ced1cd8e7820dd78397e547ae79423de8619865021c36c694033463ac35d8dba5883ebf1b410a2ec530000048f
---
FUNC=gh_final
RA=0002ed23
STATE=00122e20
OUTLEN=4
OUT=e2e272a9
---
FUNC=stream
PHASE=pre
RA=0002f8a5
KEY=5f8275141684f4a200ba896b53dd695e889562578de430d5df13227eb85e9d56
NONCE=e0749041b22e9a5301810000000000000000000000000000
LEN=74
IN=e2e272a902364980c2eed80faf1978fd85080262a6bd4f7ef67fc03f12ced1cd8e7820dd78397e547ae79423de8619865021c36c694033463ac35d8dba5883ebf1b410a2ec530000048f
---
FUNC=stream
PHASE=post
KEY=5f8275141684f4a200ba896b53dd695e889562578de430d5df13227eb85e9d56
NONCE=e0749041b22e9a5301810000000000000000000000000000
LEN=74
OUT=5552e3d258f8cf645db83dfbd7a72511e5705909e81e9fc57521eaea2c536f45e21ab81a8d8dae17a1d20c31b57c0a875c8a4176cae36a83e65b8ac69e4169e32ec9b3276e8a1451f7b0
---
FUNC=stream
PHASE=pre
RA=0002f8a5
KEY=47be3dffb41ea35749c9290e6d2124e6b3e3842ab4e443bd0ac41eda045c2dbe
NONCE=e0409041b22e9a5306220000000000000000000000000000
LEN=12
IN=78759d626bc5fcf111d0103b
---
FUNC=stream
PHASE=post
KEY=47be3dffb41ea35749c9290e6d2124e6b3e3842ab4e443bd0ac41eda045c2dbe
NONCE=e0409041b22e9a5306220000000000000000000000000000
LEN=12
OUT=28a2e2d501ae944300000000
---
FUNC=gh_init
STATE=00122e20
KEYLEN=0
OUTLEN=4
---
FUNC=gh_update
STATE=00122e20
LEN=10
DATA=e0409041b22e9a530622
---
FUNC=gh_update
STATE=00122e20
LEN=4
DATA=00000000
---
FUNC=gh_update
STATE=00122e20
LEN=8
DATA=01ae944300000000
---
FUNC=gh_final
RA=0002ed23
STATE=00122e20
OUTLEN=4
OUT=28a2e2d5
---
FUNC=ssl_write
SSL=00197290
RA=000670a5
LEN=217
DATA=827e00d5010100000000006f7b226964223a2264363763633439392d383435362d343038302d623962612d623364623064646237373931222c226e616d65223a22646973636f76657279526573756c74222c2274696d657374616d70223a313738343737313637383639372c2274797065223a226576656e74227d02010000000000567b2261646f70746564223a66616c73652c226d6163223a2239303a34313a42323a32453a39413a3533222c227369676e616c223a7b2272737369223a2d35312c22736e72223a397d2c2273736964223a34343639327d
---
FUNC=stream
PHASE=pre
RA=0002f8a5
KEY=5f8275141684f4a200ba896b53dd695e889562578de430d5df13227eb85e9d56
NONCE=e0549041b22e9a5302810000000000000000000000000001
LEN=70
IN=c5e7e14cea7d897ace97b68b46e61aea5baba10ece549378e21c3df43cd2d732d1bf0fc990daa76641adc1902435308815609dc30b022968b506a7264c9497b0209501f8b0d0
---
FUNC=stream
PHASE=post
KEY=5f8275141684f4a200ba896b53dd695e889562578de430d5df13227eb85e9d56
NONCE=e0549041b22e9a5302810000000000000000000000000001
LEN=70
OUT=412076c70336136c4072b5c99f3d7705048f7af873e530b3902bd13d861c7a0f9399d3a8dc60c26e425d60238e890f9fb29358a8e01c2d2a0ba51da60a878d215f0976c4b818
---
FUNC=gh_init
STATE=00122e20
KEYLEN=0
OUTLEN=4
---
FUNC=gh_update
STATE=00122e20
LEN=10
DATA=e0549041b22e9a530281
---
FUNC=gh_update
STATE=00122e20
LEN=4
DATA=00000000
---
FUNC=gh_update
STATE=00122e20
LEN=66
DATA=0336136c4072b5c99f3d7705048f7af873e530b3902bd13d861c7a0f9399d3a8dc60c26e425d60238e890f9fb29358a8e01c2d2a0ba51da60a878d215f0976c4b818
---
FUNC=gh_final
RA=0002ed23
STATE=00122e20
OUTLEN=4
OUT=412076c7
---
FUNC=ssl_write
SSL=00197290
RA=000670a5
LEN=466
DATA=827e008401010000000000727b226572726f72223a22222c226572726f72436f6465223a302c226964223a2266396139376231312d353264342d346266332d393761362d633061393763623637343437222c2274696d657374616d70223a313738343737313637393836342c2274797065223a22726573706f6e7365227d02010000000000027b7d827e0146010100000000006f7b226964223a2234363537626265612d636663662d343536312d623139352d613331363138373961386561222c226e616d65223a226d6573736167655265636569766564222c2274696d657374616d70223a313738343737313637393836352c2274797065223a226576656e74227d02010000000000c77b2264617461223a22303333363133364334303732423543393946334437373035303438463741463837334535333042333930324244313344383631433741304639333939443341384443363043323645343235443630323338453839304639464232393335384138453031433244324130424135314441363041383738443231354630393736433442383138222c226d6163223a2239303a34313a42323a32453a39413a3533222c227369676e616c223a7b2272737369223a2d35332c22736e72223a397d7d
---
FUNC=gh_init
STATE=00122e20
KEYLEN=0
OUTLEN=4
---
FUNC=gh_update
STATE=00122e20
LEN=10
DATA=e0639041b22e9a530282
---
FUNC=gh_update
STATE=00122e20
LEN=4
DATA=00000000
---
FUNC=gh_update
STATE=00122e20
LEN=2
DATA=0100
---
FUNC=gh_final
RA=0002ed23
STATE=00122e20
OUTLEN=4
OUT=64001e43
---
FUNC=stream
PHASE=pre
RA=0002f8a5
KEY=5f8275141684f4a200ba896b53dd695e889562578de430d5df13227eb85e9d56
NONCE=e0639041b22e9a5302820000000000000000000000000001
LEN=6
IN=64001e430100
---
FUNC=stream
PHASE=post
KEY=5f8275141684f4a200ba896b53dd695e889562578de430d5df13227eb85e9d56
NONCE=e0639041b22e9a5302820000000000000000000000000001
LEN=6
OUT=b23d62d86f71
---
FUNC=ssl_read
SSL=00197290
RA=000670a5
LEN=158
DATA=82fe00960eaac4b50fabc4b50eaac4c57588a5d67ac3abdb2c90e6c76bc7abc36beea1c367c9a1972288add12c90e6863b9ef1d43b9cf69837cba1d3239ef3d16887a6d6399be9d168cfa2d63dcefcd13e92a1972288b0cc7ecfe68f2cd8a1c47bcfb7c12c86e6c167c7a1c67acba9c52c90f582369ef3823f9cfc853692fdc80cabc4b50eaac4a37588a9d46d88fe97379af0844c98f6f037ebf1862cd7
---
FUNC=ssl_write
SSL=00197290
RA=000670a5
LEN=307
DATA=827e008401010000000000727b226572726f72223a22222c226572726f72436f6465223a302c226964223a2233353435613536322d396165662d343764662d626337312d646665666333643864303865222c2274696d657374616d70223a313738343737313638303839302c2274797065223a22726573706f6e7365227d02010000000000027b7d827e00a7010100000000006f7b226964223a2236393933353266632d643961302d346636652d393333382d306662656331393961363235222c226e616d65223a2264657673496e666f4368616e676564222c2274696d657374616d70223a313738343737313638303839302c2274797065223a226576656e74227d02010000000000287b226361706163697479223a7b22617661696c61626c65223a3130302c226d6178223a3130307d7d
---
FUNC=ssl_read
SSL=00197290
RA=000670a5
LEN=309
DATA=82fe012df3649ea3f2659ea3f3649ece8846ffc0870df1cdd15ebcc29700dac6850dfdc6d148bcca9746a481c456a7c1cb5ca896de00ff969549aa90c702b39bc657aa8ec555ff97c302fbc1c505a6c2d148bcd78a14fb81c946ecc68211fbd08746b281870df3c68010ffce8346a492c45caa94c455a89bc35dab918e669fa3f3649ea3431fbcce9207bc99d15dae97c226ac91b65ddf96c046b2819801e781c946aec59057ac93cb52adc0c755f897c15caec7c650afc29555ab97c656acc79656a9c0c25df897cb00fd9bcb5dff96c750ab93c357a7c79502fb9bc351ad94c353bc8fd102ffcf9f06ffc0982ffbdad15ebcc7c454aac2cb55a6c1c352fa96cb51ae94c556a997c250a7c7975da9919151a997c352a79b9655ad9a9000a99bc202a892c452a792cb5dfc969052a796c653fa818e
---
FUNC=ssl_write
SSL=00197290
RA=000670a5
LEN=306
DATA=827e008401010000000000727b226572726f72223a22222c226572726f72436f6465223a302c226964223a2237323962383836352d646135662d343334662d383533342d363161343066656236613861222c2274696d657374616d70223a313738343737313638303935352c2274797065223a22726573706f6e7365227d02010000000000027b7d827e00a6010100000000006f7b226964223a2232636561346530642d666565302d343463662d393331342d306634643438343333373833222c226e616d65223a2264657673496e666f4368616e676564222c2274696d657374616d70223a313738343737313638303935352c2274797065223a226576656e74227d02010000000000277b226361706163697479223a7b22617661696c61626c65223a39392c226d6178223a3130307d7d
---
FUNC=ssl_read
SSL=00197290
RA=000670a5
LEN=211
DATA=82fe00cbae80a49caf81a49cae80a4f3d5a2c5ffdae9cbf28cba86efcbeec0d1cbf3d7fdc9e586b08ce9c0be94a29daa9de39da59ab589adcbe596b19ab390f983e295ac98adc1f89db094a59de590f9ccb686b08cf4ddeccba29ebedce5d5e9cbf3d0be82a2d0f5c3e5d7e8cfedd4be94b193a49ab793ad98b894a596b2d99eaf80a49cae80e8e78cedc5ff8cba86a59eb495de9cb2e1a5efb597be82a2c0fddae186a68cb09daf99a288becaf5d0e58cbad0eedbe588becfe3cfbe94f4d6e9cbac86e8c7edc1f3dbf486a697b094ac9eb0d9
---
FUNC=stream
PHASE=pre
RA=0002f8a5
KEY=47be3dffb41ea35749c9290e6d2124e6b3e3842ab4e443bd0ac41eda045c2dbe
NONCE=e0409041b22e9a537b1d0000000000000000000000000000
LEN=12
IN=cade5bdea4ab0c04bb5a8263
---
FUNC=stream
PHASE=post
KEY=47be3dffb41ea35749c9290e6d2124e6b3e3842ab4e443bd0ac41eda045c2dbe
NONCE=e0409041b22e9a537b1d0000000000000000000000000000
LEN=12
OUT=cecd2a8d01ae94800000048f
---
FUNC=gh_init
STATE=00122e20
KEYLEN=0
OUTLEN=4
---
FUNC=gh_update
STATE=00122e20
LEN=10
DATA=e0409041b22e9a537b1d
---
FUNC=gh_update
STATE=00122e20
LEN=4
DATA=00000000
---
FUNC=gh_update
STATE=00122e20
LEN=8
DATA=01ae94800000048f
---
FUNC=gh_final
RA=0002ed23
STATE=00122e20
OUTLEN=4
OUT=cecd2a8d
---
FUNC=ssl_write
SSL=00197290
RA=000670a5
LEN=233
DATA=827e00e5010100000000006f7b226964223a2235393236393564642d356434312d343834342d383862662d343136323362306565383330222c226e616d65223a22646973636f76657279526573756c74222c2274696d657374616d70223a313738343737313638333936342c2274797065223a226576656e74227d02010000000000667b2261646f70746564223a747275652c226d6163223a2239303a34313a42323a32453a39413a3533222c226e6574776f726b4964223a313136372c227369676e616c223a7b2272737369223a2d35322c22736e72223a397d2c2273736964223a34343639327d
---
FUNC=stream
PHASE=pre
RA=0002f8a5
KEY=d704a818b06d585076274149dd972b5740698e139cd781f61769189b5c69557d
NONCE=e0429041b22e9a537c1b0000000000000000000000000000
LEN=6
IN=6c1fbfac7ba2
---
FUNC=stream
PHASE=post
KEY=d704a818b06d585076274149dd972b5740698e139cd781f61769189b5c69557d
NONCE=e0429041b22e9a537c1b0000000000000000000000000000
LEN=6
OUT=036b41580100
---
FUNC=gh_init
STATE=00122e20
KEYLEN=0
OUTLEN=4
---
FUNC=gh_update
STATE=00122e20
LEN=10
DATA=e0429041b22e9a537c1b
---
FUNC=gh_update
STATE=00122e20
LEN=4
DATA=00000000
---
FUNC=gh_update
STATE=00122e20
LEN=2
DATA=0100
---
FUNC=gh_final
RA=0002ed23
STATE=00122e20
OUTLEN=4
OUT=036b4158
---
FUNC=read
RA=b6f78e04
FD=19
LEN=32
DATA=15b7c5925a2843b8a98fa8cf322a44d0710be378a53b9a4df0f4c05c8ba340dd
---
FUNC=randombytes
RA=0003b203
LEN=32
BUF=15b7c5925a2843b8a98fa8cf322a44d0710be378a53b9a4df0f4c05c8ba340dd
---
FUNC=gh_init
STATE=00122e20
KEYLEN=0
OUTLEN=4
---
FUNC=gh_update
STATE=00122e20
LEN=10
DATA=e0629041b22e9a536b27
---
FUNC=gh_update
STATE=00122e20
LEN=4
DATA=00000000
---
FUNC=gh_update
STATE=00122e20
LEN=56
DATA=01016e25a04113f945b140cc3ac9724f05d53a0a2b6e71a3d6c76e6bf9849e1c6e410a000212feffffffffffffffffffffffffffffffff01
---
FUNC=gh_final
RA=0002ed23
STATE=00122e20
OUTLEN=4
OUT=7c25e8f1
---
FUNC=stream
PHASE=pre
RA=0002f8a5
KEY=d704a818b06d585076274149dd972b5740698e139cd781f61769189b5c69557d
NONCE=e0629041b22e9a536b270000000000000000000000000000
LEN=60
IN=7c25e8f101016e25a04113f945b140cc3ac9724f05d53a0a2b6e71a3d6c76e6bf9849e1c6e410a000212feffffffffffffffffffffffffffffffff01
---
FUNC=stream
PHASE=post
KEY=d704a818b06d585076274149dd972b5740698e139cd781f61769189b5c69557d
NONCE=e0629041b22e9a536b270000000000000000000000000000
LEN=60
OUT=4bebbcc8510972e95da044ba72d8cda1736349503b6f927cb1172b7738d0199fb6d257c5d4521f1fc5b4501334483d523a6f22cb78a7a86ca96f2b78
---
FUNC=ssl_read
SSL=00197290
RA=000670a5
LEN=6
DATA=8980fac453c8
---
FUNC=ssl_write
SSL=00197290
RA=000670a5
LEN=2
DATA=8a00
---
FUNC=stream
PHASE=pre
RA=0002f8a5
KEY=d704a818b06d585076274149dd972b5740698e139cd781f61769189b5c69557d
NONCE=e0429041b22e9a537d130000000000000000000000000000
LEN=53
IN=763efbaa36623160a40cd0cd5fdce60b52cc5a1bc02d5629c5ab5a5202ad3c14d65fc882b71937bd4c59a0e390c71dec6d186a8430
---
FUNC=stream
PHASE=post
KEY=d704a818b06d585076274149dd972b5740698e139cd781f61769189b5c69557d
NONCE=e0429041b22e9a537d130000000000000000000000000000
LEN=53
OUT=575775ac010201f80f976b534949e328d014cfaf74697ca9a460e8005ca11cff5862041f5c57305bdc57f87e1774c358e503feff03
---
FUNC=gh_init
STATE=00122e20
KEYLEN=0
OUTLEN=4
---
FUNC=gh_update
STATE=00122e20
LEN=10
DATA=e0429041b22e9a537d13
---
FUNC=gh_update
STATE=00122e20
LEN=4
DATA=00000000
---
FUNC=gh_update
STATE=00122e20
LEN=49
DATA=010201f80f976b534949e328d014cfaf74697ca9a460e8005ca11cff5862041f5c57305bdc57f87e1774c358e503feff03
---
FUNC=gh_final
RA=0002ed23
STATE=00122e20
OUTLEN=4
OUT=575775ac
---
FUNC=scalarmult
RA=0003b287
PRIV=15b7c5925a2843b8a98fa8cf322a44d0710be378a53b9a4df0f4c05c8ba340dd
PUB=f80f976b534949e328d014cfaf74697ca9a460e8005ca11cff5862041f5c5730
SHARED=1760a400c9cd3d521b20ca254b1629aa7aa322ff4cb8b81d26557a2aac15842b
RC=0
---
FUNC=gh_init
STATE=00159af8
KEYLEN=0
OUTLEN=32
---
FUNC=gh_update
STATE=00159af8
LEN=32
DATA=1760a400c9cd3d521b20ca254b1629aa7aa322ff4cb8b81d26557a2aac15842b
---
FUNC=gh_update
STATE=00159af8
LEN=32
DATA=6e25a04113f945b140cc3ac9724f05d53a0a2b6e71a3d6c76e6bf9849e1c6e41
---
FUNC=gh_update
STATE=00159af8
LEN=32
DATA=f80f976b534949e328d014cfaf74697ca9a460e8005ca11cff5862041f5c5730
---
FUNC=gh_update
STATE=00159af8
LEN=32
DATA=0fc320863c41f4280d541af154522de27c19f48dc889a54450039dffe8053707
---
FUNC=gh_final
RA=0002ed23
STATE=00159af8
OUTLEN=32
OUT=06a55c5dfa77438a734f6e9ed5762154bc2fed5df06f507dbf4754e4984af66f
---
FUNC=stream
PHASE=pre
RA=0002f8a5
KEY=06a55c5dfa77438a734f6e9ed5762154bc2fed5df06f507dbf4754e4984af66f
NONCE=000000000000000000000000000000000000000000000000
LEN=10
IN=5bdc57f87e1774c358e5
---
FUNC=stream
PHASE=post
KEY=06a55c5dfa77438a734f6e9ed5762154bc2fed5df06f507dbf4754e4984af66f
NONCE=000000000000000000000000000000000000000000000000
LEN=10
OUT=9041b22e9a5386961c64
---
FUNC=stream
PHASE=pre
RA=0002f8a5
KEY=06a55c5dfa77438a734f6e9ed5762154bc2fed5df06f507dbf4754e4984af66f
NONCE=000000000000000000000000000000000000000000000000
LEN=16
IN=9041b23483dc9041b22e9a5386961c64
---
FUNC=stream
PHASE=post
KEY=06a55c5dfa77438a734f6e9ed5762154bc2fed5df06f507dbf4754e4984af66f
NONCE=000000000000000000000000000000000000000000000000
LEN=16
OUT=5bdc57e267986214f6afab38a46d9ff0
---
FUNC=gh_init
STATE=00122e20
KEYLEN=0
OUTLEN=4
---
FUNC=gh_update
STATE=00122e20
LEN=10
DATA=e0629041b22e9a536c77
---
FUNC=gh_update
STATE=00122e20
LEN=4
DATA=00000000
---
FUNC=gh_update
STATE=00122e20
LEN=18
DATA=01035bdc57e267986214f6afab38a46d9ff0
---
FUNC=gh_final
RA=0002ed23
STATE=00122e20
OUTLEN=4
OUT=aa5f6967
---
FUNC=stream
PHASE=pre
RA=0002f8a5
KEY=d704a818b06d585076274149dd972b5740698e139cd781f61769189b5c69557d
NONCE=e0629041b22e9a536c770000000000000000000000000000
LEN=22
IN=aa5f696701035bdc57e267986214f6afab38a46d9ff0
---
FUNC=stream
PHASE=post
KEY=d704a818b06d585076274149dd972b5740698e139cd781f61769189b5c69557d
NONCE=e0629041b22e9a536c770000000000000000000000000000
LEN=22
OUT=16ea5dffd91ed802500279288681d618b3e8098ca5e8
---
FUNC=stream
PHASE=pre
RA=0002f8a5
KEY=06a55c5dfa77438a734f6e9ed5762154bc2fed5df06f507dbf4754e4984af66f
NONCE=e0539041b22e9a5301110000000000000000000000000000
LEN=6
IN=a68911a6563c
---
FUNC=stream
PHASE=post
KEY=06a55c5dfa77438a734f6e9ed5762154bc2fed5df06f507dbf4754e4984af66f
NONCE=e0539041b22e9a5301110000000000000000000000000000
LEN=6
OUT=72bb49610100
---
FUNC=gh_init
STATE=00122e20
KEYLEN=0
OUTLEN=4
---
FUNC=gh_update
STATE=00122e20
LEN=10
DATA=e0539041b22e9a530111
---
FUNC=gh_update
STATE=00122e20
LEN=4
DATA=00000000
---
FUNC=gh_update
STATE=00122e20
LEN=2
DATA=0100
---
FUNC=gh_final
RA=0002ed23
STATE=00122e20
OUTLEN=4
OUT=72bb4961
---
FUNC=gh_init
STATE=00122e20
KEYLEN=0
OUTLEN=4
---
FUNC=gh_update
STATE=00122e20
LEN=10
DATA=e0749041b22e9a530181
---
FUNC=gh_update
STATE=00122e20
LEN=4
DATA=00000000
---
FUNC=gh_update
STATE=00122e20
LEN=2
DATA=0937
---
FUNC=gh_final
RA=0002ed23
STATE=00122e20
OUTLEN=4
OUT=bed8568e
---
FUNC=stream
PHASE=pre
RA=0002f8a5
KEY=06a55c5dfa77438a734f6e9ed5762154bc2fed5df06f507dbf4754e4984af66f
NONCE=e0749041b22e9a5301810000000000000000000000000000
LEN=6
IN=bed8568e0937
---
FUNC=stream
PHASE=post
KEY=06a55c5dfa77438a734f6e9ed5762154bc2fed5df06f507dbf4754e4984af66f
NONCE=e0749041b22e9a5301810000000000000000000000000000
LEN=6
OUT=d313963a2e31
---
FUNC=stream
PHASE=pre
RA=0002f8a5
KEY=06a55c5dfa77438a734f6e9ed5762154bc2fed5df06f507dbf4754e4984af66f
NONCE=e0549041b22e9a5302810000000000000000000000000001
LEN=26
IN=89a973a339689ff2deeb6c274b6c15fb21a6f6baf861b09c334a
---
FUNC=stream
PHASE=post
KEY=06a55c5dfa77438a734f6e9ed5762154bc2fed5df06f507dbf4754e4984af66f
NONCE=e0549041b22e9a5302810000000000000000000000000001
LEN=26
OUT=93c3cb590c00010000000006020064dd080300590b7c00140001
---
FUNC=gh_init
STATE=00122e20
KEYLEN=0
OUTLEN=4
---
FUNC=gh_update
STATE=00122e20
LEN=10
DATA=e0549041b22e9a530281
---
FUNC=gh_update
STATE=00122e20
LEN=4
DATA=00000000
---
FUNC=gh_update
STATE=00122e20
LEN=22
DATA=0c00010000000006020064dd080300590b7c00140001
---
FUNC=gh_final
RA=0002ed23
STATE=00122e20
OUTLEN=4
OUT=93c3cb59
---
FUNC=ssl_write
SSL=00197290
RA=000670a5
LEN=378
DATA=827e008401010000000000727b226572726f72223a22222c226572726f72436f6465223a302c226964223a2239363363393934352d316565322d343334652d623130362d656433303039336534656236222c2274696d657374616d70223a313738343737313638393030332c2274797065223a22726573706f6e7365227d02010000000000027b7d827e00ee010100000000006f7b226964223a2230303163303935382d376535642d343036312d393666302d373463393631656532373366222c226e616d65223a226d6573736167655265636569766564222c2274696d657374616d70223a313738343737313638393030332c2274797065223a226576656e74227d020100000000006f7b2264617461223a223043303030313030303030303030303630323030363444443038303330303539304237433030313430303031222c226d6163223a2239303a34313a42323a32453a39413a3533222c227369676e616c223a7b2272737369223a2d35322c22736e72223a397d7d
---
FUNC=gh_init
STATE=00122e20
KEYLEN=0
OUTLEN=4
---
FUNC=gh_update
STATE=00122e20
LEN=10
DATA=e0639041b22e9a530282
---
FUNC=gh_update
STATE=00122e20
LEN=4
DATA=00000000
---
FUNC=gh_update
STATE=00122e20
LEN=2
DATA=0100
---
FUNC=gh_final
RA=0002ed23
STATE=00122e20
OUTLEN=4
OUT=64001e43
---
FUNC=stream
PHASE=pre
RA=0002f8a5
KEY=06a55c5dfa77438a734f6e9ed5762154bc2fed5df06f507dbf4754e4984af66f
NONCE=e0639041b22e9a5302820000000000000000000000000001
LEN=6
IN=64001e430100
---
FUNC=stream
PHASE=post
KEY=06a55c5dfa77438a734f6e9ed5762154bc2fed5df06f507dbf4754e4984af66f
NONCE=e0639041b22e9a5302820000000000000000000000000001
LEN=6
OUT=0785a67428d8
---
FUNC=stream
PHASE=pre
RA=0002f8a5
KEY=06a55c5dfa77438a734f6e9ed5762154bc2fed5df06f507dbf4754e4984af66f
NONCE=e0449041b22e9a53032b0000000000000000000000000002
LEN=82
IN=3e10f9f273759898aad5507b2bbb53fd93b5c7234584e674dce0a92dbe9561e8b1ba3520a80ba0e9de312728dcd37d6e803cf9bff8e66c7634ec7986f48937310bc6447b92967d7a0af3af277f4755c0ace5
---
FUNC=stream
PHASE=post
KEY=06a55c5dfa77438a734f6e9ed5762154bc2fed5df06f507dbf4754e4984af66f
NONCE=e0449041b22e9a53032b0000000000000000000000000002
LEN=82
OUT=9c8bd07d0a37ae940001000100010cb24d9d0452b4ba379a5749018003ab8809ac01fb03080f110e01010402010311010a0d01020e01012001011202061301040301041401011501011601010f0101100101
---
FUNC=gh_init
STATE=00122e20
KEYLEN=0
OUTLEN=4
---
FUNC=gh_update
STATE=00122e20
LEN=10
DATA=e0449041b22e9a53032b
---
FUNC=gh_update
STATE=00122e20
LEN=4
DATA=00000000
---
FUNC=gh_update
STATE=00122e20
LEN=78
DATA=0a37ae940001000100010cb24d9d0452b4ba379a5749018003ab8809ac01fb03080f110e01010402010311010a0d01020e01012001011202061301040301041401011501011601010f0101100101
---
FUNC=gh_final
RA=0002ed23
STATE=00122e20
OUTLEN=4
OUT=9c8bd07d
---
FUNC=ssl_write
SSL=00197290
RA=000670a5
LEN=354
DATA=827e015e010100000000006f7b226964223a2230383561663535612d303435342d343630662d613530652d373132326530613537306136222c226e616d65223a226d6573736167655265636569766564222c2274696d657374616d70223a313738343737313639303038362c2274797065223a226576656e74227d02010000000000df7b2264617461223a22304133374145393430303031303030313030303130434232344439443034353242344241333739413537343930313830303341423838303941433031464230333038304631313045303130313034303230313033313130313041304430313032304530313031323030313031313230323036313330313034303330313034313430313031313530313031313630313031304630313031313030313031222c226d6163223a2239303a34313a42323a32453a39413a3533222c227369676e616c223a7b2272737369223a2d35332c22736e72223a387d7d
---
FUNC=ssl_read
SSL=00197290
RA=000670a5
LEN=219
DATA=82fe00d37c97b7dd7d96b7dd7c97b7b207b5d6be08fed8b35ead95ae19f9d39019e4c4bc1bf295f15efed3ff46b5d5e51ea681eb4bf59ab948a587f048a487b851aed2e51ebad6ea4af685eb4aa58eea19f695f15ee3cead19b58dff0ef2c6a819e4c3ff50b5c3b411f2c4a91dfac7ff46a680e548a080ec4aae87ec4ca7cadf7d97b7dd7c97e3a65efad6be5ead95e44ca3869f4ea5f2e43da284ff50b5d3bc08f695e75ea7d2ee44a7d3ed4ca786ef1fb59bff18e2c3a45eadc3af09f29bff1df4dcff46e3c5a819bb95a915fad2b209e395e745a787ed4ca7ca
---
FUNC=gh_init
STATE=00122e20
KEYLEN=0
OUTLEN=4
---
FUNC=gh_update
STATE=00122e20
LEN=10
DATA=e0749041b22e9a53031e
---
FUNC=gh_update
STATE=00122e20
LEN=4
DATA=00000000
---
FUNC=gh_update
STATE=00122e20
LEN=6
DATA=0e380d00012c
---
FUNC=gh_final
RA=0002ed23
STATE=00122e20
OUTLEN=4
OUT=cadde057
---
FUNC=stream
PHASE=pre
RA=0002f8a5
KEY=06a55c5dfa77438a734f6e9ed5762154bc2fed5df06f507dbf4754e4984af66f
NONCE=e0749041b22e9a53031e0000000000000000000000000001
LEN=10
IN=cadde0570e380d00012c
---
FUNC=stream
PHASE=post
KEY=06a55c5dfa77438a734f6e9ed5762154bc2fed5df06f507dbf4754e4984af66f
NONCE=e0749041b22e9a53031e0000000000000000000000000001
LEN=10
OUT=b6eed412eb008e517578
---
FUNC=ssl_read
SSL=00197290
RA=000670a5
LEN=217
DATA=82fe00d1e9ad0eebe8ac0eebe9ad0e84928f6f889dc46185cb972c988cc36aa68cde7d8a8ec82cc7cbc46ac9d38f3b8dd19f68d2d99b23dd8b9537c6dd996adac49538d9d0803cdd8d9b6dda8a9d39dc88cf2cc7cbd9779b8c8f34c99bc87f9e8cde7ac9c58f7a8284c87d9f88c07ec9d39c39d3dd9a39dadf943edad99573e9e8ad0eebe9ad5c90cbc06f88cb972cd2d9993fa9db9f4bd2a8983dc9c58f6a8a9dcc2cd1cb9d6bd8d09c3bdbd99d3fc9c58f6a9e9dd42cd19ddf7b8ec58f6f88828f349f9bd86bc7cbd967868cc27b9fcb9737dbd99d3edb94
---
FUNC=ssl_read
SSL=00197290
RA=000670a5
LEN=217
DATA=82fe00d15e53f39b5f52f39b5e53f3f4257192f82a3a9cf57c69d1e83b3d97d63b2080fa3936d1b77c3a97b9647191ff3f3792ad6a62deac3f60c1b66a6ac2ff736bc5ff677e91a86e37c2a33d6b90f96e35d1b77c278aeb3b71c9b92c3682ee3b2087b9727187f2333680ef3f3e83b96462c4a36a64c4aa686ac3aa6f668e995f53f39b5e53a1e07c3e92f87c69d1a26e67c2d96c61b6a21f66c0b9727197fa2a32d1a17c6396a83f62c3ab6e63c2b9727197ee2a2ad1a12a2186fe727192f83571c9ef2c2696b77c279af63b3c86ef7c69caab6e63c3ab23
---
FUNC=stream
PHASE=pre
RA=0002f8a5
KEY=06a55c5dfa77438a734f6e9ed5762154bc2fed5df06f507dbf4754e4984af66f
NONCE=e0449041b22e9a5304830000000000000000000000000002
LEN=10
IN=9c0548e1edcd093097f4
---
FUNC=stream
PHASE=post
KEY=06a55c5dfa77438a734f6e9ed5762154bc2fed5df06f507dbf4754e4984af66f
NONCE=e0449041b22e9a5304830000000000000000000000000002
LEN=10
OUT=2ef2e6cb0c380d00012c
---
FUNC=gh_init
STATE=00122e20
KEYLEN=0
OUTLEN=4
---
FUNC=gh_update
STATE=00122e20
LEN=10
DATA=e0449041b22e9a530483
---
FUNC=gh_update
STATE=00122e20
LEN=4
DATA=00000000
---
FUNC=gh_update
STATE=00122e20
LEN=6
DATA=0c380d00012c
---
FUNC=gh_final
RA=0002ed23
STATE=00122e20
OUTLEN=4
OUT=2ef2e6cb
---
FUNC=gh_init
STATE=00122e20
KEYLEN=0
OUTLEN=4
---
FUNC=gh_update
STATE=00122e20
LEN=10
DATA=e0749041b22e9a53047f
---
FUNC=gh_update
STATE=00122e20
LEN=4
DATA=00000000
---
FUNC=gh_update
STATE=00122e20
LEN=5
DATA=0e39150001
---
FUNC=gh_final
RA=0002ed23
STATE=00122e20
OUTLEN=4
OUT=e198459c
---
FUNC=stream
PHASE=pre
RA=0002f8a5
KEY=06a55c5dfa77438a734f6e9ed5762154bc2fed5df06f507dbf4754e4984af66f
NONCE=e0749041b22e9a53047f0000000000000000000000000002
LEN=9
IN=e198459c0e39150001
---
FUNC=stream
PHASE=post
KEY=06a55c5dfa77438a734f6e9ed5762154bc2fed5df06f507dbf4754e4984af66f
NONCE=e0749041b22e9a53047f0000000000000000000000000002
LEN=9
OUT=8d8b45eaf3d37c999b
---
FUNC=ssl_write
SSL=00197290
RA=000670a5
LEN=346
DATA=827e008401010000000000727b226572726f72223a22222c226572726f72436f6465223a302c226964223a2262386231363637622d643432302d343330652d396538622d613736613236363239376561222c2274696d657374616d70223a313738343737313639313133352c2274797065223a22726573706f6e7365227d02010000000000027b7d827e00ce010100000000006f7b226964223a2239346162343739322d396539642d346664322d613739322d303538393362653531636164222c226e616d65223a226d6573736167655265636569766564222c2274696d657374616d70223a313738343737313639313133372c2274797065223a226576656e74227d020100000000004f7b2264617461223a22304333383044303030313243222c226d6163223a2239303a34313a42323a32453a39413a3533222c227369676e616c223a7b2272737369223a2d35322c22736e72223a387d7d
---
FUNC=stream
PHASE=pre
RA=0002f8a5
KEY=06a55c5dfa77438a734f6e9ed5762154bc2fed5df06f507dbf4754e4984af66f
NONCE=e0449041b22e9a5305840000000000000000000000000002
LEN=9
IN=34c2ce85ead1771a66
---
FUNC=stream
PHASE=post
KEY=06a55c5dfa77438a734f6e9ed5762154bc2fed5df06f507dbf4754e4984af66f
NONCE=e0449041b22e9a5305840000000000000000000000000002
LEN=9
OUT=ed4715e10c39150001
---
FUNC=gh_init
STATE=00122e20
KEYLEN=0
OUTLEN=4
---
FUNC=gh_update
STATE=00122e20
LEN=10
DATA=e0449041b22e9a530584
---
FUNC=gh_update
STATE=00122e20
LEN=4
DATA=00000000
---
FUNC=gh_update
STATE=00122e20
LEN=5
DATA=0c39150001
---
FUNC=gh_final
RA=0002ed23
STATE=00122e20
OUTLEN=4
OUT=ed4715e1
---
FUNC=gh_init
STATE=00122e20
KEYLEN=0
OUTLEN=4
---
FUNC=gh_update
STATE=00122e20
LEN=10
DATA=e0749041b22e9a530511
---
FUNC=gh_update
STATE=00122e20
LEN=4
DATA=00000000
---
FUNC=gh_update
STATE=00122e20
LEN=5
DATA=0e3a100001
---
FUNC=gh_final
RA=0002ed23
STATE=00122e20
OUTLEN=4
OUT=c3355937
---
FUNC=stream
PHASE=pre
RA=0002f8a5
KEY=06a55c5dfa77438a734f6e9ed5762154bc2fed5df06f507dbf4754e4984af66f
NONCE=e0749041b22e9a5305110000000000000000000000000003
LEN=9
IN=c33559370e3a100001
---
FUNC=stream
PHASE=post
KEY=06a55c5dfa77438a734f6e9ed5762154bc2fed5df06f507dbf4754e4984af66f
NONCE=e0749041b22e9a5305110000000000000000000000000003
LEN=9
OUT=c34527cbea20b4807b
---
FUNC=ssl_write
SSL=00197290
RA=000670a5
LEN=344
DATA=827e008401010000000000727b226572726f72223a22222c226572726f72436f6465223a302c226964223a2235663832663930362d366238392d343464312d383632392d323664366331633037376162222c2274696d657374616d70223a313738343737313639323138342c2274797065223a22726573706f6e7365227d02010000000000027b7d827e00cc010100000000006f7b226964223a2238346133303836342d336661392d343432332d616538362d393733626538646335613737222c226e616d65223a226d6573736167655265636569766564222c2274696d657374616d70223a313738343737313639323138352c2274797065223a226576656e74227d020100000000004d7b2264617461223a2230433339313530303031222c226d6163223a2239303a34313a42323a32453a39413a3533222c227369676e616c223a7b2272737369223a2d35332c22736e72223a397d7d
---
FUNC=stream
PHASE=pre
RA=0002f8a5
KEY=06a55c5dfa77438a734f6e9ed5762154bc2fed5df06f507dbf4754e4984af66f
NONCE=e0449041b22e9a5306850000000000000000000000000002
LEN=9
IN=a0685a0c6e643b3af3
---
FUNC=stream
PHASE=post
KEY=06a55c5dfa77438a734f6e9ed5762154bc2fed5df06f507dbf4754e4984af66f
NONCE=e0449041b22e9a5306850000000000000000000000000002
LEN=9
OUT=106cb9d30c3a100000
---
FUNC=gh_init
STATE=00122e20
KEYLEN=0
OUTLEN=4
---
FUNC=gh_update
STATE=00122e20
LEN=10
DATA=e0449041b22e9a530685
---
FUNC=gh_update
STATE=00122e20
LEN=4
DATA=00000000
---
FUNC=gh_update
STATE=00122e20
LEN=5
DATA=0c3a100000
---
FUNC=gh_final
RA=0002ed23
STATE=00122e20
OUTLEN=4
OUT=106cb9d3
---
FUNC=ssl_write
SSL=00197290
RA=000670a5
LEN=344
DATA=827e008401010000000000727b226572726f72223a22222c226572726f72436f6465223a302c226964223a2262646164613634312d376133322d343931642d383664392d623330643138633863623066222c2274696d657374616d70223a313738343737313639333232342c2274797065223a22726573706f6e7365227d02010000000000027b7d827e00cc010100000000006f7b226964223a2266336436363764312d626634662d346431642d613336372d323134323063316134653734222c226e616d65223a226d6573736167655265636569766564222c2274696d657374616d70223a313738343737313639333232342c2274797065223a226576656e74227d020100000000004d7b2264617461223a2230433341313030303030222c226d6163223a2239303a34313a42323a32453a39413a3533222c227369676e616c223a7b2272737369223a2d35332c22736e72223a397d7d
---
FUNC=stream
PHASE=pre
RA=0002f8a5
KEY=06a55c5dfa77438a734f6e9ed5762154bc2fed5df06f507dbf4754e4984af66f
NONCE=e0549041b22e9a53072e0000000000000000000000000002
LEN=9
IN=f36824860dd8bc2839
---
FUNC=stream
PHASE=post
KEY=06a55c5dfa77438a734f6e9ed5762154bc2fed5df06f507dbf4754e4984af66f
NONCE=e0549041b22e9a53072e0000000000000000000000000002
LEN=9
OUT=4d1496350c000f0001
---
FUNC=gh_init
STATE=00122e20
KEYLEN=0
OUTLEN=4
---
FUNC=gh_update
STATE=00122e20
LEN=10
DATA=e0549041b22e9a53072e
---
FUNC=gh_update
STATE=00122e20
LEN=4
DATA=00000000
---
FUNC=gh_update
STATE=00122e20
LEN=5
DATA=0c000f0001
---
FUNC=gh_final
RA=0002ed23
STATE=00122e20
OUTLEN=4
OUT=4d149635
---
FUNC=ssl_write
SSL=00197290
RA=000670a5
LEN=208
DATA=827e00cc010100000000006f7b226964223a2233303438616162362d383465382d343561312d383765312d646263393065346537393532222c226e616d65223a226d6573736167655265636569766564222c2274696d657374616d70223a313738343737313639353234302c2274797065223a226576656e74227d020100000000004d7b2264617461223a2230433030304630303031222c226d6163223a2239303a34313a42323a32453a39413a3533222c227369676e616c223a7b2272737369223a2d35332c22736e72223a397d7d
---
FUNC=gh_init
STATE=00122e20
KEYLEN=0
OUTLEN=4
---
FUNC=gh_update
STATE=00122e20
LEN=10
DATA=e0639041b22e9a530687
---
FUNC=gh_update
STATE=00122e20
LEN=4
DATA=00000000
---
FUNC=gh_update
STATE=00122e20
LEN=2
DATA=0100
---
FUNC=gh_final
RA=0002ed23
STATE=00122e20
OUTLEN=4
OUT=5e6753aa
---
FUNC=stream
PHASE=pre
RA=0002f8a5
KEY=06a55c5dfa77438a734f6e9ed5762154bc2fed5df06f507dbf4754e4984af66f
NONCE=e0639041b22e9a5306870000000000000000000000000004
LEN=6
IN=5e6753aa0100
---
FUNC=stream
PHASE=post
KEY=06a55c5dfa77438a734f6e9ed5762154bc2fed5df06f507dbf4754e4984af66f
NONCE=e0639041b22e9a5306870000000000000000000000000004
LEN=6
OUT=af815274713e
---
