FUNC=read
RA=b6acc10b
FD=9
LEN=841
DATA=7b202275706c696e6b5f696478223a203130332c2022646f776e6c696e6b5f696478223a20313131207d2c207b202275706c696e6b5f696478223a203130342c2022646f776e6c696e6b5f696478223a20313132207d2c207b202275706c696e6b5f696478223a203130352c2022646f776e6c696e6b5f696478223a20313133207d2c207b202275706c696e6b5f696478223a203130362c2022646f776e6c696e6b5f696478223a20313134207d2c207b202275706c696e6b5f696478223a203130372c2022646f776e6c696e6b5f696478223a20313135207d2c207b202275706c696e6b5f696478223a203130382c2022646f776e6c696e6b5f696478223a
---
FUNC=read
RA=b6ad190b
FD=11
LEN=4
DATA=db2b2ff0
---
FUNC=read
RA=00062fa3
FD=14
LEN=511
DATA=23212f62696e2f73680a0a2320546869732073637269707420697320696e74656e64656420746f2062652075736564206f6e2053583133303220436f726543656c6c20706c6174666f726d2c20697420706572666f726d730a232074686520666f6c6c6f77696e6720616374696f6e733a0a23202020202020202d206578706f72742f756e7065786f7274204750494f323320616e64204750494f3138207573656420746f2072657365742074686520535831333032206368697020616e6420746f20656e61626c6520746865204c444f730a23202020202020202d206578706f72742f756e6578706f7274204750494f3232207573656420746f2072657365
---
FUNC=read
RA=00062fa3
FD=14
LEN=511
DATA=656e61626c650a5358313236315f52455345545f50494e3d31322020202020232053583132363120726573657420284c4254202f20537065637472616c205363616e290a0a574149545f4750494f2829207b0a2020202075736c6565702031303030300a7d0a0a696e69742829207b0a2020202023207365747570204750494f730a202020206563686f2022245358313330325f52455345545f50494e22203e202f7379732f636c6173732f6770696f2f6578706f72740a202020206563686f2022245358313236315f52455345545f50494e22203e202f7379732f636c6173732f6770696f2f6578706f72740a202020206563686f2022245358313330325f
---
FUNC=read
RA=00062fa3
FD=14
LEN=511
DATA=6972656374696f6e0a7d0a0a72657365742829207b0a2020202023207772697465206f757470757420666f722053583133303220436f726543656c6c20706f7765725f656e61626c6520616e642072657365740a202020206563686f20223122203e202f7379732f636c6173732f6770696f2f6770696f245358313330325f504f5745525f454e5f50494e2f76616c75653b20574149545f4750494f0a0a202020206563686f20223122203e202f7379732f636c6173732f6770696f2f6770696f245358313330325f52455345545f50494e2f76616c75653b20574149545f4750494f0a202020206563686f20223022203e202f7379732f636c6173732f6770
---
FUNC=read
RA=00062fa3
FD=14
LEN=511
DATA=3330325f52455345545f50494e205d0a202020207468656e0a20202020202020206563686f2022245358313330325f52455345545f50494e22203e202f7379732f636c6173732f6770696f2f756e6578706f72740a2020202066690a202020206966205b202d64202f7379732f636c6173732f6770696f2f6770696f245358313236315f52455345545f50494e205d0a202020207468656e0a20202020202020206563686f2022245358313236315f52455345545f50494e22203e202f7379732f636c6173732f6770696f2f756e6578706f72740a2020202066690a202020206966205b202d64202f7379732f636c6173732f6770696f2f6770696f24535831
---
FUNC=read
RA=00062fa3
FD=14
LEN=27
DATA=206578697420310a202020203b3b0a657361630a0a657869742030
---
FUNC=ssl_read
SSL=00146ff0
RA=000670a5
LEN=255
DATA=474554202f20485454502f312e310d0a5365632d576562536f636b65742d56657273696f6e3a2031330d0a5365632d576562536f636b65742d4b65793a20595672616751597a4a3567484949516c4951487042773d3d0d0a436f6e6e656374696f6e3a20557067726164650d0a557067726164653a20776562736f636b65740d0a5365632d576562536f636b65742d457874656e73696f6e733a207065726d6573736167652d6465666c6174653b20636c69656e745f6d61785f77696e646f775f626974730d0a5365632d576562536f636b65742d50726f746f636f6c3a20756370340d0a486f73743a2031302e312e31302e3134313a383537310d0a0d0a
---
FUNC=ssl_write
SSL=00146ff0
RA=000670a5
LEN=176
DATA=485454502f312e312031303120537769746368696e672050726f746f636f6c730d0a436f6e6e656374696f6e3a20557067726164650d0a5365632d576562536f636b65742d4163636570743a206d34776643616432355a79444865547a5442316f716d4e483471633d0d0a5365632d576562536f636b65742d50726f746f636f6c3a20756370340d0a5365727665723a2055424e542d57530d0a557067726164653a20776562736f636b65740d0a0d0a
---
FUNC=ssl_read
SSL=00146ff0
RA=000670a5
LEN=139
DATA=82fe0083ad847d67ac857d67ad847d16d6a61c04d9ed12098fbe5f05dfed1900c8cd1301c2c318138fa85f0ec9a6474595e54b5594bd1f0580b21e019aa9495f9cb650069fb01c4ac8e74b5198b74f5494b71e568fa85f13d4f4184597a60f02dcf11814d9a65145d9ed1002def01c0adda647569abc495098b2445499b14851d0867c67ad847d67afff00
---
FUNC=ssl_write
SSL=00146ff0
RA=000670a5
LEN=345
DATA=827e015501010000000000727b226572726f72223a22222c226572726f72436f6465223a302c226964223a2238613632393962622d366366372d343831322d613234612d656336363533323339336331222c2274696d657374616d70223a313738343735363933343537312c2274797065223a22726573706f6e7365227d02010000000000d37b2264656661756c744966616365223a22726164696f30222c226964223a2230353734303138352d613534322d346166642d383930372d366461353137663661643533222c22696661636573223a7b22726164696f30223a7b22647269766572223a22737831333032222c2269735265616479223a66616c73652c2270617274223a22535831333032222c2276656e646f72223a2253656d74656368227d7d2c2272756e74696d65223a302c2274797065223a224c6f52612d427269646765222c2276657273696f6e223a22312e332e30227d
---
FUNC=ssl_read
SSL=00146ff0
RA=000670a5
LEN=209
DATA=82fe00c9fc7b9f01fd7a9f01fc7b9f6e8759fe628812f06fde41bd6a9902da799f13fe6f9b1ebd2dde12fb23c659ac64991fad32c94bb233c91aac2cc848ab64d142ab649f56ad36ca18a9339f19fa39cb49bd2dde0fe6719959a5238e1eee749908eb23d059eb68911eec759d16ef23c64aa839c84caa37c548ab34ca4fe203fd7b9f01fc7bd57ade10fa78de41bd67cb4eaf60cf4fa6339e49a8649942ad339843a7359d4efc349a4dac349d4ca933ce19ad38c41daa639e19fc34cb42fa65cd4eab679e4cac629a4aab39c54ffc2381
---
FUNC=read
RA=b6f7ae04
FD=14
LEN=32
DATA=1c4c5024603c642e76791a9f202e7a5efa6cc1d513fa464a45d8c861c4c08e42
---
FUNC=randombytes
RA=0003b203
LEN=32
BUF=1c4c5024603c642e76791a9f202e7a5efa6cc1d513fa464a45d8c861c4c08e42
---
FUNC=ssl_write
SSL=00146ff0
RA=000670a5
LEN=208
DATA=827e00cc01010000000000727b226572726f72223a22222c226572726f72436f6465223a302c226964223a2233656564323335302d323561332d343334652d393465632d323736633632636265383732222c2274696d657374616d70223a313738343735363933343538322c2274797065223a22726573706f6e7365227d020100000000004a7b226b6579223a2243333445384332414242374646393332343546313530393039443331323639414438384536424444323136433939304635393343303539334436364444463731227d
---
FUNC=ssl_read
SSL=00146ff0
RA=000670a5
LEN=260
DATA=82fe00fcaa45b469ab44b469aa45b404d167d50ade2cdb07887f9608df31dc06d82cce0c88699600ce678e4b98748408c87cd5518726845b9e68805fc8249950cc74d0449221815f9f748359c870d05e8869961dd335d14b9067c60cdb30d11ade67984bde2cd90cd931d504da678e589d7d805e9f738d5a9e708c5ad747b569aa45b469d53e960ac62cd107de0cf04b9067825c9820d150c8759951cf2487449e74d550877d81519368d65f9a74855c9320d55fc87396458836d10ad820c04b9067cc31e522f20df206c50eda1de63bce3c9b10c50ae200c072c02cda17c43bdc03ce03c170850de63dd83cef7d8719dc3f8001eb20f125ee28f50fdd77dd23cc179614
---
FUNC=ssl_write
SSL=00146ff0
RA=000670a5
LEN=150
DATA=827e009201010000000000807b226572726f72223a22496e7465726661636520646f776e222c226572726f72436f6465223a372c226964223a2232313061623961382d633032342d343662612d396631642d386435363531373062356437222c2274696d657374616d70223a313738343735363933343539392c2274797065223a22726573706f6e7365227d02010000000000027b7d
---
FUNC=ssl_read
SSL=00146ff0
RA=000670a5
LEN=6
DATA=8880aaaea270
---
FUNC=ssl_write
SSL=00146ff0
RA=000670a5
LEN=4
DATA=880203e8
---
FUNC=read
RA=00062fa3
FD=13
LEN=511
DATA=23212f62696e2f73680a0a2320546869732073637269707420697320696e74656e64656420746f2062652075736564206f6e2053583133303220436f726543656c6c20706c6174666f726d2c20697420706572666f726d730a232074686520666f6c6c6f77696e6720616374696f6e733a0a23202020202020202d206578706f72742f756e7065786f7274204750494f323320616e64204750494f3138207573656420746f2072657365742074686520535831333032206368697020616e6420746f20656e61626c6520746865204c444f730a23202020202020202d206578706f72742f756e6578706f7274204750494f3232207573656420746f2072657365
---
FUNC=read
RA=00062fa3
FD=13
LEN=511
DATA=656e61626c650a5358313236315f52455345545f50494e3d31322020202020232053583132363120726573657420284c4254202f20537065637472616c205363616e290a0a574149545f4750494f2829207b0a2020202075736c6565702031303030300a7d0a0a696e69742829207b0a2020202023207365747570204750494f730a202020206563686f2022245358313330325f52455345545f50494e22203e202f7379732f636c6173732f6770696f2f6578706f72740a202020206563686f2022245358313236315f52455345545f50494e22203e202f7379732f636c6173732f6770696f2f6578706f72740a202020206563686f2022245358313330325f
---
FUNC=read
RA=00062fa3
FD=13
LEN=511
DATA=6972656374696f6e0a7d0a0a72657365742829207b0a2020202023207772697465206f757470757420666f722053583133303220436f726543656c6c20706f7765725f656e61626c6520616e642072657365740a202020206563686f20223122203e202f7379732f636c6173732f6770696f2f6770696f245358313330325f504f5745525f454e5f50494e2f76616c75653b20574149545f4750494f0a0a202020206563686f20223122203e202f7379732f636c6173732f6770696f2f6770696f245358313330325f52455345545f50494e2f76616c75653b20574149545f4750494f0a202020206563686f20223022203e202f7379732f636c6173732f6770
---
FUNC=read
RA=00062fa3
FD=13
LEN=511
DATA=3330325f52455345545f50494e205d0a202020207468656e0a20202020202020206563686f2022245358313330325f52455345545f50494e22203e202f7379732f636c6173732f6770696f2f756e6578706f72740a2020202066690a202020206966205b202d64202f7379732f636c6173732f6770696f2f6770696f245358313236315f52455345545f50494e205d0a202020207468656e0a20202020202020206563686f2022245358313236315f52455345545f50494e22203e202f7379732f636c6173732f6770696f2f756e6578706f72740a2020202066690a202020206966205b202d64202f7379732f636c6173732f6770696f2f6770696f24535831
---
FUNC=read
RA=00062fa3
FD=13
LEN=27
DATA=206578697420310a202020203b3b0a657361630a0a657869742030
---
FUNC=read
RA=00062fa3
FD=13
LEN=511
DATA=23212f62696e2f73680a0a2320546869732073637269707420697320696e74656e64656420746f2062652075736564206f6e2053583133303220436f726543656c6c20706c6174666f726d2c20697420706572666f726d730a232074686520666f6c6c6f77696e6720616374696f6e733a0a23202020202020202d206578706f72742f756e7065786f7274204750494f323320616e64204750494f3138207573656420746f2072657365742074686520535831333032206368697020616e6420746f20656e61626c6520746865204c444f730a23202020202020202d206578706f72742f756e6578706f7274204750494f3232207573656420746f2072657365
---
FUNC=read
RA=00062fa3
FD=13
LEN=511
DATA=656e61626c650a5358313236315f52455345545f50494e3d31322020202020232053583132363120726573657420284c4254202f20537065637472616c205363616e290a0a574149545f4750494f2829207b0a2020202075736c6565702031303030300a7d0a0a696e69742829207b0a2020202023207365747570204750494f730a202020206563686f2022245358313330325f52455345545f50494e22203e202f7379732f636c6173732f6770696f2f6578706f72740a202020206563686f2022245358313236315f52455345545f50494e22203e202f7379732f636c6173732f6770696f2f6578706f72740a202020206563686f2022245358313330325f
---
FUNC=read
RA=00062fa3
FD=13
LEN=511
DATA=6972656374696f6e0a7d0a0a72657365742829207b0a2020202023207772697465206f757470757420666f722053583133303220436f726543656c6c20706f7765725f656e61626c6520616e642072657365740a202020206563686f20223122203e202f7379732f636c6173732f6770696f2f6770696f245358313330325f504f5745525f454e5f50494e2f76616c75653b20574149545f4750494f0a0a202020206563686f20223122203e202f7379732f636c6173732f6770696f2f6770696f245358313330325f52455345545f50494e2f76616c75653b20574149545f4750494f0a202020206563686f20223022203e202f7379732f636c6173732f6770
---
FUNC=read
RA=00062fa3
FD=13
LEN=511
DATA=3330325f52455345545f50494e205d0a202020207468656e0a20202020202020206563686f2022245358313330325f52455345545f50494e22203e202f7379732f636c6173732f6770696f2f756e6578706f72740a2020202066690a202020206966205b202d64202f7379732f636c6173732f6770696f2f6770696f245358313236315f52455345545f50494e205d0a202020207468656e0a20202020202020206563686f2022245358313236315f52455345545f50494e22203e202f7379732f636c6173732f6770696f2f756e6578706f72740a2020202066690a202020206966205b202d64202f7379732f636c6173732f6770696f2f6770696f24535831
---
FUNC=read
RA=00062fa3
FD=13
LEN=27
DATA=206578697420310a202020203b3b0a657361630a0a657869742030
---
FUNC=ssl_read
SSL=0019fda0
RA=000670a5
LEN=255
DATA=474554202f20485454502f312e310d0a5365632d576562536f636b65742d56657273696f6e3a2031330d0a5365632d576562536f636b65742d4b65793a20326b35417a6e6b59556b376d6e77317057366d6d45773d3d0d0a436f6e6e656374696f6e3a20557067726164650d0a557067726164653a20776562736f636b65740d0a5365632d576562536f636b65742d457874656e73696f6e733a207065726d6573736167652d6465666c6174653b20636c69656e745f6d61785f77696e646f775f626974730d0a5365632d576562536f636b65742d50726f746f636f6c3a20756370340d0a486f73743a2031302e312e31302e3134313a383537310d0a0d0a
---
FUNC=ssl_write
SSL=0019fda0
RA=000670a5
LEN=176
DATA=485454502f312e312031303120537769746368696e672050726f746f636f6c730d0a436f6e6e656374696f6e3a20557067726164650d0a5365632d576562536f636b65742d4163636570743a2043736158666471706c36385666743852724e65516a4335317930493d0d0a5365632d576562536f636b65742d50726f746f636f6c3a20756370340d0a5365727665723a2055424e542d57530d0a557067726164653a20776562736f636b65740d0a0d0a
---
FUNC=ssl_read
SSL=0019fda0
RA=000670a5
LEN=139
DATA=82fe0083296f5c71286e5c71296f5c00524d3d125d06331f0b557e135b0638164c263217462839050b437e184d4d6653195869464c0c694104566f171a4268471c0e71481c566a5c485f3f4018096c481d5f68170b437e05501f3953134d2e14581a39025d4d70535d0631145a1b3d1c594d66401e5768461c59654210596440546d5d71296f5c712b1421
---
FUNC=ssl_write
SSL=0019fda0
RA=000670a5
LEN=345
DATA=827e015501010000000000727b226572726f72223a22222c226572726f72436f6465223a302c226964223a2230373537656335302d393366332d343635612d393539362d613063313166303934303466222c2274696d657374616d70223a313738343735363933393639372c2274797065223a22726573706f6e7365227d02010000000000d37b2264656661756c744966616365223a22726164696f30222c226964223a2230353734303138352d613534322d346166642d383930372d366461353137663661643533222c22696661636573223a7b22726164696f30223a7b22647269766572223a22737831333032222c2269735265616479223a66616c73652c2270617274223a22535831333032222c2276656e646f72223a2253656d74656368227d7d2c2272756e74696d65223a352c2274797065223a224c6f52612d427269646765222c2276657273696f6e223a22312e332e30227d
---
FUNC=ssl_read
SSL=0019fda0
RA=000670a5
LEN=209
DATA=82fe00c985a4d37184a5d37185a4d31efe86b212f1cdbc1fa79ef11ae0dd9609e6ccb21fe2c1f15da7cdb753bf86e445b293e449e693fe17e6c6b55cb1c0b240a89ceb48e389b543e6c1e014e09cb146e091f15da7d0aa01e086e953f7c1a204e0d7a753a986a718e8c1a005e4c9a353bf95e449b193e647bc97ea47bd9dae7384a4d37185a4990aa7cfb608a79ef112b797e543b196e248e790e247e7c1e014e197b210bc9de342e7c0e444b59cb642e797e445bc93b617bd9cb243b792e640e497e542e796e043e794b714b093e153f8
---
FUNC=read
RA=b6f7ae04
FD=14
LEN=32
DATA=443de6361a07e869425f7e3ef97c55aa512228bca1f1a1db536021006c8f858e
---
FUNC=randombytes
RA=0003b203
LEN=32
BUF=443de6361a07e869425f7e3ef97c55aa512228bca1f1a1db536021006c8f858e
---
FUNC=ssl_write
SSL=0019fda0
RA=000670a5
LEN=208
DATA=827e00cc01010000000000727b226572726f72223a22222c226572726f72436f6465223a302c226964223a2237343737373863372d666362662d346461312d383839662d663263653365653862376535222c2274696d657374616d70223a313738343735363933393730372c2274797065223a22726573706f6e7365227d020100000000004a7b226b6579223a2230394645393238303141373138324243443934454133424146424646364346344141424236333236333942453037343633433039423535393536343638353142227d
---
FUNC=ssl_read
SSL=0019fda0
RA=000670a5
LEN=260
DATA=82fe00fcde46fed3df47fed3de46febea5649fb0aa2f91bdfc7cdcb2ab3296bcac2f84b6fc6adcbaba64c4f1ed24cfebec72c8b5f323cee0e86bcae4ee20d3ebbd75c6feba76c9e5e622cde1bc239bb2fc6adca7a7369bf1e4648cb6af339ba0aa64d2f1aa2f93b6ad329fbeae64c4e2e97ecae4eb70c7e0e771cee1a344ffd3de46fed3a13ddcb0b22f9bbdaa0fbaf1e464c8e6ec239beabc76d3ebbb27cdfeea779feaf37ecbebe76b9ce5ee77cfe6e7239fe5bc70dcfffc359bb0ac238af1e46488a5881287aaef01c699b93787a6b132d1fcea008c80b770af9df172cbe1b12c8a90ea1ca9e49f31b5eab820c881870491a0890f9c809f27919dbb0c93e4947fdcae
---
FUNC=ssl_write
SSL=0019fda0
RA=000670a5
LEN=150
DATA=827e009201010000000000807b226572726f72223a22496e7465726661636520646f776e222c226572726f72436f6465223a372c226964223a2233623138323436662d653033362d343730662d386333382d643037363864333262656561222c2274696d657374616d70223a313738343735363933393732302c2274797065223a22726573706f6e7365227d02010000000000027b7d
---
FUNC=ssl_read
SSL=0019fda0
RA=000670a5
LEN=6
DATA=8880c1075021
---
FUNC=ssl_write
SSL=0019fda0
RA=000670a5
LEN=4
DATA=880203e8
---
FUNC=ssl_read
SSL=001609f0
RA=000670a5
LEN=255
DATA=474554202f20485454502f312e310d0a5365632d576562536f636b65742d56657273696f6e3a2031330d0a5365632d576562536f636b65742d4b65793a204f797a616d65646d6e2f625668736e76694e6f3339413d3d0d0a436f6e6e656374696f6e3a20557067726164650d0a557067726164653a20776562736f636b65740d0a5365632d576562536f636b65742d457874656e73696f6e733a207065726d6573736167652d6465666c6174653b20636c69656e745f6d61785f77696e646f775f626974730d0a5365632d576562536f636b65742d50726f746f636f6c3a20756370340d0a486f73743a2031302e312e31302e3134313a383537310d0a0d0a
---
FUNC=ssl_write
SSL=001609f0
RA=000670a5
LEN=176
DATA=485454502f312e312031303120537769746368696e672050726f746f636f6c730d0a436f6e6e656374696f6e3a20557067726164650d0a5365632d576562536f636b65742d4163636570743a204b67796f69785644746e304b4178576270386f4f62754c6c302b383d0d0a5365632d576562536f636b65742d50726f746f636f6c3a20756370340d0a5365727665723a2055424e542d57530d0a557067726164653a20776562736f636b65740d0a0d0a
---
FUNC=ssl_read
SSL=001609f0
RA=000670a5
LEN=139
DATA=82fe00838117c6268016c6268117c657fa35a745f57ea948a32de444f37ea241e45ea840ee50a352a33be44fe535fc04b523f414b82fa517ac21f312b53af210e521eb1fb376a20bb020a41eb920fe43b772a217a33be452f867a304bb35b443f062a355f535ea04f57eab43f263a74bf135fc17b62ff211b421ff12b52ff61efc15c7268117c626836cbb
---
FUNC=ssl_write
SSL=001609f0
RA=000670a5
LEN=417
DATA=827e019d01010000000000727b226572726f72223a22222c226572726f72436f6465223a302c226964223a2234343232393863312d363534342d343664362d393261642d313762383837386536656431222c2274696d657374616d70223a313738343735363934343832372c2274797065223a22726573706f6e7365227d020100000000011b7b2264656661756c744966616365223a22726164696f30222c226964223a2230353734303138352d613534322d346166642d383930372d366461353137663661643533222c22696661636573223a7b22726164696f30223a7b2263617073223a7b226d6178446174614c656e223a3234312c22737065637472616c5363616e223a747275657d2c22647269766572223a22737831333032222c2269735265616479223a747275652c226d6163223a2239303a34313a42323a33343a38333a4443222c2270617274223a22535831333032222c2276656e646f72223a2253656d74656368227d7d2c2272756e74696d65223a31302c2274797065223a224c6f52612d427269646765222c2276657273696f6e223a22312e332e30227d
---
FUNC=ssl_read
SSL=001609f0
RA=000670a5
LEN=209
DATA=82fe00c9966d7657976c7657966d7638ed4f1734e2041939b457543cf314332ff5051739f108547bb4041275ac4f4063af0e4f64f7555b66af54427aa2541736bb554431f0401035a40b4735a1081531f00c547bb4190f27f34f4c75e4080722f31e0275ba4f023efb080523f7000675ac5c416fa25a4361af59426fa75b0b55976d7657966d3c2cb406132eb4575462a25b1265f75c4133a55d476ea20e1064af541761a3094064f4551736f55e4f34a5091764a5584064a05e1360a00f4566a70f4231f35d4036a15a1462a35a4675eb
---
FUNC=read
RA=b6f7ae04
FD=17
LEN=32
DATA=537cfc2508bc6023c948fcacb5f96e5e015281c9a150123ade6d8af10e636f02
---
FUNC=randombytes
RA=0003b203
LEN=32
BUF=537cfc2508bc6023c948fcacb5f96e5e015281c9a150123ade6d8af10e636f02
---
FUNC=ssl_write
SSL=001609f0
RA=000670a5
LEN=208
DATA=827e00cc01010000000000727b226572726f72223a22222c226572726f72436f6465223a302c226964223a2236343963393361382d313939342d343961612d383266662d666232663162376563666661222c2274696d657374616d70223a313738343735363934343833362c2274797065223a22726573706f6e7365227d020100000000004a7b226b6579223a2242393737304430333536353143383346444246414633453946353144364333453331324637324330444335313338313538333743433942364638454638383331227d
---
FUNC=ssl_read
SSL=001609f0
RA=000670a5
LEN=260
DATA=82fe00fc5c18e6e85d19e6e85c18e685273a878b287189867e22c489296c8e872e719c8d7e34c481383adcca682c87d06c2ed18c717cd0d16f35d28c3d20cb89682cd5c5382980de682bd6dc6d7cd48d7e34c49c256883ca663a948d2d6d839b283acaca28718b8d2f6c87852c3adcd96b20d2df692edfdc6820d4dd211ae7e85c18e6e82363c48b307183862851a2ca663ad0dd6e7d83d13e28cbd03979d5c5682987d17120d3d0653584de6c29d7dd657d87de3e2ec4c47e6b838b2e7d92ca663ab1d01e2da5c71b5481843d5caca63f7092db1455d3ab064e808c287eacc3654ca28c162ebfbd6c42aadb286dd68a185bdfd97776a0980f33839a30619fdf0a29c495
---
FUNC=scalarmult
RA=0003b287
PRIV=537cfc2508bc6023c948fcacb5f96e5e015281c9a150123ade6d8af10e636f02
PUB=546d2a17d30194cf399a65d63b8aac39c3da3356363e76b311b4fe06a77b5570
SHARED=600b661ab0378d0dc9047800bf5d49bbe02e20cb8a7b429ede43bbf1326ef24e
RC=0
---
FUNC=gh_init
STATE=00199450
KEYLEN=0
OUTLEN=32
---
FUNC=gh_update
STATE=00199450
LEN=32
DATA=600b661ab0378d0dc9047800bf5d49bbe02e20cb8a7b429ede43bbf1326ef24e
---
FUNC=gh_update
STATE=00199450
LEN=32
DATA=546d2a17d30194cf399a65d63b8aac39c3da3356363e76b311b4fe06a77b5570
---
FUNC=gh_update
STATE=00199450
LEN=32
DATA=b9770d035651c83fdbfaf3e9f51d6c3e312f72c0dc513815837cc9b6f8ef8831
---
FUNC=gh_update
STATE=00199450
LEN=32
DATA=41c00cf59b28287a9d5865be88ae0e236abc8f10620e0e3bf5cb46accf2ca520
---
FUNC=gh_final
RA=0002ed23
STATE=00199450
OUTLEN=32
OUT=00eca81f68eea6be1b43ccc67c49062689ba2be79a8aa4b4a1446576b3b55b46
---
FUNC=secretbox_open
RA=000301c5
KEY=00eca81f68eea6be1b43ccc67c49062689ba2be79a8aa4b4a1446576b3b55b46
NONCE=000000000000000000000000000000000000000055424e55
CTLEN=48
CT=5bc0790bf18b82568324d721b771cce426557ddb5f27ef530dd27a614d192f7b6ed1b0c2f75fa71694be7ab972cbb575
RC=0
PT=3c232e926c94efc66099574fa66ac41cb414971d0f0d744b29f1e2b21ea61f50
---
FUNC=xsalsa20
PHASE=pre
RA=b6f3977b
KEY=00eca81f68eea6be1b43ccc67c49062689ba2be79a8aa4b4a1446576b3b55b46
NONCE=000000000000000000000000000000000000000055424e56
LEN=64
IN=00000000000000000000000000000000000000000000000000000000000000009d5d2958277f5e03e3b9531d2954c265127a80bc022e3608a164ea4eeb869ca3
---
FUNC=xsalsa20
PHASE=post
KEY=00eca81f68eea6be1b43ccc67c49062689ba2be79a8aa4b4a1446576b3b55b46
NONCE=000000000000000000000000000000000000000055424e56
LEN=64
OUT=4bef605cb75bc4467ae4a6b366c67dbbe5cfdd3a1fcb9558fbd852234d065369623e02adfa7e96da9460d5731e31c0c296a9495afa931daec7cd0ba1d366af10
---
FUNC=secretbox
RA=000300e5
KEY=00eca81f68eea6be1b43ccc67c49062689ba2be79a8aa4b4a1446576b3b55b46
NONCE=000000000000000000000000000000000000000055424e56
PTLEN=32
PT=9d5d2958277f5e03e3b9531d2954c265127a80bc022e3608a164ea4eeb869ca3
RC=0
CT=5085cc371eeeccd8706250df58ff96e9623e02adfa7e96da9460d5731e31c0c296a9495afa931daec7cd0ba1d366af10
---
FUNC=ssl_write
SSL=001609f0
RA=000670a5
LEN=228
DATA=827e00e001010000000000727b226572726f72223a22222c226572726f72436f6465223a302c226964223a2234346138303637642d643639332d346461382d613434332d643166363433303431643265222c2274696d657374616d70223a313738343735363934343835312c2274797065223a22726573706f6e7365227d020100000000005e7b226966616365223a22726164696f30222c22736563726574223a225549584d4e7837757a4e6877596c446657502b573657492b41713336667062616c47445663783478774d4b5771556c612b704d647273664e433648545a713851227d
---
FUNC=ssl_read
SSL=001609f0
RA=000670a5
LEN=140
DATA=82fe0084a555de6ba454de6ba555de19de77bf08d13cb105876ffc0fcc26bd04d330ac12f621bf19d177f249cc31fc518761ee5fc731bf09c078e70e9063f35f9c34bb469c36ed5f8831e85e9165e8089034ba589677f249d12cae0e876ffc19c024ab0ed621fc478721b706c026aa0ac825fc519462e65f9260e8529161e6589d28dc6aa555de6ba557a516
---
FUNC=ssl_write
SSL=001609f0
RA=000670a5
LEN=136
DATA=827e008401010000000000727b226572726f72223a22222c226572726f72436f6465223a302c226964223a2234303462646162652d396535362d343961652d396333342d643635343036633561643333222c2274696d657374616d70223a313738343735363934343835362c2274797065223a22726573706f6e7365227d02010000000000027b7d
---
FUNC=ssl_read
SSL=001609f0
RA=000670a5
LEN=309
DATA=82fe012dbbb02302bab12302bbb0236fc0924261cfd94c6c998a0163dfd46767cdd94067999c016bdf921920df8846348ad11a3496811060899d17348ed60e638a81142f8c871566dd881464da811667999c0176c2c0462081925167cac54671cf920f20cfd94e67c8c4426fcb9219338c8817358e861a368f881731c6b22202bbb023020bcb016fdad30138998913368af21130fe89623788920f20d0d55a20819211318dd613348e8146328d801731d88713668cd31067d884153a8d8613618e86113a8e861a60898841638e894733d8d342358fd51333df884266d884153b8d88012e99d6426ed7d24261d0fb467b998a0164df804234888145648f861634da89466083d34737838910358d86463088891b328a824031ded4466782831337d8d447648e8917368e854261df831132df864720c6
---
FUNC=read
RA=b6ad190b
FD=17
LEN=4
DATA=3bab02d8
---
FUNC=ssl_write
SSL=001609f0
RA=000670a5
LEN=306
DATA=827e008401010000000000727b226572726f72223a22222c226572726f72436f6465223a302c226964223a2264386536316139362d313362322d343635662d613131372d373736646638376661313565222c2274696d657374616d70223a313738343735363934343836322c2274797065223a22726573706f6e7365227d02010000000000027b7d827e00a6010100000000006f7b226964223a2238623331393733372d383935652d346463382d393835372d386637376366313837353161222c226e616d65223a2264657673496e666f4368616e676564222c2274696d657374616d70223a313738343735363934343836332c2274797065223a226576656e74227d02010000000000277b226361706163697479223a7b22617661696c61626c65223a39392c226d6178223a3130307d7d
---
FUNC=ssl_read
SSL=001609f0
RA=000670a5
LEN=211
DATA=82fe00cbe17c6ef4e07d6ef4e17c6e9b9a5e0f979515019ac3464c8784120ab9840f1d9586194cd8c3150ad6db5e56cc854a5891824843c3d6445cd9d54b08c6cc1e5a97d3515fc5d94c0a95d94856c382484cd8c3081784845e54d693191f81840f1ad6cd5e1a9d8c191d8080111ed6db4d59ccd54b5bc2d8485accd94f13f6e07c6ef4e17c228fc3110f97c3464ccdd1485fb6d34e2bcda0495dd6cd5e0a95951d4ccec34c57c5d35e42d685091a8dc3461a86941942d6801f05d6db081c8184504c8088110b9b94084cced84c5ec4d14c13
---
FUNC=ssl_read
SSL=001609f0
RA=000670a5
LEN=219
DATA=82fe00d3ed90db4bec91db4bed90db2496b2ba2899f9b425cfaaf93888febf0688e3a82a8af5f967cff9bf69d7b2bf7cd9f3eb7bdca8f678dcf4ee66d9a5ba79c0f1ed2fd5bdba7f8ff2ed2888a9ea7d8ef3f967cfe4a23b88b2e1699ff5aa3e88e3af69c1b2af2280f5a83f8cfdab69d7a1ec73d9a7ee7dd4a4ef73d5a4a649ec90db4bed908f30cffdba28cfaaf972dda4ea09dfa29e72aca5e869c1b2bf2a99f1f971cfa0b97adea1ea7bdca0bf7ad9b2f76989e5af32cfaaaf3998f5f7698cf3b069d7e4a93e88bcf93f84fdbe2498e4f971d4a0eb7bdda0a6
---
FUNC=stream
PHASE=pre
RA=0002f8a5
KEY=47be3dffb41ea35749c9290e6d2124e6b3e3842ab4e443bd0ac41eda045c2dbe
NONCE=e0409041b22e9a53b2310000000000000000000000000000
LEN=12
IN=ff333000925c2a63a91c6948
---
FUNC=stream
PHASE=post
KEY=47be3dffb41ea35749c9290e6d2124e6b3e3842ab4e443bd0ac41eda045c2dbe
NONCE=e0409041b22e9a53b2310000000000000000000000000000
LEN=12
OUT=84a48de701ae94c90000048f
---
FUNC=gh_init
STATE=001b4bc8
KEYLEN=0
OUTLEN=4
---
FUNC=gh_update
STATE=001b4bc8
LEN=10
DATA=e0409041b22e9a53b231
---
FUNC=gh_update
STATE=001b4bc8
LEN=4
DATA=00000000
---
FUNC=gh_update
STATE=001b4bc8
LEN=8
DATA=01ae94c90000048f
---
FUNC=gh_final
RA=0002ed23
STATE=001b4bc8
OUTLEN=4
OUT=84a48de7
---
FUNC=ssl_write
SSL=001609f0
RA=000670a5
LEN=233
DATA=827e00e5010100000000006f7b226964223a2261313637363431372d323632622d343264362d623637342d353731643066363932633665222c226e616d65223a22646973636f76657279526573756c74222c2274696d657374616d70223a313738343735363935333633312c2274797065223a226576656e74227d02010000000000667b2261646f70746564223a747275652c226d6163223a2239303a34313a42323a32453a39413a3533222c226e6574776f726b4964223a313136372c227369676e616c223a7b2272737369223a2d36322c22736e72223a397d2c2273736964223a34343639327d
---
FUNC=read
RA=b6ad190b
FD=18
LEN=4
DATA=d5681e98
---
FUNC=read
RA=b6f7ae04
FD=19
LEN=32
DATA=6b7e266b72f1faf97f731fe346a6aab72541503b60d0cf67c404601aedc46fb7
---
FUNC=randombytes
RA=0003b203
LEN=32
BUF=6b7e266b72f1faf97f731fe346a6aab72541503b60d0cf67c404601aedc46fb7
---
FUNC=gh_init
STATE=001b4bc8
KEYLEN=0
OUTLEN=4
---
FUNC=gh_update
STATE=001b4bc8
LEN=10
DATA=e0629041b22e9a536b2b
---
FUNC=gh_update
STATE=001b4bc8
LEN=4
DATA=00000000
---
FUNC=gh_update
STATE=001b4bc8
LEN=56
DATA=01015d1a395b0489244a6a5e11033ed2fd73a2337a3364648899101ea1b6530b0b580a000212feffffffffffffffffffffffffffffffff01
---
FUNC=gh_final
RA=0002ed23
STATE=001b4bc8
OUTLEN=4
OUT=2fcc8829
---
FUNC=stream
PHASE=pre
RA=0002f8a5
KEY=fd0a631ff4656a9eb8cd5893766e2398012c3edee9305cddf594455acd320d6d
NONCE=e0629041b22e9a536b2b0000000000000000000000000000
LEN=60
IN=2fcc882901015d1a395b0489244a6a5e11033ed2fd73a2337a3364648899101ea1b6530b0b580a000212feffffffffffffffffffffffffffffffff01
---
FUNC=stream
PHASE=post
KEY=fd0a631ff4656a9eb8cd5893766e2398012c3edee9305cddf594455acd320d6d
NONCE=e0629041b22e9a536b2b0000000000000000000000000000
LEN=60
OUT=f89f92eda93023b445773f57d42b8367a9f837ee04d8ebafc73d69d186f87c7c0b4c05f617f5f371b5551d4f7c19c27ef4f5f6e863b47189de9e329d
---
FUNC=stream
PHASE=pre
RA=0002f8a5
KEY=fd0a631ff4656a9eb8cd5893766e2398012c3edee9305cddf594455acd320d6d
NONCE=e0429041b22e9a53b3190000000000000000000000000000
LEN=53
IN=d26c7bcc03e3398df8e2c82a02ecc24035a2720fe51451faf599dfc42ad1d29a6d0ceac2e3049f22b23e819acb76f959049b80f7ca
---
FUNC=stream
PHASE=post
KEY=fd0a631ff4656a9eb8cd5893766e2398012c3edee9305cddf594455acd320d6d
NONCE=e0429041b22e9a53b3190000000000000000000000000000
LEN=53
OUT=30d43ba301020114b93c2ce18a94c74c6197327c5c9e0bef57bcc117bf684e2737eac5e93da006bd2ea38126bc0e77b4b603feff03
---
FUNC=gh_init
STATE=001b4bc8
KEYLEN=0
OUTLEN=4
---
FUNC=gh_update
STATE=001b4bc8
LEN=10
DATA=e0429041b22e9a53b319
---
FUNC=gh_update
STATE=001b4bc8
LEN=4
DATA=00000000
---
FUNC=gh_update
STATE=001b4bc8
LEN=49
DATA=01020114b93c2ce18a94c74c6197327c5c9e0bef57bcc117bf684e2737eac5e93da006bd2ea38126bc0e77b4b603feff03
---
FUNC=gh_final
RA=0002ed23
STATE=001b4bc8
OUTLEN=4
OUT=30d43ba3
---
FUNC=scalarmult
RA=0003b287
PRIV=6b7e266b72f1faf97f731fe346a6aab72541503b60d0cf67c404601aedc46fb7
PUB=14b93c2ce18a94c74c6197327c5c9e0bef57bcc117bf684e2737eac5e93da006
SHARED=c5f7f6efb9811621b0001e84962c67f3726c61ff5362276334ddb90e467fa542
RC=0
---
FUNC=gh_init
STATE=00199450
KEYLEN=0
OUTLEN=32
---
FUNC=gh_update
STATE=00199450
LEN=32
DATA=c5f7f6efb9811621b0001e84962c67f3726c61ff5362276334ddb90e467fa542
---
FUNC=gh_update
STATE=00199450
LEN=32
DATA=5d1a395b0489244a6a5e11033ed2fd73a2337a3364648899101ea1b6530b0b58
---
FUNC=gh_update
STATE=00199450
LEN=32
DATA=14b93c2ce18a94c74c6197327c5c9e0bef57bcc117bf684e2737eac5e93da006
---
FUNC=gh_update
STATE=00199450
LEN=32
DATA=236f0651e06043c70d7c3ec468660c5628569b28ba59d1cca74e01d8adc46968
---
FUNC=gh_final
RA=0002ed23
STATE=00199450
OUTLEN=32
OUT=9432ba8ee9114dedc8370233f9a6fbc1cb66a33e4ccb9669cfe41601df6d3336
---
FUNC=stream
PHASE=pre
RA=0002f8a5
KEY=9432ba8ee9114dedc8370233f9a6fbc1cb66a33e4ccb9669cfe41601df6d3336
NONCE=000000000000000000000000000000000000000000000000
LEN=10
IN=bd2ea38126bc0e77b4b6
---
FUNC=stream
PHASE=post
KEY=9432ba8ee9114dedc8370233f9a6fbc1cb66a33e4ccb9669cfe41601df6d3336
NONCE=000000000000000000000000000000000000000000000000
LEN=10
OUT=9041b22e9a5361ca8b5e
---
FUNC=stream
PHASE=pre
RA=0002f8a5
KEY=9432ba8ee9114dedc8370233f9a6fbc1cb66a33e4ccb9669cfe41601df6d3336
NONCE=000000000000000000000000000000000000000000000000
LEN=16
IN=9041b23483dc9041b22e9a5361ca8b5e
---
FUNC=stream
PHASE=post
KEY=9432ba8ee9114dedc8370233f9a6fbc1cb66a33e4ccb9669cfe41601df6d3336
NONCE=000000000000000000000000000000000000000000000000
LEN=16
OUT=bd2ea39b3f33fffc8dc6137e55f9d586
---
FUNC=gh_init
STATE=001b4bc8
KEYLEN=0
OUTLEN=4
---
FUNC=gh_update
STATE=001b4bc8
LEN=10
DATA=e0629041b22e9a536c51
---
FUNC=gh_update
STATE=001b4bc8
LEN=4
DATA=00000000
---
FUNC=gh_update
STATE=001b4bc8
LEN=18
DATA=0103bd2ea39b3f33fffc8dc6137e55f9d586
---
FUNC=gh_final
RA=0002ed23
STATE=001b4bc8
OUTLEN=4
OUT=8869008c
---
FUNC=stream
PHASE=pre
RA=0002f8a5
KEY=fd0a631ff4656a9eb8cd5893766e2398012c3edee9305cddf594455acd320d6d
NONCE=e0629041b22e9a536c510000000000000000000000000000
LEN=22
IN=8869008c0103bd2ea39b3f33fffc8dc6137e55f9d586
---
FUNC=stream
PHASE=post
KEY=fd0a631ff4656a9eb8cd5893766e2398012c3edee9305cddf594455acd320d6d
NONCE=e0629041b22e9a536c510000000000000000000000000000
LEN=22
OUT=b3d8fec77fb04ac5416e96ff5aea6a8ffe160c295406
---
FUNC=stream
PHASE=pre
RA=0002f8a5
KEY=9432ba8ee9114dedc8370233f9a6fbc1cb66a33e4ccb9669cfe41601df6d3336
NONCE=e0549041b22e9a5301010000000000000000000000000000
LEN=26
IN=8742e8eb42b07881ccc97705cbf057af13c8ebc1ab2993617996
---
FUNC=stream
PHASE=post
KEY=9432ba8ee9114dedc8370233f9a6fbc1cb66a33e4ccb9669cfe41601df6d3336
NONCE=e0549041b22e9a5301010000000000000000000000000000
LEN=26
OUT=6238bad80c00010000000129020064db0703005a0b8e000f0001
---
FUNC=gh_init
STATE=001b4bc8
KEYLEN=0
OUTLEN=4
---
FUNC=gh_update
STATE=001b4bc8
LEN=10
DATA=e0549041b22e9a530101
---
FUNC=gh_update
STATE=001b4bc8
LEN=4
DATA=00000000
---
FUNC=gh_update
STATE=001b4bc8
LEN=22
DATA=0c00010000000129020064db0703005a0b8e000f0001
---
FUNC=gh_final
RA=0002ed23
STATE=001b4bc8
OUTLEN=4
OUT=6238bad8
---
FUNC=gh_init
STATE=001b4bc8
KEYLEN=0
OUTLEN=4
---
FUNC=gh_update
STATE=001b4bc8
LEN=10
DATA=e0749041b22e9a5301c1
---
FUNC=gh_update
STATE=001b4bc8
LEN=4
DATA=00000000
---
FUNC=gh_update
STATE=001b4bc8
LEN=2
DATA=0912
---
FUNC=gh_final
RA=0002ed23
STATE=001b4bc8
OUTLEN=4
OUT=afdf2e76
---
FUNC=stream
PHASE=pre
RA=0002f8a5
KEY=9432ba8ee9114dedc8370233f9a6fbc1cb66a33e4ccb9669cfe41601df6d3336
NONCE=e0749041b22e9a5301c10000000000000000000000000000
LEN=6
IN=afdf2e760912
---
FUNC=stream
PHASE=post
KEY=9432ba8ee9114dedc8370233f9a6fbc1cb66a33e4ccb9669cfe41601df6d3336
NONCE=e0749041b22e9a5301c10000000000000000000000000000
LEN=6
OUT=a3cbd5e1dd55
---
FUNC=ssl_write
SSL=001609f0
RA=000670a5
LEN=242
DATA=827e00ee010100000000006f7b226964223a2230666462306539652d316463362d343165342d613363332d646232623463633435616562222c226e616d65223a226d6573736167655265636569766564222c2274696d657374616d70223a313738343735363937383332302c2274797065223a226576656e74227d020100000000006f7b2264617461223a223043303030313030303030303031323930323030363444423037303330303541304238453030304630303031222c226d6163223a2239303a34313a42323a32453a39413a3533222c227369676e616c223a7b2272737369223a2d35392c22736e72223a397d7d
---
FUNC=ssl_read
SSL=001609f0
RA=000670a5
LEN=219
DATA=82fe00d3799d1449789c1449799d142602bf752a0df47b275ba7363a1cf370041cee67281ef836655bf4706b43bf262d48a9257e4ff8392a48fc24644dfc712d54a5702f4cb0757a1ba9767a41aa2c794ef936655be96d391cbf2e6b0bf8653c1cee606b55bf602014f8673d18f0646b43ac23714daa217f40aa2c7a4cae694b789d1449799d40325bf0752a5ba7367049a9250b4baf517038a8276b55bf70280dfc36735bad76784dac257948ad70784dbf386b1de860305ba7603b0cf8386b18fe7f6b43e9663c1cb1363d10f071260ce9367340ad247949ad69
---
FUNC=ssl_read
SSL=001609f0
RA=000670a5
LEN=211
DATA=82fe00cb20866915218769152086697a5ba4087654ef067b02bc4b6645e80d5845f51a7447e34b3902ef0d371aa4582516b25a2719bf442d18b25e3814e40d700dbe0f7619ab592517e05d2c42b7507341e24b3902f2106545a4533752e3186045f51d370ca41d7c4de31a6141eb19371ab75e2d14b15c2319b1512615b21417218669152086256e02eb087602bc4b2c10b2585712b42c2c61b35a370ca40d7454e74b2f02b6502415a4453744f31d6c02bc1d6755e3453741e502371af21b6045aa4b6149eb0c7a55f24b2f19b6592510b614
---
FUNC=stream
PHASE=pre
RA=0002f8a5
KEY=9432ba8ee9114dedc8370233f9a6fbc1cb66a33e4ccb9669cfe41601df6d3336
NONCE=e0449041b22e9a5302810000000000000000000000000001
LEN=82
IN=91a3fbba9d136a356dae815782f42295ea9cfb435de0fd1c10e9dbd27bb79707c56e69428ddb3a189c65c2594fa229a40a45b1652c5652d15927d541642fbf7dae2c8bd18f5643a83aa98ecb03abed4d92d0
---
FUNC=stream
PHASE=post
KEY=9432ba8ee9114dedc8370233f9a6fbc1cb66a33e4ccb9669cfe41601df6d3336
NONCE=e0449041b22e9a5302810000000000000000000000000001
LEN=82
OUT=fbe405a20a12ae940001000100010cb24d9d0452b4ba379a5749018003ab8809ac01fb03080f110e01010402010311010a0d01020e01012001011202061301040301041401011501011601010f0101100101
---
FUNC=gh_init
STATE=001b4bc8
KEYLEN=0
OUTLEN=4
---
FUNC=gh_update
STATE=001b4bc8
LEN=10
DATA=e0449041b22e9a530281
---
FUNC=gh_update
STATE=001b4bc8
LEN=4
DATA=00000000
---
FUNC=gh_update
STATE=001b4bc8
LEN=78
DATA=0a12ae940001000100010cb24d9d0452b4ba379a5749018003ab8809ac01fb03080f110e01010402010311010a0d01020e01012001011202061301040301041401011501011601010f0101100101
---
FUNC=gh_final
RA=0002ed23
STATE=001b4bc8
OUTLEN=4
OUT=fbe405a2
---
FUNC=gh_init
STATE=001b4bc8
KEYLEN=0
OUTLEN=4
---
FUNC=gh_update
STATE=001b4bc8
LEN=10
DATA=e0749041b22e9a530243
---
FUNC=gh_update
STATE=001b4bc8
LEN=4
DATA=00000000
---
FUNC=gh_update
STATE=001b4bc8
LEN=6
DATA=0b1311010d14
---
FUNC=gh_final
RA=0002ed23
STATE=001b4bc8
OUTLEN=4
OUT=e5cdef6f
---
FUNC=stream
PHASE=pre
RA=0002f8a5
KEY=9432ba8ee9114dedc8370233f9a6fbc1cb66a33e4ccb9669cfe41601df6d3336
NONCE=e0749041b22e9a5302430000000000000000000000000001
LEN=10
IN=e5cdef6f0b1311010d14
---
FUNC=stream
PHASE=post
KEY=9432ba8ee9114dedc8370233f9a6fbc1cb66a33e4ccb9669cfe41601df6d3336
NONCE=e0749041b22e9a5302430000000000000000000000000001
LEN=10
OUT=1a5b545a3ff744cda3a1
---
FUNC=ssl_write
SSL=001609f0
RA=000670a5
LEN=490
DATA=827e008401010000000000727b226572726f72223a22222c226572726f72436f6465223a302c226964223a2238386436366563342d373738322d343766322d623463322d313138306461383438376334222c2274696d657374616d70223a313738343735363937393430322c2274797065223a22726573706f6e7365227d02010000000000027b7d827e015e010100000000006f7b226964223a2236646536383462322d313666312d343039312d393064622d343034663865393431653832222c226e616d65223a226d6573736167655265636569766564222c2274696d657374616d70223a313738343735363937393430342c2274797065223a226576656e74227d02010000000000df7b2264617461223a22304131324145393430303031303030313030303130434232344439443034353242344241333739413537343930313830303341423838303941433031464230333038304631313045303130313034303230313033313130313041304430313032304530313031323030313031313230323036313330313034303330313034313430313031313530313031313630313031304630313031313030313031222c226d6163223a2239303a34313a42323a32453a39413a3533222c227369676e616c223a7b2272737369223a2d35382c22736e72223a397d7d
---
FUNC=ssl_read
SSL=001609f0
RA=000670a5
LEN=219
DATA=82fe00d3ab7674dcaa7774dcab7674b3d05415bfdf1f1bb2894c56afce181091ce0507bdcc1356f0891f10fe915415eacd1242e99b4359e49b1246f19f4647e9861742bfc85b15e49d4510ef9d4215ec934656f089020dacce544efed91305a9ce0500fe875400b5c61307a8ca1b04fe914743e49f4141ea92414def924009deaa7674dcab7620a7891b15bf894c56e59b42459e994431e5ea4347fe875410bddf1756e6894611ed9d4610ec9b4645eec85458fecf0300a5894c00aede1358feca151ffe910206a9ce5a56a8c21b11b3de0256e6924644ec9b4609
---
FUNC=stream
PHASE=pre
RA=0002f8a5
KEY=9432ba8ee9114dedc8370233f9a6fbc1cb66a33e4ccb9669cfe41601df6d3336
NONCE=e0449041b22e9a5303820000000000000000000000000001
LEN=31
IN=df8d093037cf217cdc154f86f640df13317aa683a90b33fbec2a10ae3d3bc3
---
FUNC=stream
PHASE=post
KEY=9432ba8ee9114dedc8370233f9a6fbc1cb66a33e4ccb9669cfe41601df6d3336
NONCE=e0449041b22e9a5303820000000000000000000000000001
LEN=31
OUT=6b7e7a6c0c1301000000012b11000001000100010cb24d9d0d00012c140001
---
FUNC=gh_init
STATE=001b4bc8
KEYLEN=0
OUTLEN=4
---
FUNC=gh_update
STATE=001b4bc8
LEN=10
DATA=e0449041b22e9a530382
---
FUNC=gh_update
STATE=001b4bc8
LEN=4
DATA=00000000
---
FUNC=gh_update
STATE=001b4bc8
LEN=27
DATA=0c1301000000012b11000001000100010cb24d9d0d00012c140001
---
FUNC=gh_final
RA=0002ed23
STATE=001b4bc8
OUTLEN=4
OUT=6b7e7a6c
---
FUNC=gh_init
STATE=001b4bc8
KEYLEN=0
OUTLEN=4
---
FUNC=gh_update
STATE=001b4bc8
LEN=10
DATA=e0749041b22e9a530361
---
FUNC=gh_update
STATE=001b4bc8
LEN=4
DATA=00000000
---
FUNC=gh_update
STATE=001b4bc8
LEN=6
DATA=0b1411010d14
---
FUNC=gh_final
RA=0002ed23
STATE=001b4bc8
OUTLEN=4
OUT=c0f69321
---
FUNC=stream
PHASE=pre
RA=0002f8a5
KEY=9432ba8ee9114dedc8370233f9a6fbc1cb66a33e4ccb9669cfe41601df6d3336
NONCE=e0749041b22e9a5303610000000000000000000000000002
LEN=10
IN=c0f693210b1411010d14
---
FUNC=stream
PHASE=post
KEY=9432ba8ee9114dedc8370233f9a6fbc1cb66a33e4ccb9669cfe41601df6d3336
NONCE=e0749041b22e9a5303610000000000000000000000000002
LEN=10
OUT=9d6cf6728236ea79f24b
---
FUNC=ssl_write
SSL=001609f0
RA=000670a5
LEN=388
DATA=827e008401010000000000727b226572726f72223a22222c226572726f72436f6465223a302c226964223a2264373463303031382d333164352d343561322d613664382d613462623663653931366363222c2274696d657374616d70223a313738343735363938303435322c2274797065223a22726573706f6e7365227d02010000000000027b7d827e00f8010100000000006f7b226964223a2233326333336533382d646461372d343037352d386634642d633062313434326534343563222c226e616d65223a226d6573736167655265636569766564222c2274696d657374616d70223a313738343735363938303435332c2274797065223a226576656e74227d02010000000000797b2264617461223a22304331333031303030303030303132423131303030303031303030313030303130434232344439443044303030313243313430303031222c226d6163223a2239303a34313a42323a32453a39413a3533222c227369676e616c223a7b2272737369223a2d35372c22736e72223a397d7d
---
FUNC=stream
PHASE=pre
RA=0002f8a5
KEY=9432ba8ee9114dedc8370233f9a6fbc1cb66a33e4ccb9669cfe41601df6d3336
NONCE=e0449041b22e9a5304830000000000000000000000000001
LEN=31
IN=d8a5d34506edbaaf4f7272c3f1f9b4f499158dd96a23a0660c33adab683afb
---
FUNC=stream
PHASE=post
KEY=9432ba8ee9114dedc8370233f9a6fbc1cb66a33e4ccb9669cfe41601df6d3336
NONCE=e0449041b22e9a5304830000000000000000000000000001
LEN=31
OUT=efba0fe10c1401000000012c11000001000100010cb24d9d0d00012c140001
---
FUNC=gh_init
STATE=001b4bc8
KEYLEN=0
OUTLEN=4
---
FUNC=gh_update
STATE=001b4bc8
LEN=10
DATA=e0449041b22e9a530483
---
FUNC=gh_update
STATE=001b4bc8
LEN=4
DATA=00000000
---
FUNC=gh_update
STATE=001b4bc8
LEN=27
DATA=0c1401000000012c11000001000100010cb24d9d0d00012c140001
---
FUNC=gh_final
RA=0002ed23
STATE=001b4bc8
OUTLEN=4
OUT=efba0fe1
---
FUNC=gh_init
STATE=001b4bc8
KEYLEN=0
OUTLEN=4
---
FUNC=gh_update
STATE=001b4bc8
LEN=10
DATA=e0749041b22e9a53044c
---
FUNC=gh_update
STATE=001b4bc8
LEN=4
DATA=00000000
---
FUNC=gh_update
STATE=001b4bc8
LEN=2
DATA=0915
---
FUNC=gh_final
RA=0002ed23
STATE=001b4bc8
OUTLEN=4
OUT=7b47298f
---
FUNC=stream
PHASE=pre
RA=0002f8a5
KEY=9432ba8ee9114dedc8370233f9a6fbc1cb66a33e4ccb9669cfe41601df6d3336
NONCE=e0749041b22e9a53044c0000000000000000000000000003
LEN=6
IN=7b47298f0915
---
FUNC=stream
PHASE=post
KEY=9432ba8ee9114dedc8370233f9a6fbc1cb66a33e4ccb9669cfe41601df6d3336
NONCE=e0749041b22e9a53044c0000000000000000000000000003
LEN=6
OUT=4e1ee32223bd
---
FUNC=ssl_write
SSL=001609f0
RA=000670a5
LEN=388
DATA=827e008401010000000000727b226572726f72223a22222c226572726f72436f6465223a302c226964223a2232643134313736652d633161302d346165642d386466352d613362346233383738303764222c2274696d657374616d70223a313738343735363938313531312c2274797065223a22726573706f6e7365227d02010000000000027b7d827e00f8010100000000006f7b226964223a2237383466633339352d303433632d343765612d613834642d653136326235393162616636222c226e616d65223a226d6573736167655265636569766564222c2274696d657374616d70223a313738343735363938313531322c2274797065223a226576656e74227d02010000000000797b2264617461223a22304331343031303030303030303132433131303030303031303030313030303130434232344439443044303030313243313430303031222c226d6163223a2239303a34313a42323a32453a39413a3533222c227369676e616c223a7b2272737369223a2d35382c22736e72223a397d7d
---
FUNC=stream
PHASE=pre
RA=0002f8a5
KEY=9432ba8ee9114dedc8370233f9a6fbc1cb66a33e4ccb9669cfe41601df6d3336
NONCE=e0449041b22e9a5305840000000000000000000000000001
LEN=82
IN=f80d85c1372d2e7be2002eeabff4ec64693a4eae247cabe099b94c6e85b47eb0f7b553d264c87a2511748f9f28d172ab3d9b2d94be969f198dbdda94a6a36062dfc162fac425f5f025d99fbc45f7048ba543
---
FUNC=stream
PHASE=post
KEY=9432ba8ee9114dedc8370233f9a6fbc1cb66a33e4ccb9669cfe41601df6d3336
NONCE=e0449041b22e9a5305840000000000000000000000000001
LEN=82
OUT=a41369740a15ae940001000100010cb24d9d0452b4ba379a5749018003ab8809ac01fb03080f110e01010402010311010a0d01020e01012001011202061301040301041401011501011601010f0101100101
---
FUNC=gh_init
STATE=001b4bc8
KEYLEN=0
OUTLEN=4
---
FUNC=gh_update
STATE=001b4bc8
LEN=10
DATA=e0449041b22e9a530584
---
FUNC=gh_update
STATE=001b4bc8
LEN=4
DATA=00000000
---
FUNC=gh_update
STATE=001b4bc8
LEN=78
DATA=0a15ae940001000100010cb24d9d0452b4ba379a5749018003ab8809ac01fb03080f110e01010402010311010a0d01020e01012001011202061301040301041401011501011601010f0101100101
---
FUNC=gh_final
RA=0002ed23
STATE=001b4bc8
OUTLEN=4
OUT=a4136974
---
FUNC=gh_init
STATE=001b4bc8
KEYLEN=0
OUTLEN=4
---
FUNC=gh_update
STATE=001b4bc8
LEN=10
DATA=e0749041b22e9a53051c
---
FUNC=gh_update
STATE=001b4bc8
LEN=4
DATA=00000000
---
FUNC=gh_update
STATE=001b4bc8
LEN=6
DATA=0e160d00012c
---
FUNC=gh_final
RA=0002ed23
STATE=001b4bc8
OUTLEN=4
OUT=793fdb6c
---
FUNC=stream
PHASE=pre
RA=0002f8a5
KEY=9432ba8ee9114dedc8370233f9a6fbc1cb66a33e4ccb9669cfe41601df6d3336
NONCE=e0749041b22e9a53051c0000000000000000000000000004
LEN=10
IN=793fdb6c0e160d00012c
---
FUNC=stream
PHASE=post
KEY=9432ba8ee9114dedc8370233f9a6fbc1cb66a33e4ccb9669cfe41601df6d3336
NONCE=e0749041b22e9a53051c0000000000000000000000000004
LEN=10
OUT=4d014c26ccc44c24b136
---
FUNC=ssl_write
SSL=001609f0
RA=000670a5
LEN=491
DATA=827e008401010000000000727b226572726f72223a22222c226572726f72436f6465223a302c226964223a2231303634333239392d383834372d346264652d386663392d303037663439623139666164222c2274696d657374616d70223a313738343735363938323539332c2274797065223a22726573706f6e7365227d02010000000000027b7d827e015f010100000000006f7b226964223a2233613732323564332d363435382d343966342d393263652d316264663631653463353835222c226e616d65223a226d6573736167655265636569766564222c2274696d657374616d70223a313738343735363938323539342c2274797065223a226576656e74227d02010000000000e07b2264617461223a22304131354145393430303031303030313030303130434232344439443034353242344241333739413537343930313830303341423838303941433031464230333038304631313045303130313034303230313033313130313041304430313032304530313031323030313031313230323036313330313034303330313034313430313031313530313031313630313031304630313031313030313031222c226d6163223a2239303a34313a42323a32453a39413a3533222c227369676e616c223a7b2272737369223a2d35382c22736e72223a31307d7d
---
FUNC=ssl_read
SSL=001609f0
RA=000670a5
LEN=219
DATA=82fe00d36a7114b06b7014b06a7114df115375d31e187bde484b36c30f1f70fd0f0267d10d14369c4818709250532dd108472486521039825a43219d5e437185474972820c5c27d153482dd308472c850c41369c48056dc00f532e92181465c50f026092465360d9071467c40b1c6492504023885e46218653492685524269b26b7114b06a7140cb481c75d3484b36895a4525f2584351892b442792465370d11e10368a484171815d4170805a412582095338920e0460c9484b60c21f1438920b127f92500566c50f5d36c4031c71df1f05368a534124805a4169
---
FUNC=stream
PHASE=pre
RA=0002f8a5
KEY=47be3dffb41ea35749c9290e6d2124e6b3e3842ab4e443bd0ac41eda045c2dbe
NONCE=e0409041b22e9a53b4320000000000000000000000000000
LEN=12
IN=123fcf57da96d6937bb547ad
---
FUNC=stream
PHASE=post
KEY=47be3dffb41ea35749c9290e6d2124e6b3e3842ab4e443bd0ac41eda045c2dbe
NONCE=e0409041b22e9a53b4320000000000000000000000000000
LEN=12
OUT=f6e2c4e701ae94ca0000048f
---
FUNC=gh_init
STATE=001b4bc8
KEYLEN=0
OUTLEN=4
---
FUNC=gh_update
STATE=001b4bc8
LEN=10
DATA=e0409041b22e9a53b432
---
FUNC=gh_update
STATE=001b4bc8
LEN=4
DATA=00000000
---
FUNC=gh_update
STATE=001b4bc8
LEN=8
DATA=01ae94ca0000048f
---
FUNC=gh_final
RA=0002ed23
STATE=001b4bc8
OUTLEN=4
OUT=f6e2c4e7
---
FUNC=ssl_write
SSL=001609f0
RA=000670a5
LEN=233
DATA=827e00e5010100000000006f7b226964223a2266656339343238322d333165632d346265382d396130632d383934636431653333313363222c226e616d65223a22646973636f76657279526573756c74222c2274696d657374616d70223a313738343735363938333634322c2274797065223a226576656e74227d02010000000000667b2261646f70746564223a747275652c226d6163223a2239303a34313a42323a32453a39413a3533222c226e6574776f726b4964223a313136372c227369676e616c223a7b2272737369223a2d35382c22736e72223a387d2c2273736964223a34343639327d
---
FUNC=stream
PHASE=pre
RA=0002f8a5
KEY=9432ba8ee9114dedc8370233f9a6fbc1cb66a33e4ccb9669cfe41601df6d3336
NONCE=e0449041b22e9a5306850000000000000000000000000001
LEN=10
IN=00477afec6e858cf22cd
---
FUNC=stream
PHASE=post
KEY=9432ba8ee9114dedc8370233f9a6fbc1cb66a33e4ccb9669cfe41601df6d3336
NONCE=e0449041b22e9a5306850000000000000000000000000001
LEN=10
OUT=e59a5f600c160d00012c
---
FUNC=gh_init
STATE=001b4bc8
KEYLEN=0
OUTLEN=4
---
FUNC=gh_update
STATE=001b4bc8
LEN=10
DATA=e0449041b22e9a530685
---
FUNC=gh_update
STATE=001b4bc8
LEN=4
DATA=00000000
---
FUNC=gh_update
STATE=001b4bc8
LEN=6
DATA=0c160d00012c
---
FUNC=gh_final
RA=0002ed23
STATE=001b4bc8
OUTLEN=4
OUT=e59a5f60
---
FUNC=gh_init
STATE=001b4bc8
KEYLEN=0
OUTLEN=4
---
FUNC=gh_update
STATE=001b4bc8
LEN=10
DATA=e0749041b22e9a530613
---
FUNC=gh_update
STATE=001b4bc8
LEN=4
DATA=00000000
---
FUNC=gh_update
STATE=001b4bc8
LEN=6
DATA=0e170d00012c
---
FUNC=gh_final
RA=0002ed23
STATE=001b4bc8
OUTLEN=4
OUT=90c78a0d
---
FUNC=stream
PHASE=pre
RA=0002f8a5
KEY=9432ba8ee9114dedc8370233f9a6fbc1cb66a33e4ccb9669cfe41601df6d3336
NONCE=e0749041b22e9a5306130000000000000000000000000005
LEN=10
IN=90c78a0d0e170d00012c
---
FUNC=stream
PHASE=post
KEY=9432ba8ee9114dedc8370233f9a6fbc1cb66a33e4ccb9669cfe41601df6d3336
NONCE=e0749041b22e9a5306130000000000000000000000000005
LEN=10
OUT=762df6294514ed752c3e
---
FUNC=ssl_write
SSL=001609f0
RA=000670a5
LEN=346
DATA=827e008401010000000000727b226572726f72223a22222c226572726f72436f6465223a302c226964223a2261366664363530352d383064322d343033352d613663632d613836336433363461303830222c2274696d657374616d70223a313738343735363938353336342c2274797065223a22726573706f6e7365227d02010000000000027b7d827e00ce010100000000006f7b226964223a2233363935356235302d636633302d346264302d386665382d316261616239653761333564222c226e616d65223a226d6573736167655265636569766564222c2274696d657374616d70223a313738343735363938353336352c2274797065223a226576656e74227d020100000000004f7b2264617461223a22304331363044303030313243222c226d6163223a2239303a34313a42323a32453a39413a3533222c227369676e616c223a7b2272737369223a2d35382c22736e72223a397d7d
---
FUNC=stream
PHASE=pre
RA=0002f8a5
KEY=9432ba8ee9114dedc8370233f9a6fbc1cb66a33e4ccb9669cfe41601df6d3336
NONCE=e0449041b22e9a5307860000000000000000000000000001
LEN=10
IN=1b3534d1dff0c5b0665f
---
FUNC=stream
PHASE=post
KEY=9432ba8ee9114dedc8370233f9a6fbc1cb66a33e4ccb9669cfe41601df6d3336
NONCE=e0449041b22e9a5307860000000000000000000000000001
LEN=10
OUT=97bc1eca0c170d00012c
---
FUNC=gh_init
STATE=001b4bc8
KEYLEN=0
OUTLEN=4
---
FUNC=gh_update
STATE=001b4bc8
LEN=10
DATA=e0449041b22e9a530786
---
FUNC=gh_update
STATE=001b4bc8
LEN=4
DATA=00000000
---
FUNC=gh_update
STATE=001b4bc8
LEN=6
DATA=0c170d00012c
---
FUNC=gh_final
RA=0002ed23
STATE=001b4bc8
OUTLEN=4
OUT=97bc1eca
---
FUNC=ssl_write
SSL=001609f0
RA=000670a5
LEN=346
DATA=827e008401010000000000727b226572726f72223a22222c226572726f72436f6465223a302c226964223a2239616236303638612d323032352d343265352d386632662d336139393963623638356630222c2274696d657374616d70223a313738343735363938363431332c2274797065223a22726573706f6e7365227d02010000000000027b7d827e00ce010100000000006f7b226964223a2265613432626531322d326665322d343361392d613934322d663938306131333430366334222c226e616d65223a226d6573736167655265636569766564222c2274696d657374616d70223a313738343735363938363431332c2274797065223a226576656e74227d020100000000004f7b2264617461223a22304331373044303030313243222c226d6163223a2239303a34313a42323a32453a39413a3533222c227369676e616c223a7b2272737369223a2d35392c22736e72223a397d7d
---
FUNC=ssl_write
SSL=001609f0
RA=000670a5
LEN=12
DATA=890a31373834373537303035
---
FUNC=ssl_read
SSL=001609f0
RA=000670a5
LEN=16
DATA=8a8a6025db335112e3075710ec035010
---
