FUNC=gh_init
STATE=0016fa78
KEYLEN=0
OUTLEN=32
---
FUNC=gh_update
STATE=0016fa78
LEN=32
DATA=80fad160c9b2da0512d5c766ba5d8d64a7b75266bf6f56cb82ae1a7097225517
---
FUNC=gh_update
STATE=0016fa78
LEN=32
DATA=30c0df6bcf1844529b5f46f6eb38c007aa8f96d1ee3aed0aa102a03d2835776b
---
FUNC=gh_update
STATE=0016fa78
LEN=32
DATA=45e72be974cb9cef4a9d6aa1f8fbdb9a9f50e5a880bd712d8c1be61db3955267
---
FUNC=gh_update
STATE=0016fa78
LEN=32
DATA=69b1d4a63a301106494473b25c23c372a1ba54fbbdbd4fd47ed638460e425f07
---
FUNC=gh_final
STATE=0016fa78
OUTLEN=32
OUT=b429af5782b41e8789f7ab921895d0aae1a18442cba85419c6935796ebd1fc49
---
FUNC=stream
KEY=47be3dffb41ea35749c9290e6d2124e6b3e3842ab4e443bd0ac41eda045c2dbe
NONCE=e0409041b22e9a53f7200000000000000000000000000000
LEN=12
---
FUNC=gh_init
STATE=0015e4f0
KEYLEN=0
OUTLEN=4
---
FUNC=gh_update
STATE=0015e4f0
LEN=10
DATA=e0409041b22e9a53f720
---
FUNC=gh_update
STATE=0015e4f0
LEN=4
DATA=00000000
---
FUNC=gh_update
STATE=0015e4f0
LEN=8
DATA=01ae940900000000
---
FUNC=gh_final
STATE=0015e4f0
OUTLEN=4
OUT=8dd6a6c0
---
FUNC=gh_init
STATE=0015e4f0
KEYLEN=0
OUTLEN=4
---
FUNC=gh_update
STATE=0015e4f0
LEN=10
DATA=e0629041b22e9a534412
---
FUNC=gh_update
STATE=0015e4f0
LEN=4
DATA=00000000
---
FUNC=gh_update
STATE=0015e4f0
LEN=41
DATA=01017586d484c90e5394807274be4137fe055ba3bc689600072b274f0a70f89ef0620a000203feff03
---
FUNC=gh_final
STATE=0015e4f0
OUTLEN=4
OUT=d5855670
---
FUNC=stream
KEY=47be3dffb41ea35749c9290e6d2124e6b3e3842ab4e443bd0ac41eda045c2dbe
NONCE=e0629041b22e9a5344120000000000000000000000000000
LEN=45
---
FUNC=stream
KEY=47be3dffb41ea35749c9290e6d2124e6b3e3842ab4e443bd0ac41eda045c2dbe
NONCE=e0409041b22e9a53f90f0000000000000000000000000000
LEN=12
---
FUNC=gh_init
STATE=0016fa78
KEYLEN=0
OUTLEN=4
---
FUNC=gh_update
STATE=0016fa78
LEN=10
DATA=e0409041b22e9a53f90f
---
FUNC=gh_update
STATE=0016fa78
LEN=4
DATA=00000000
---
FUNC=gh_update
STATE=0016fa78
LEN=8
DATA=01ae940a00000000
---
FUNC=gh_final
STATE=0016fa78
OUTLEN=4
OUT=c2d9a0b0
---
FUNC=stream
KEY=47be3dffb41ea35749c9290e6d2124e6b3e3842ab4e443bd0ac41eda045c2dbe
NONCE=e0409041b22e9a53fa370000000000000000000000000000
LEN=12
---
FUNC=gh_init
STATE=0016fa78
KEYLEN=0
OUTLEN=4
---
FUNC=gh_update
STATE=0016fa78
LEN=10
DATA=e0409041b22e9a53fa37
---
FUNC=gh_update
STATE=0016fa78
LEN=4
DATA=00000000
---
FUNC=gh_update
STATE=0016fa78
LEN=8
DATA=01ae940b00000000
---
FUNC=gh_final
STATE=0016fa78
OUTLEN=4
OUT=ab1624c5
---
FUNC=stream
KEY=47be3dffb41ea35749c9290e6d2124e6b3e3842ab4e443bd0ac41eda045c2dbe
NONCE=e0409041b22e9a53fb100000000000000000000000000000
LEN=12
---
FUNC=gh_init
STATE=0016fa78
KEYLEN=0
OUTLEN=4
---
FUNC=gh_update
STATE=0016fa78
LEN=10
DATA=e0409041b22e9a53fb10
---
FUNC=gh_update
STATE=0016fa78
LEN=4
DATA=00000000
---
FUNC=gh_update
STATE=0016fa78
LEN=8
DATA=01ae940c00000000
---
FUNC=gh_final
STATE=0016fa78
OUTLEN=4
OUT=8aa68b12
---
FUNC=stream
KEY=47be3dffb41ea35749c9290e6d2124e6b3e3842ab4e443bd0ac41eda045c2dbe
NONCE=e0409041b22e9a53fc070000000000000000000000000000
LEN=12
---
FUNC=gh_init
STATE=0016fa78
KEYLEN=0
OUTLEN=4
---
FUNC=gh_update
STATE=0016fa78
LEN=10
DATA=e0409041b22e9a53fc07
---
FUNC=gh_update
STATE=0016fa78
LEN=4
DATA=00000000
---
FUNC=gh_update
STATE=0016fa78
LEN=8
DATA=01ae940d00000000
---
FUNC=gh_final
STATE=0016fa78
OUTLEN=4
OUT=d006dfc5
---
FUNC=stream
KEY=47be3dffb41ea35749c9290e6d2124e6b3e3842ab4e443bd0ac41eda045c2dbe
NONCE=e0409041b22e9a53fd3a0000000000000000000000000000
LEN=12
---
FUNC=gh_init
STATE=0016fa78
KEYLEN=0
OUTLEN=4
---
FUNC=gh_update
STATE=0016fa78
LEN=10
DATA=e0409041b22e9a53fd3a
---
FUNC=gh_update
STATE=0016fa78
LEN=4
DATA=00000000
---
FUNC=gh_update
STATE=0016fa78
LEN=8
DATA=01ae940e00000000
---
FUNC=gh_final
STATE=0016fa78
OUTLEN=4
OUT=dea3b3fc
---
FUNC=stream
KEY=47be3dffb41ea35749c9290e6d2124e6b3e3842ab4e443bd0ac41eda045c2dbe
NONCE=e0409041b22e9a53fe220000000000000000000000000000
LEN=12
---
FUNC=gh_init
STATE=0016fa78
KEYLEN=0
OUTLEN=4
---
FUNC=gh_update
STATE=0016fa78
LEN=10
DATA=e0409041b22e9a53fe22
---
FUNC=gh_update
STATE=0016fa78
LEN=4
DATA=00000000
---
FUNC=gh_update
STATE=0016fa78
LEN=8
DATA=01ae940f00000000
---
FUNC=gh_final
STATE=0016fa78
OUTLEN=4
OUT=ea6b53a9
---
FUNC=stream
KEY=47be3dffb41ea35749c9290e6d2124e6b3e3842ab4e443bd0ac41eda045c2dbe
NONCE=e0409041b22e9a53ff0e0000000000000000000000000000
LEN=12
---
FUNC=gh_init
STATE=0016fa78
KEYLEN=0
OUTLEN=4
---
FUNC=gh_update
STATE=0016fa78
LEN=10
DATA=e0409041b22e9a53ff0e
---
FUNC=gh_update
STATE=0016fa78
LEN=4
DATA=00000000
---
FUNC=gh_update
STATE=0016fa78
LEN=8
DATA=01ae941000000000
---
FUNC=gh_final
STATE=0016fa78
OUTLEN=4
OUT=929261c1
---
FUNC=stream
KEY=47be3dffb41ea35749c9290e6d2124e6b3e3842ab4e443bd0ac41eda045c2dbe
NONCE=e0409041b22e9a53002b0000000000000000000000000000
LEN=12
---
FUNC=gh_init
STATE=0016fa78
KEYLEN=0
OUTLEN=4
---
FUNC=gh_update
STATE=0016fa78
LEN=10
DATA=e0409041b22e9a53002b
---
FUNC=gh_update
STATE=0016fa78
LEN=4
DATA=00000000
---
FUNC=gh_update
STATE=0016fa78
LEN=8
DATA=01ae941100000000
---
FUNC=gh_final
STATE=0016fa78
OUTLEN=4
OUT=3b8c352c
---
FUNC=stream
KEY=47be3dffb41ea35749c9290e6d2124e6b3e3842ab4e443bd0ac41eda045c2dbe
NONCE=e0409041b22e9a5301140000000000000000000000000000
LEN=12
---
FUNC=gh_init
STATE=0016fa78
KEYLEN=0
OUTLEN=4
---
FUNC=gh_update
STATE=0016fa78
LEN=10
DATA=e0409041b22e9a530114
---
FUNC=gh_update
STATE=0016fa78
LEN=4
DATA=00000000
---
FUNC=gh_update
STATE=0016fa78
LEN=8
DATA=01ae941200000000
---
FUNC=gh_final
STATE=0016fa78
OUTLEN=4
OUT=1f3a0acc
---
FUNC=stream
KEY=47be3dffb41ea35749c9290e6d2124e6b3e3842ab4e443bd0ac41eda045c2dbe
NONCE=e0409041b22e9a5302240000000000000000000000000000
LEN=12
---
FUNC=gh_init
STATE=0016fa78
KEYLEN=0
OUTLEN=4
---
FUNC=gh_update
STATE=0016fa78
LEN=10
DATA=e0409041b22e9a530224
---
FUNC=gh_update
STATE=0016fa78
LEN=4
DATA=00000000
---
FUNC=gh_update
STATE=0016fa78
LEN=8
DATA=01ae941300000000
---
FUNC=gh_final
STATE=0016fa78
OUTLEN=4
OUT=8c7624ed
---
FUNC=stream
KEY=47be3dffb41ea35749c9290e6d2124e6b3e3842ab4e443bd0ac41eda045c2dbe
NONCE=e0409041b22e9a53031d0000000000000000000000000000
LEN=12
---
FUNC=gh_init
STATE=0016fa78
KEYLEN=0
OUTLEN=4
---
FUNC=gh_update
STATE=0016fa78
LEN=10
DATA=e0409041b22e9a53031d
---
FUNC=gh_update
STATE=0016fa78
LEN=4
DATA=00000000
---
FUNC=gh_update
STATE=0016fa78
LEN=8
DATA=01ae941400000000
---
FUNC=gh_final
STATE=0016fa78
OUTLEN=4
OUT=91e46e3a
---
FUNC=stream
KEY=47be3dffb41ea35749c9290e6d2124e6b3e3842ab4e443bd0ac41eda045c2dbe
NONCE=e0409041b22e9a53040f0000000000000000000000000000
LEN=12
---
FUNC=gh_init
STATE=0016fa78
KEYLEN=0
OUTLEN=4
---
FUNC=gh_update
STATE=0016fa78
LEN=10
DATA=e0409041b22e9a53040f
---
FUNC=gh_update
STATE=0016fa78
LEN=4
DATA=00000000
---
FUNC=gh_update
STATE=0016fa78
LEN=8
DATA=01ae941500000000
---
FUNC=gh_final
STATE=0016fa78
OUTLEN=4
OUT=fe6e8241
---
FUNC=stream
KEY=47be3dffb41ea35749c9290e6d2124e6b3e3842ab4e443bd0ac41eda045c2dbe
NONCE=e0409041b22e9a5305390000000000000000000000000000
LEN=12
---
FUNC=gh_init
STATE=0016fa78
KEYLEN=0
OUTLEN=4
---
FUNC=gh_update
STATE=0016fa78
LEN=10
DATA=e0409041b22e9a530539
---
FUNC=gh_update
STATE=0016fa78
LEN=4
DATA=00000000
---
FUNC=gh_update
STATE=0016fa78
LEN=8
DATA=01ae941600000000
---
FUNC=gh_final
STATE=0016fa78
OUTLEN=4
OUT=3b100304
---
FUNC=stream
KEY=47be3dffb41ea35749c9290e6d2124e6b3e3842ab4e443bd0ac41eda045c2dbe
NONCE=e0409041b22e9a5306090000000000000000000000000000
LEN=12
---
FUNC=gh_init
STATE=0015e4f0
KEYLEN=0
OUTLEN=4
---
FUNC=gh_update
STATE=0015e4f0
LEN=10
DATA=e0409041b22e9a530609
---
FUNC=gh_update
STATE=0015e4f0
LEN=4
DATA=00000000
---
FUNC=gh_update
STATE=0015e4f0
LEN=8
DATA=01ae941700000000
---
FUNC=gh_final
STATE=0015e4f0
OUTLEN=4
OUT=88dc44b4
---
FUNC=gh_init
STATE=0015e4f0
KEYLEN=0
OUTLEN=4
---
FUNC=gh_update
STATE=0015e4f0
LEN=10
DATA=e0629041b22e9a53c70b
---
FUNC=gh_update
STATE=0015e4f0
LEN=4
DATA=00000000
---
FUNC=gh_update
STATE=0015e4f0
LEN=41
DATA=010168dd7370106448da032f49f87b044a1cb4cae1ef6affe56f20baf48ef2989a660a000203feff03
---
FUNC=gh_final
STATE=0015e4f0
OUTLEN=4
OUT=f78267e4
---
FUNC=stream
KEY=47be3dffb41ea35749c9290e6d2124e6b3e3842ab4e443bd0ac41eda045c2dbe
NONCE=e0629041b22e9a53c70b0000000000000000000000000000
LEN=45
---
FUNC=stream
KEY=47be3dffb41ea35749c9290e6d2124e6b3e3842ab4e443bd0ac41eda045c2dbe
NONCE=e0429041b22e9a5307070000000000000000000000000000
LEN=53
---
FUNC=gh_init
STATE=0015e4f0
KEYLEN=0
OUTLEN=4
---
FUNC=gh_update
STATE=0015e4f0
LEN=10
DATA=e0429041b22e9a530707
---
FUNC=gh_update
STATE=0015e4f0
LEN=4
DATA=00000000
---
FUNC=gh_update
STATE=0015e4f0
LEN=49
DATA=010201d27c47c13fa724bad5aeab4ebf34d16a6a249707d449d8591efecf9c11662a73489bb412fa8cd6df770d03feff03
---
FUNC=gh_final
STATE=0015e4f0
OUTLEN=4
OUT=799e2aac
---
FUNC=gh_init
STATE=0016fa78
KEYLEN=0
OUTLEN=32
---
FUNC=gh_update
STATE=0016fa78
LEN=32
DATA=0fc37ec838fe24c2d8ea7e1c405ffdf022ea67e44815636ce9c887865695d218
---
FUNC=gh_update
STATE=0016fa78
LEN=32
DATA=68dd7370106448da032f49f87b044a1cb4cae1ef6affe56f20baf48ef2989a66
---
FUNC=gh_update
STATE=0016fa78
LEN=32
DATA=d27c47c13fa724bad5aeab4ebf34d16a6a249707d449d8591efecf9c11662a73
---
FUNC=gh_update
STATE=0016fa78
LEN=32
DATA=c5923a86e166e4bf3f8959643ff1c245f986115ec34946ded0b87dc0d7bd38db
---
FUNC=gh_final
STATE=0016fa78
OUTLEN=32
OUT=e7ff33428ed24b9e848e23862de74f1aa9cc128c7884157ab629e906dbca4045
---
FUNC=stream
KEY=e7ff33428ed24b9e848e23862de74f1aa9cc128c7884157ab629e906dbca4045
NONCE=000000000000000000000000000000000000000000000000
LEN=10
---
FUNC=stream
KEY=e7ff33428ed24b9e848e23862de74f1aa9cc128c7884157ab629e906dbca4045
NONCE=000000000000000000000000000000000000000000000000
LEN=16
---
FUNC=gh_init
STATE=0015e4f0
KEYLEN=0
OUTLEN=4
---
FUNC=gh_update
STATE=0015e4f0
LEN=10
DATA=e0629041b22e9a53c86e
---
FUNC=gh_update
STATE=0015e4f0
LEN=4
DATA=00000000
---
FUNC=gh_update
STATE=0015e4f0
LEN=18
DATA=0103489bb408e303d4bb95cdf553b88c5243
---
FUNC=gh_final
STATE=0015e4f0
OUTLEN=4
OUT=d52320eb
---
FUNC=stream
KEY=47be3dffb41ea35749c9290e6d2124e6b3e3842ab4e443bd0ac41eda045c2dbe
NONCE=e0629041b22e9a53c86e0000000000000000000000000000
LEN=22
---
FUNC=stream
KEY=e7ff33428ed24b9e848e23862de74f1aa9cc128c7884157ab629e906dbca4045
NONCE=e0539041b22e9a53012a0000000000000000000000000000
LEN=6
---
FUNC=gh_init
STATE=0015e4f0
KEYLEN=0
OUTLEN=4
---
FUNC=gh_update
STATE=0015e4f0
LEN=10
DATA=e0539041b22e9a53012a
---
FUNC=gh_update
STATE=0015e4f0
LEN=4
DATA=00000000
---
FUNC=gh_update
STATE=0015e4f0
LEN=2
DATA=0100
---
FUNC=gh_final
STATE=0015e4f0
OUTLEN=4
OUT=3f66cd80
---
FUNC=gh_init
STATE=0015e4f0
KEYLEN=0
OUTLEN=4
---
FUNC=gh_update
STATE=0015e4f0
LEN=10
DATA=e0749041b22e9a5301c1
---
FUNC=gh_update
STATE=0015e4f0
LEN=4
DATA=00000000
---
FUNC=gh_update
STATE=0015e4f0
LEN=2
DATA=0945
---
FUNC=gh_final
STATE=0015e4f0
OUTLEN=4
OUT=0fd7e5d9
---
FUNC=stream
KEY=e7ff33428ed24b9e848e23862de74f1aa9cc128c7884157ab629e906dbca4045
NONCE=e0749041b22e9a5301c10000000000000000000000000000
LEN=6
---
FUNC=stream
KEY=47be3dffb41ea35749c9290e6d2124e6b3e3842ab4e443bd0ac41eda045c2dbe
NONCE=e0409041b22e9a5308080000000000000000000000000000
LEN=12
---
FUNC=gh_init
STATE=0015e4f0
KEYLEN=0
OUTLEN=4
---
FUNC=gh_update
STATE=0015e4f0
LEN=10
DATA=e0409041b22e9a530808
---
FUNC=gh_update
STATE=0015e4f0
LEN=4
DATA=00000000
---
FUNC=gh_update
STATE=0015e4f0
LEN=8
DATA=01ae945800000000
---
FUNC=gh_final
STATE=0015e4f0
OUTLEN=4
OUT=89c9f451
---
FUNC=stream
KEY=e7ff33428ed24b9e848e23862de74f1aa9cc128c7884157ab629e906dbca4045
NONCE=e0449041b22e9a5302810000000000000000000000000001
LEN=82
---
FUNC=gh_init
STATE=0015e4f0
KEYLEN=0
OUTLEN=4
---
FUNC=gh_update
STATE=0015e4f0
LEN=10
DATA=e0449041b22e9a530281
---
FUNC=gh_update
STATE=0015e4f0
LEN=4
DATA=00000000
---
FUNC=gh_update
STATE=0015e4f0
LEN=78
DATA=0a45ae9400010001000000f5a9470452b4ba379a5749018003ab8809ac01fb03080f110e01010402010311010a0d01020e01012001011202061301040301041401011501011601010f0101100101
---
FUNC=gh_final
STATE=0015e4f0
OUTLEN=4
OUT=cc2249b4
---
FUNC=gh_init
STATE=0015e4f0
KEYLEN=0
OUTLEN=4
---
FUNC=gh_update
STATE=0015e4f0
LEN=10
DATA=e0749041b22e9a53024c
---
FUNC=gh_update
STATE=0015e4f0
LEN=4
DATA=00000000
---
FUNC=gh_update
STATE=0015e4f0
LEN=6
DATA=0b4611010d14
---
FUNC=gh_final
STATE=0015e4f0
OUTLEN=4
OUT=9dbe15a8
---
FUNC=stream
KEY=e7ff33428ed24b9e848e23862de74f1aa9cc128c7884157ab629e906dbca4045
NONCE=e0749041b22e9a53024c0000000000000000000000000001
LEN=10
---
FUNC=stream
KEY=e7ff33428ed24b9e848e23862de74f1aa9cc128c7884157ab629e906dbca4045
NONCE=e0439041b22e9a5303820000000000000000000000000001
LEN=6
---
FUNC=gh_init
STATE=0015e4f0
KEYLEN=0
OUTLEN=4
---
FUNC=gh_update
STATE=0015e4f0
LEN=10
DATA=e0439041b22e9a530382
---
FUNC=gh_update
STATE=0015e4f0
LEN=4
DATA=00000000
---
FUNC=gh_update
STATE=0015e4f0
LEN=2
DATA=0100
---
FUNC=gh_final
STATE=0015e4f0
OUTLEN=4
OUT=ca3b7c26
---
FUNC=gh_init
STATE=0015e4f0
KEYLEN=0
OUTLEN=4
---
FUNC=gh_update
STATE=0015e4f0
LEN=10
DATA=e0749041b22e9a530350
---
FUNC=gh_update
STATE=0015e4f0
LEN=4
DATA=00000000
---
FUNC=gh_update
STATE=0015e4f0
LEN=70
DATA=0247dc0fe044410c1f4a6fef9dd35a259dd9724c7dada0669265ed89ce708881c1502686de08bd05412078e715716d94faa488420cbb87a5e059ee693db47b2d293b0000048f
---
FUNC=gh_final
STATE=0015e4f0
OUTLEN=4
OUT=b51c8384
---
FUNC=stream
KEY=e7ff33428ed24b9e848e23862de74f1aa9cc128c7884157ab629e906dbca4045
NONCE=e0749041b22e9a5303500000000000000000000000000002
LEN=74
---
FUNC=stream
KEY=e7ff33428ed24b9e848e23862de74f1aa9cc128c7884157ab629e906dbca4045
NONCE=e0549041b22e9a5304830000000000000000000000000001
LEN=70
---
FUNC=gh_init
STATE=0015e4f0
KEYLEN=0
OUTLEN=4
---
FUNC=gh_update
STATE=0015e4f0
LEN=10
DATA=e0549041b22e9a530483
---
FUNC=gh_update
STATE=0015e4f0
LEN=4
DATA=00000000
---
FUNC=gh_update
STATE=0015e4f0
LEN=66
DATA=03479c0cf136fe5dad87a4dd30b1408675a37516f9cac6f850cc5d68c0149d65b3491cfb292bfbb7fa3def37edda38eeb1aa22c4fbe5ebe1ad4e6b14cf4843947667
---
FUNC=gh_final
STATE=0015e4f0
OUTLEN=4
OUT=bc19eda1
---
FUNC=gh_init
STATE=0015e4f0
KEYLEN=0
OUTLEN=4
---
FUNC=gh_update
STATE=0015e4f0
LEN=10
DATA=e0749041b22e9a5304c4
---
FUNC=gh_update
STATE=0015e4f0
LEN=4
DATA=00000000
---
FUNC=gh_update
STATE=0015e4f0
LEN=6
DATA=0e480d00012c
---
FUNC=gh_final
STATE=0015e4f0
OUTLEN=4
OUT=17dffddf
---
FUNC=stream
KEY=e7ff33428ed24b9e848e23862de74f1aa9cc128c7884157ab629e906dbca4045
NONCE=e0749041b22e9a5304c40000000000000000000000000003
LEN=10
---
FUNC=stream
KEY=47be3dffb41ea35749c9290e6d2124e6b3e3842ab4e443bd0ac41eda045c2dbe
NONCE=e0409041b22e9a53fe0c0000000000000000000000000000
LEN=12
---
FUNC=gh_init
STATE=0015e4f0
KEYLEN=0
OUTLEN=4
---
FUNC=gh_update
STATE=0015e4f0
LEN=10
DATA=e0409041b22e9a53fe0c
---
FUNC=gh_update
STATE=0015e4f0
LEN=4
DATA=00000000
---
FUNC=gh_update
STATE=0015e4f0
LEN=8
DATA=01ae94800000048f
---
FUNC=gh_final
STATE=0015e4f0
OUTLEN=4
OUT=8fdccfe2
---
FUNC=stream
KEY=8eb896449db2364afea9c08ca0e3ca850cb014e2d9a14537cafb4b5a90092f8b
NONCE=e0429041b22e9a53ff1c0000000000000000000000000000
LEN=6
---
FUNC=gh_init
STATE=0015e4f0
KEYLEN=0
OUTLEN=4
---
FUNC=gh_update
STATE=0015e4f0
LEN=10
DATA=e0429041b22e9a53ff1c
---
FUNC=gh_update
STATE=0015e4f0
LEN=4
DATA=00000000
---
FUNC=gh_update
STATE=0015e4f0
LEN=2
DATA=0100
---
FUNC=gh_final
STATE=0015e4f0
OUTLEN=4
OUT=77740cb3
---
FUNC=gh_init
STATE=0015e4f0
KEYLEN=0
OUTLEN=4
---
FUNC=gh_update
STATE=0015e4f0
LEN=10
DATA=e0629041b22e9a539303
---
FUNC=gh_update
STATE=0015e4f0
LEN=4
DATA=00000000
---
FUNC=gh_update
STATE=0015e4f0
LEN=41
DATA=0101c3d58afbaf17b9473272226cce9f1acfc66188b04c086fa48ccef3f57ea891070a000203feff03
---
FUNC=gh_final
STATE=0015e4f0
OUTLEN=4
OUT=e0d34b92
---
FUNC=stream
KEY=8eb896449db2364afea9c08ca0e3ca850cb014e2d9a14537cafb4b5a90092f8b
NONCE=e0629041b22e9a5393030000000000000000000000000000
LEN=45
---
FUNC=stream
KEY=8eb896449db2364afea9c08ca0e3ca850cb014e2d9a14537cafb4b5a90092f8b
NONCE=e0429041b22e9a53003f0000000000000000000000000000
LEN=53
---
FUNC=gh_init
STATE=0015e4f0
KEYLEN=0
OUTLEN=4
---
FUNC=gh_update
STATE=0015e4f0
LEN=10
DATA=e0429041b22e9a53003f
---
FUNC=gh_update
STATE=0015e4f0
LEN=4
DATA=00000000
---
FUNC=gh_update
STATE=0015e4f0
LEN=49
DATA=0102013923e1f1345b9b3c3ac14b6e82ea4163654f3243e84cda422535cc4f8934976dc03ea411400ff77632cf03feff03
---
FUNC=gh_final
STATE=0015e4f0
OUTLEN=4
OUT=c47b5bbf
---
FUNC=gh_init
STATE=0016fa78
KEYLEN=0
OUTLEN=32
---
FUNC=gh_update
STATE=0016fa78
LEN=32
DATA=048cb9845b10cb8494794e468763e2c965de9fe18258964a00f9a4db00ac5e48
---
FUNC=gh_update
STATE=0016fa78
LEN=32
DATA=c3d58afbaf17b9473272226cce9f1acfc66188b04c086fa48ccef3f57ea89107
---
FUNC=gh_update
STATE=0016fa78
LEN=32
DATA=3923e1f1345b9b3c3ac14b6e82ea4163654f3243e84cda422535cc4f8934976d
---
FUNC=gh_update
STATE=0016fa78
LEN=32
DATA=de35992693830aeaebbf46c4c561cc9824cf91d2921dc4bedc215b7c23752e97
---
FUNC=gh_final
STATE=0016fa78
OUTLEN=32
OUT=cd943b6b0f42806f5d1cfba1ca82578272b85d386b974c515a29f606140259b3
---
FUNC=stream
KEY=cd943b6b0f42806f5d1cfba1ca82578272b85d386b974c515a29f606140259b3
NONCE=000000000000000000000000000000000000000000000000
LEN=10
---
FUNC=stream
KEY=cd943b6b0f42806f5d1cfba1ca82578272b85d386b974c515a29f606140259b3
NONCE=000000000000000000000000000000000000000000000000
LEN=16
---
FUNC=gh_init
STATE=0015e4f0
KEYLEN=0
OUTLEN=4
---
FUNC=gh_update
STATE=0015e4f0
LEN=10
DATA=e0629041b22e9a539455
---
FUNC=gh_update
STATE=0015e4f0
LEN=4
DATA=00000000
---
FUNC=gh_update
STATE=0015e4f0
LEN=18
DATA=0103c03ea40b598052f42dfd06c5ed961b74
---
FUNC=gh_final
STATE=0015e4f0
OUTLEN=4
OUT=c74b4f4c
---
FUNC=stream
KEY=8eb896449db2364afea9c08ca0e3ca850cb014e2d9a14537cafb4b5a90092f8b
NONCE=e0629041b22e9a5394550000000000000000000000000000
LEN=22
---
FUNC=stream
KEY=cd943b6b0f42806f5d1cfba1ca82578272b85d386b974c515a29f606140259b3
NONCE=e0549041b22e9a5301180000000000000000000000000000
LEN=26
---
FUNC=gh_init
STATE=0015e4f0
KEYLEN=0
OUTLEN=4
---
FUNC=gh_update
STATE=0015e4f0
LEN=10
DATA=e0549041b22e9a530118
---
FUNC=gh_update
STATE=0015e4f0
LEN=4
DATA=00000000
---
FUNC=gh_update
STATE=0015e4f0
LEN=22
DATA=0c0001000000000202000180800300580b6900140000
---
FUNC=gh_final
STATE=0015e4f0
OUTLEN=4
OUT=82338d5b
---
FUNC=gh_init
STATE=0015e4f0
KEYLEN=0
OUTLEN=4
---
FUNC=gh_update
STATE=0015e4f0
LEN=10
DATA=e0749041b22e9a5301c1
---
FUNC=gh_update
STATE=0015e4f0
LEN=4
DATA=00000000
---
FUNC=gh_update
STATE=0015e4f0
LEN=2
DATA=094a
---
FUNC=gh_final
STATE=0015e4f0
OUTLEN=4
OUT=f0b5317c
---
FUNC=stream
KEY=cd943b6b0f42806f5d1cfba1ca82578272b85d386b974c515a29f606140259b3
NONCE=e0749041b22e9a5301c10000000000000000000000000000
LEN=6
---
FUNC=stream
KEY=cd943b6b0f42806f5d1cfba1ca82578272b85d386b974c515a29f606140259b3
NONCE=e0449041b22e9a5302810000000000000000000000000001
LEN=82
---
FUNC=gh_init
STATE=0015e4f0
KEYLEN=0
OUTLEN=4
---
FUNC=gh_update
STATE=0015e4f0
LEN=10
DATA=e0449041b22e9a530281
---
FUNC=gh_update
STATE=0015e4f0
LEN=4
DATA=00000000
---
FUNC=gh_update
STATE=0015e4f0
LEN=78
DATA=0a4aae9400010001000000f5a9470452b4ba379a5749018003ab8809ac01fb03080f110e01010402010311010a0d01020e01012001011202061301040301041401011501011601010f0101100101
---
FUNC=gh_final
STATE=0015e4f0
OUTLEN=4
OUT=12b6cfc0
---
FUNC=gh_init
STATE=0015e4f0
KEYLEN=0
OUTLEN=4
---
FUNC=gh_update
STATE=0015e4f0
LEN=10
DATA=e0749041b22e9a53027c
---
FUNC=gh_update
STATE=0015e4f0
LEN=4
DATA=00000000
---
FUNC=gh_update
STATE=0015e4f0
LEN=6
DATA=0b4b11010d14
---
FUNC=gh_final
STATE=0015e4f0
OUTLEN=4
OUT=f56801e6
---
FUNC=stream
KEY=cd943b6b0f42806f5d1cfba1ca82578272b85d386b974c515a29f606140259b3
NONCE=e0749041b22e9a53027c0000000000000000000000000001
LEN=10
---
FUNC=stream
KEY=cd943b6b0f42806f5d1cfba1ca82578272b85d386b974c515a29f606140259b3
NONCE=e0449041b22e9a5303820000000000000000000000000001
LEN=31
---
FUNC=gh_init
STATE=0015e4f0
KEYLEN=0
OUTLEN=4
---
FUNC=gh_update
STATE=0015e4f0
LEN=10
DATA=e0449041b22e9a530382
---
FUNC=gh_update
STATE=0015e4f0
LEN=4
DATA=00000000
---
FUNC=gh_update
STATE=0015e4f0
LEN=27
DATA=0c4b010000000008110000010001000000f5a9470d00012c140000
---
FUNC=gh_final
STATE=0015e4f0
OUTLEN=4
OUT=1a82efab
---
FUNC=gh_init
STATE=0015e4f0
KEYLEN=0
OUTLEN=4
---
FUNC=gh_update
STATE=0015e4f0
LEN=10
DATA=e0749041b22e9a530347
---
FUNC=gh_update
STATE=0015e4f0
LEN=4
DATA=00000000
---
FUNC=gh_update
STATE=0015e4f0
LEN=2
DATA=094c
---
FUNC=gh_final
STATE=0015e4f0
OUTLEN=4
OUT=c9c48025
---
FUNC=stream
KEY=cd943b6b0f42806f5d1cfba1ca82578272b85d386b974c515a29f606140259b3
NONCE=e0749041b22e9a5303470000000000000000000000000002
LEN=6
---
FUNC=stream
KEY=cd943b6b0f42806f5d1cfba1ca82578272b85d386b974c515a29f606140259b3
NONCE=e0449041b22e9a5304830000000000000000000000000001
LEN=82
---
FUNC=gh_init
STATE=0015e4f0
KEYLEN=0
OUTLEN=4
---
FUNC=gh_update
STATE=0015e4f0
LEN=10
DATA=e0449041b22e9a530483
---
FUNC=gh_update
STATE=0015e4f0
LEN=4
DATA=00000000
---
FUNC=gh_update
STATE=0015e4f0
LEN=78
DATA=0a4cae9400010001000000f5a9470452b4ba379a5749018003ab8809ac01fb03080f110e01010402010311010a0d01020e01012001011202061301040301041401011501011601010f0101100101
---
FUNC=gh_final
STATE=0015e4f0
OUTLEN=4
OUT=1457674a
---
FUNC=gh_init
STATE=0015e4f0
KEYLEN=0
OUTLEN=4
---
FUNC=gh_update
STATE=0015e4f0
LEN=10
DATA=e0749041b22e9a530444
---
FUNC=gh_update
STATE=0015e4f0
LEN=4
DATA=00000000
---
FUNC=gh_update
STATE=0015e4f0
LEN=6
DATA=0b4d11010d14
---
FUNC=gh_final
STATE=0015e4f0
OUTLEN=4
OUT=8a0f5793
---
FUNC=stream
KEY=cd943b6b0f42806f5d1cfba1ca82578272b85d386b974c515a29f606140259b3
NONCE=e0749041b22e9a5304440000000000000000000000000003
LEN=10
---
FUNC=stream
KEY=cd943b6b0f42806f5d1cfba1ca82578272b85d386b974c515a29f606140259b3
NONCE=e0449041b22e9a5305840000000000000000000000000001
LEN=31
---
FUNC=gh_init
STATE=0015e4f0
KEYLEN=0
OUTLEN=4
---
FUNC=gh_update
STATE=0015e4f0
LEN=10
DATA=e0449041b22e9a530584
---
FUNC=gh_update
STATE=0015e4f0
LEN=4
DATA=00000000
---
FUNC=gh_update
STATE=0015e4f0
LEN=27
DATA=0c4d01000000000a110000010001000000f5a9470d00012c140000
---
FUNC=gh_final
STATE=0015e4f0
OUTLEN=4
OUT=1381958b
---
FUNC=gh_init
STATE=0015e4f0
KEYLEN=0
OUTLEN=4
---
FUNC=gh_update
STATE=0015e4f0
LEN=10
DATA=e0749041b22e9a530569
---
FUNC=gh_update
STATE=0015e4f0
LEN=4
DATA=00000000
---
FUNC=gh_update
STATE=0015e4f0
LEN=6
DATA=0b4e11010d14
---
FUNC=gh_final
STATE=0015e4f0
OUTLEN=4
OUT=afffcaca
---
FUNC=stream
KEY=cd943b6b0f42806f5d1cfba1ca82578272b85d386b974c515a29f606140259b3
NONCE=e0749041b22e9a5305690000000000000000000000000004
LEN=10
---
FUNC=stream
KEY=cd943b6b0f42806f5d1cfba1ca82578272b85d386b974c515a29f606140259b3
NONCE=e0449041b22e9a5306850000000000000000000000000001
LEN=31
---
FUNC=gh_init
STATE=0015e4f0
KEYLEN=0
OUTLEN=4
---
FUNC=gh_update
STATE=0015e4f0
LEN=10
DATA=e0449041b22e9a530685
---
FUNC=gh_update
STATE=0015e4f0
LEN=4
DATA=00000000
---
FUNC=gh_update
STATE=0015e4f0
LEN=27
DATA=0c4e01000000000b110000010001000000f5a9470d00012c140000
---
FUNC=gh_final
STATE=0015e4f0
OUTLEN=4
OUT=dbe7e958
---
FUNC=gh_init
STATE=0015e4f0
KEYLEN=0
OUTLEN=4
---
FUNC=gh_update
STATE=0015e4f0
LEN=10
DATA=e0749041b22e9a530678
---
FUNC=gh_update
STATE=0015e4f0
LEN=4
DATA=00000000
---
FUNC=gh_update
STATE=0015e4f0
LEN=6
DATA=0e4f0d00012c
---
FUNC=gh_final
STATE=0015e4f0
OUTLEN=4
OUT=0842afed
---
FUNC=stream
KEY=cd943b6b0f42806f5d1cfba1ca82578272b85d386b974c515a29f606140259b3
NONCE=e0749041b22e9a5306780000000000000000000000000005
LEN=10
---
FUNC=stream
KEY=cd943b6b0f42806f5d1cfba1ca82578272b85d386b974c515a29f606140259b3
NONCE=e0449041b22e9a5307860000000000000000000000000001
LEN=10
---
FUNC=gh_init
STATE=0015e4f0
KEYLEN=0
OUTLEN=4
---
FUNC=gh_update
STATE=0015e4f0
LEN=10
DATA=e0449041b22e9a530786
---
FUNC=gh_update
STATE=0015e4f0
LEN=4
DATA=00000000
---
FUNC=gh_update
STATE=0015e4f0
LEN=6
DATA=0c4f0d00012c
---
FUNC=gh_final
STATE=0015e4f0
OUTLEN=4
OUT=86d11f7e
---
FUNC=gh_init
STATE=0015e4f0
KEYLEN=0
OUTLEN=4
---
FUNC=gh_update
STATE=0015e4f0
LEN=10
DATA=e0749041b22e9a53076e
---
FUNC=gh_update
STATE=0015e4f0
LEN=4
DATA=00000000
---
FUNC=gh_update
STATE=0015e4f0
LEN=6
DATA=0e500d00012c
---
FUNC=gh_final
STATE=0015e4f0
OUTLEN=4
OUT=bd3e8a1a
---
FUNC=stream
KEY=cd943b6b0f42806f5d1cfba1ca82578272b85d386b974c515a29f606140259b3
NONCE=e0749041b22e9a53076e0000000000000000000000000006
LEN=10
---
FUNC=stream
KEY=cd943b6b0f42806f5d1cfba1ca82578272b85d386b974c515a29f606140259b3
NONCE=e0449041b22e9a5308870000000000000000000000000001
LEN=10
---
FUNC=gh_init
STATE=0015e4f0
KEYLEN=0
OUTLEN=4
---
FUNC=gh_update
STATE=0015e4f0
LEN=10
DATA=e0449041b22e9a530887
---
FUNC=gh_update
STATE=0015e4f0
LEN=4
DATA=00000000
---
FUNC=gh_update
STATE=0015e4f0
LEN=6
DATA=0c500d00012c
---
FUNC=gh_final
STATE=0015e4f0
OUTLEN=4
OUT=40c445b0
---
FUNC=gh_init
STATE=0015e4f0
KEYLEN=0
OUTLEN=4
---
FUNC=gh_update
STATE=0015e4f0
LEN=10
DATA=e0749041b22e9a530811
---
FUNC=gh_update
STATE=0015e4f0
LEN=4
DATA=00000000
---
FUNC=gh_update
STATE=0015e4f0
LEN=5
DATA=0e51150001
---
FUNC=gh_final
STATE=0015e4f0
OUTLEN=4
OUT=23be9c83
---
FUNC=stream
KEY=cd943b6b0f42806f5d1cfba1ca82578272b85d386b974c515a29f606140259b3
NONCE=e0749041b22e9a5308110000000000000000000000000007
LEN=9
---
FUNC=stream
KEY=cd943b6b0f42806f5d1cfba1ca82578272b85d386b974c515a29f606140259b3
NONCE=e0449041b22e9a5309880000000000000000000000000001
LEN=9
---
FUNC=gh_init
STATE=0015e4f0
KEYLEN=0
OUTLEN=4
---
FUNC=gh_update
STATE=0015e4f0
LEN=10
DATA=e0449041b22e9a530988
---
FUNC=gh_update
STATE=0015e4f0
LEN=4
DATA=00000000
---
FUNC=gh_update
STATE=0015e4f0
LEN=5
DATA=0c51150001
---
FUNC=gh_final
STATE=0015e4f0
OUTLEN=4
OUT=23333848
---
FUNC=stream
KEY=47be3dffb41ea35749c9290e6d2124e6b3e3842ab4e443bd0ac41eda045c2dbe
NONCE=e0409041b22e9a53011e0000000000000000000000000000
LEN=12
---
FUNC=gh_init
STATE=0015e4f0
KEYLEN=0
OUTLEN=4
---
FUNC=gh_update
STATE=0015e4f0
LEN=10
DATA=e0409041b22e9a53011e
---
FUNC=gh_update
STATE=0015e4f0
LEN=4
DATA=00000000
---
FUNC=gh_update
STATE=0015e4f0
LEN=8
DATA=01ae94c10000048f
---
FUNC=gh_final
STATE=0015e4f0
OUTLEN=4
OUT=8ee3ef6d
---
