FUNC=scalarmult
RA=0003afb3
PRIV=686e59c2f64008aa0a9692db67df7fe47fa46ffe6a8c5e26efc27e186dd5d13b
PUB=c995923f6d7911c73c94cb824b0f93056605956d3fd8929cf92ca44301e63553
SHARED=9ee7cdc2fbbf1ab819a2456caf840bbacf354b18a5fe95bb155a5da125fbd15e
RC=0
---
FUNC=gh_init
STATE=0016fa78
KEYLEN=0
OUTLEN=32
---
FUNC=gh_update
STATE=0016fa78
LEN=32
DATA=9ee7cdc2fbbf1ab819a2456caf840bbacf354b18a5fe95bb155a5da125fbd15e
---
FUNC=gh_update
STATE=0016fa78
LEN=32
DATA=c995923f6d7911c73c94cb824b0f93056605956d3fd8929cf92ca44301e63553
---
FUNC=gh_update
STATE=0016fa78
LEN=32
DATA=2c7422b03fc070a42c50f29f4a008d16ba9592260e83b9b3c08fcd7138aef701
---
FUNC=gh_update
STATE=0016fa78
LEN=32
DATA=69b1d4a63a301106494473b25c23c372a1ba54fbbdbd4fd47ed638460e425f07
---
FUNC=gh_final
RA=0002eba3
STATE=0016fa78
OUTLEN=32
OUT=e54802e34fee65b16c5e7dc1c73fe41e0e42fd0f9c7171a452df00f8447816da
---
FUNC=stream
PHASE=pre
RA=0002f725
KEY=47be3dffb41ea35749c9290e6d2124e6b3e3842ab4e443bd0ac41eda045c2dbe
NONCE=e0409041b22e9a53280b0000000000000000000000000000
LEN=12
IN=8c7439feff179b0995db4ffa
---
FUNC=stream
PHASE=post
KEY=47be3dffb41ea35749c9290e6d2124e6b3e3842ab4e443bd0ac41eda045c2dbe
NONCE=e0409041b22e9a53280b0000000000000000000000000000
LEN=12
OUT=86669bc401ae940000000000
---
FUNC=gh_init
STATE=0015e478
KEYLEN=0
OUTLEN=4
---
FUNC=gh_update
STATE=0015e478
LEN=10
DATA=e0409041b22e9a53280b
---
FUNC=gh_update
STATE=0015e478
LEN=4
DATA=00000000
---
FUNC=gh_update
STATE=0015e478
LEN=8
DATA=01ae940000000000
---
FUNC=gh_final
RA=0002eba3
STATE=0015e478
OUTLEN=4
OUT=86669bc4
---
FUNC=gh_init
STATE=0015e478
KEYLEN=0
OUTLEN=4
---
FUNC=gh_update
STATE=0015e478
LEN=10
DATA=e0629041b22e9a535823
---
FUNC=gh_update
STATE=0015e478
LEN=4
DATA=00000000
---
FUNC=gh_update
STATE=0015e478
LEN=41
DATA=0101817f6c22e18f5489694aa6837d51a2d0dfa7a3f4219e85a5f753172634d14d280a000203feff03
---
FUNC=gh_final
RA=0002eba3
STATE=0015e478
OUTLEN=4
OUT=c7701c37
---
FUNC=stream
PHASE=pre
RA=0002f725
KEY=47be3dffb41ea35749c9290e6d2124e6b3e3842ab4e443bd0ac41eda045c2dbe
NONCE=e0629041b22e9a5358230000000000000000000000000000
LEN=45
IN=c7701c370101817f6c22e18f5489694aa6837d51a2d0dfa7a3f4219e85a5f753172634d14d280a000203feff03
---
FUNC=stream
PHASE=post
KEY=47be3dffb41ea35749c9290e6d2124e6b3e3842ab4e443bd0ac41eda045c2dbe
NONCE=e0629041b22e9a5358230000000000000000000000000000
LEN=45
OUT=7b076a867148c28a9b638c60e69299e34f114f7795c7f8af1c8853ac1ac66d147c2cf2a7f830f7d64d0e1cd12e
---
FUNC=stream
PHASE=pre
RA=0002f725
KEY=47be3dffb41ea35749c9290e6d2124e6b3e3842ab4e443bd0ac41eda045c2dbe
NONCE=e0409041b22e9a532a340000000000000000000000000000
LEN=12
IN=7579e4a1b1cd890601a20953
---
FUNC=stream
PHASE=post
KEY=47be3dffb41ea35749c9290e6d2124e6b3e3842ab4e443bd0ac41eda045c2dbe
NONCE=e0409041b22e9a532a340000000000000000000000000000
LEN=12
OUT=35bcc5a701ae940100000000
---
FUNC=gh_init
STATE=0016fa78
KEYLEN=0
OUTLEN=4
---
FUNC=gh_update
STATE=0016fa78
LEN=10
DATA=e0409041b22e9a532a34
---
FUNC=gh_update
STATE=0016fa78
LEN=4
DATA=00000000
---
FUNC=gh_update
STATE=0016fa78
LEN=8
DATA=01ae940100000000
---
FUNC=gh_final
RA=0002eba3
STATE=0016fa78
OUTLEN=4
OUT=35bcc5a7
---
FUNC=stream
PHASE=pre
RA=0002f725
KEY=47be3dffb41ea35749c9290e6d2124e6b3e3842ab4e443bd0ac41eda045c2dbe
NONCE=e0409041b22e9a532b1d0000000000000000000000000000
LEN=12
IN=f987bd98c16e8eeb36e46dc8
---
FUNC=stream
PHASE=post
KEY=47be3dffb41ea35749c9290e6d2124e6b3e3842ab4e443bd0ac41eda045c2dbe
NONCE=e0409041b22e9a532b1d0000000000000000000000000000
LEN=12
OUT=5eec7b1b01ae940200000000
---
FUNC=gh_init
STATE=0016fa78
KEYLEN=0
OUTLEN=4
---
FUNC=gh_update
STATE=0016fa78
LEN=10
DATA=e0409041b22e9a532b1d
---
FUNC=gh_update
STATE=0016fa78
LEN=4
DATA=00000000
---
FUNC=gh_update
STATE=0016fa78
LEN=8
DATA=01ae940200000000
---
FUNC=gh_final
RA=0002eba3
STATE=0016fa78
OUTLEN=4
OUT=5eec7b1b
---
FUNC=stream
PHASE=pre
RA=0002f725
KEY=47be3dffb41ea35749c9290e6d2124e6b3e3842ab4e443bd0ac41eda045c2dbe
NONCE=e0409041b22e9a532c2d0000000000000000000000000000
LEN=12
IN=b171f306a6506432fa9ad2b3
---
FUNC=stream
PHASE=post
KEY=47be3dffb41ea35749c9290e6d2124e6b3e3842ab4e443bd0ac41eda045c2dbe
NONCE=e0409041b22e9a532c2d0000000000000000000000000000
LEN=12
OUT=dab486ce01ae940300000000
---
FUNC=gh_init
STATE=0015e478
KEYLEN=0
OUTLEN=4
---
FUNC=gh_update
STATE=0015e478
LEN=10
DATA=e0409041b22e9a532c2d
---
FUNC=gh_update
STATE=0015e478
LEN=4
DATA=00000000
---
FUNC=gh_update
STATE=0015e478
LEN=8
DATA=01ae940300000000
---
FUNC=gh_final
RA=0002eba3
STATE=0015e478
OUTLEN=4
OUT=dab486ce
---
FUNC=gh_init
STATE=0015e478
KEYLEN=0
OUTLEN=4
---
FUNC=gh_update
STATE=0015e478
LEN=10
DATA=e0629041b22e9a534908
---
FUNC=gh_update
STATE=0015e478
LEN=4
DATA=00000000
---
FUNC=gh_update
STATE=0015e478
LEN=41
DATA=0101c5c0784bcb70494138f40ea26a8d49529f55f386b0ce230004a1c51f57bdc35d0a000203feff03
---
FUNC=gh_final
RA=0002eba3
STATE=0015e478
OUTLEN=4
OUT=3c42a5c5
---
FUNC=stream
PHASE=pre
RA=0002f725
KEY=47be3dffb41ea35749c9290e6d2124e6b3e3842ab4e443bd0ac41eda045c2dbe
NONCE=e0629041b22e9a5349080000000000000000000000000000
LEN=45
IN=3c42a5c50101c5c0784bcb70494138f40ea26a8d49529f55f386b0ce230004a1c51f57bdc35d0a000203feff03
---
FUNC=stream
PHASE=post
KEY=47be3dffb41ea35749c9290e6d2124e6b3e3842ab4e443bd0ac41eda045c2dbe
NONCE=e0629041b22e9a5349080000000000000000000000000000
LEN=45
OUT=a397fb4817d30420786780bd87c35b8ecd0cb9e66f5278b4a9d946d684bf847ce0651c5550937b022cf9c1abcb
---
FUNC=stream
PHASE=pre
RA=0002f725
KEY=47be3dffb41ea35749c9290e6d2124e6b3e3842ab4e443bd0ac41eda045c2dbe
NONCE=e0429041b22e9a532d1a0000000000000000000000000000
LEN=53
IN=23098e392102c545c6fc10899a414182b3e5a86fe3c8e265755b458cab713419ffdff15ecb8abeff7a3ac0b4260867e5044d22d28a
---
FUNC=stream
PHASE=post
KEY=47be3dffb41ea35749c9290e6d2124e6b3e3842ab4e443bd0ac41eda045c2dbe
NONCE=e0429041b22e9a532d1a0000000000000000000000000000
LEN=53
OUT=993e07d301020153d423c158a63f00e19adde9807c5b87208f9267542969312f72e04774aa531ebdfaee8637a1fc1217f603feff03
---
FUNC=gh_init
STATE=0015e478
KEYLEN=0
OUTLEN=4
---
FUNC=gh_update
STATE=0015e478
LEN=10
DATA=e0429041b22e9a532d1a
---
FUNC=gh_update
STATE=0015e478
LEN=4
DATA=00000000
---
FUNC=gh_update
STATE=0015e478
LEN=49
DATA=01020153d423c158a63f00e19adde9807c5b87208f9267542969312f72e04774aa531ebdfaee8637a1fc1217f603feff03
---
FUNC=gh_final
RA=0002eba3
STATE=0015e478
OUTLEN=4
OUT=993e07d3
---
FUNC=scalarmult
RA=0003afb3
PRIV=9f0aa5fa4047cb79090abb2d8cc1301af8dcecd5fa11a59595c752591a3c937a
PUB=53d423c158a63f00e19adde9807c5b87208f9267542969312f72e04774aa531e
SHARED=48217766121f1402f89e78fd0cfce0050faa6ad9422a4c02d5c40d568ff9ae38
RC=0
---
FUNC=gh_init
STATE=0016fa78
KEYLEN=0
OUTLEN=32
---
FUNC=gh_update
STATE=0016fa78
LEN=32
DATA=48217766121f1402f89e78fd0cfce0050faa6ad9422a4c02d5c40d568ff9ae38
---
FUNC=gh_update
STATE=0016fa78
LEN=32
DATA=c5c0784bcb70494138f40ea26a8d49529f55f386b0ce230004a1c51f57bdc35d
---
FUNC=gh_update
STATE=0016fa78
LEN=32
DATA=53d423c158a63f00e19adde9807c5b87208f9267542969312f72e04774aa531e
---
FUNC=gh_update
STATE=0016fa78
LEN=32
DATA=c5923a86e166e4bf3f8959643ff1c245f986115ec34946ded0b87dc0d7bd38db
---
FUNC=gh_final
RA=0002eba3
STATE=0016fa78
OUTLEN=32
OUT=5de2900cf56bf5cb179b6ad2a60c6601e8d59a84a628bd69f81456d80cd611ae
---
FUNC=stream
PHASE=pre
RA=0002f725
KEY=5de2900cf56bf5cb179b6ad2a60c6601e8d59a84a628bd69f81456d80cd611ae
NONCE=000000000000000000000000000000000000000000000000
LEN=10
IN=bdfaee8637a1fc1217f6
---
FUNC=stream
PHASE=post
KEY=5de2900cf56bf5cb179b6ad2a60c6601e8d59a84a628bd69f81456d80cd611ae
NONCE=000000000000000000000000000000000000000000000000
LEN=10
OUT=9041b22e9a53f49347f6
---
FUNC=stream
PHASE=pre
RA=0002f725
KEY=5de2900cf56bf5cb179b6ad2a60c6601e8d59a84a628bd69f81456d80cd611ae
NONCE=000000000000000000000000000000000000000000000000
LEN=16
IN=9041b23483dc9041b22e9a53f49347f6
---
FUNC=stream
PHASE=post
KEY=5de2900cf56bf5cb179b6ad2a60c6601e8d59a84a628bd69f81456d80cd611ae
NONCE=000000000000000000000000000000000000000000000000
LEN=16
OUT=bdfaee9c2e2e98c0e22e710c85744273
---
FUNC=gh_init
STATE=0015e478
KEYLEN=0
OUTLEN=4
---
FUNC=gh_update
STATE=0015e478
LEN=10
DATA=e0629041b22e9a534a7c
---
FUNC=gh_update
STATE=0015e478
LEN=4
DATA=00000000
---
FUNC=gh_update
STATE=0015e478
LEN=18
DATA=0103bdfaee9c2e2e98c0e22e710c85744273
---
FUNC=gh_final
RA=0002eba3
STATE=0015e478
OUTLEN=4
OUT=410acbfc
---
FUNC=stream
PHASE=pre
RA=0002f725
KEY=47be3dffb41ea35749c9290e6d2124e6b3e3842ab4e443bd0ac41eda045c2dbe
NONCE=e0629041b22e9a534a7c0000000000000000000000000000
LEN=22
IN=410acbfc0103bdfaee9c2e2e98c0e22e710c85744273
---
FUNC=stream
PHASE=post
KEY=47be3dffb41ea35749c9290e6d2124e6b3e3842ab4e443bd0ac41eda045c2dbe
NONCE=e0629041b22e9a534a7c0000000000000000000000000000
LEN=22
OUT=bb5f3587d229e052cb6860d9225b71490a1c461e94b0
---
FUNC=stream
PHASE=pre
RA=0002f725
KEY=5de2900cf56bf5cb179b6ad2a60c6601e8d59a84a628bd69f81456d80cd611ae
NONCE=e0539041b22e9a53013a0000000000000000000000000000
LEN=6
IN=995f861c717b
---
FUNC=stream
PHASE=post
KEY=5de2900cf56bf5cb179b6ad2a60c6601e8d59a84a628bd69f81456d80cd611ae
NONCE=e0539041b22e9a53013a0000000000000000000000000000
LEN=6
OUT=d340f01f0100
---
FUNC=gh_init
STATE=0015e478
KEYLEN=0
OUTLEN=4
---
FUNC=gh_update
STATE=0015e478
LEN=10
DATA=e0539041b22e9a53013a
---
FUNC=gh_update
STATE=0015e478
LEN=4
DATA=00000000
---
FUNC=gh_update
STATE=0015e478
LEN=2
DATA=0100
---
FUNC=gh_final
RA=0002eba3
STATE=0015e478
OUTLEN=4
OUT=d340f01f
---
FUNC=gh_init
STATE=0015e478
KEYLEN=0
OUTLEN=4
---
FUNC=gh_update
STATE=0015e478
LEN=10
DATA=e0749041b22e9a5301c1
---
FUNC=gh_update
STATE=0015e478
LEN=4
DATA=00000000
---
FUNC=gh_update
STATE=0015e478
LEN=2
DATA=0969
---
FUNC=gh_final
RA=0002eba3
STATE=0015e478
OUTLEN=4
OUT=1db19ee6
---
FUNC=stream
PHASE=pre
RA=0002f725
KEY=5de2900cf56bf5cb179b6ad2a60c6601e8d59a84a628bd69f81456d80cd611ae
NONCE=e0749041b22e9a5301c10000000000000000000000000000
LEN=6
IN=1db19ee60969
---
FUNC=stream
PHASE=post
KEY=5de2900cf56bf5cb179b6ad2a60c6601e8d59a84a628bd69f81456d80cd611ae
NONCE=e0749041b22e9a5301c10000000000000000000000000000
LEN=6
OUT=f9e7c935c3b3
---
FUNC=stream
PHASE=pre
RA=0002f725
KEY=47be3dffb41ea35749c9290e6d2124e6b3e3842ab4e443bd0ac41eda045c2dbe
NONCE=e0409041b22e9a532e040000000000000000000000000000
LEN=12
IN=4f1e29eedcf1a1a291fa2910
---
FUNC=stream
PHASE=post
KEY=47be3dffb41ea35749c9290e6d2124e6b3e3842ab4e443bd0ac41eda045c2dbe
NONCE=e0409041b22e9a532e040000000000000000000000000000
LEN=12
OUT=1362b34b01ae944400000000
---
FUNC=gh_init
STATE=0015e478
KEYLEN=0
OUTLEN=4
---
FUNC=gh_update
STATE=0015e478
LEN=10
DATA=e0409041b22e9a532e04
---
FUNC=gh_update
STATE=0015e478
LEN=4
DATA=00000000
---
FUNC=gh_update
STATE=0015e478
LEN=8
DATA=01ae944400000000
---
FUNC=gh_final
RA=0002eba3
STATE=0015e478
OUTLEN=4
OUT=1362b34b
---
FUNC=stream
PHASE=pre
RA=0002f725
KEY=47be3dffb41ea35749c9290e6d2124e6b3e3842ab4e443bd0ac41eda045c2dbe
NONCE=e0409041b22e9a532f0b0000000000000000000000000000
LEN=12
IN=224b834f6115319a92808af4
---
FUNC=stream
PHASE=post
KEY=47be3dffb41ea35749c9290e6d2124e6b3e3842ab4e443bd0ac41eda045c2dbe
NONCE=e0409041b22e9a532f0b0000000000000000000000000000
LEN=12
OUT=0130a1ae01ae944500000000
---
FUNC=gh_init
STATE=0015e478
KEYLEN=0
OUTLEN=4
---
FUNC=gh_update
STATE=0015e478
LEN=10
DATA=e0409041b22e9a532f0b
---
FUNC=gh_update
STATE=0015e478
LEN=4
DATA=00000000
---
FUNC=gh_update
STATE=0015e478
LEN=8
DATA=01ae944500000000
---
FUNC=gh_final
RA=0002eba3
STATE=0015e478
OUTLEN=4
OUT=0130a1ae
---
FUNC=stream
PHASE=pre
RA=0002f725
KEY=5de2900cf56bf5cb179b6ad2a60c6601e8d59a84a628bd69f81456d80cd611ae
NONCE=e0539041b22e9a5302270000000000000000000000000001
LEN=6
IN=fe531ef76734
---
FUNC=stream
PHASE=post
KEY=5de2900cf56bf5cb179b6ad2a60c6601e8d59a84a628bd69f81456d80cd611ae
NONCE=e0539041b22e9a5302270000000000000000000000000001
LEN=6
OUT=eb50814ba5b0
---
FUNC=gh_init
STATE=0015e478
KEYLEN=0
OUTLEN=4
---
FUNC=gh_update
STATE=0015e478
LEN=10
DATA=e0539041b22e9a530227
---
FUNC=gh_update
STATE=0015e478
LEN=4
DATA=00000000
---
FUNC=gh_update
STATE=0015e478
LEN=2
DATA=a5b0
---
FUNC=gh_final
RA=0002eba3
STATE=0015e478
OUTLEN=4
OUT=80cafa5f
---
FUNC=stream
PHASE=pre
RA=0002f725
KEY=5de2900cf56bf5cb179b6ad2a60c6601e8d59a84a628bd69f81456d80cd611ae
NONCE=e0539041b22e9a5302270000000000000000000000000000
LEN=6
IN=fe531ef76734
---
FUNC=stream
PHASE=post
KEY=5de2900cf56bf5cb179b6ad2a60c6601e8d59a84a628bd69f81456d80cd611ae
NONCE=e0539041b22e9a5302270000000000000000000000000000
LEN=6
OUT=af7b44c60100
---
FUNC=gh_init
STATE=0015e478
KEYLEN=0
OUTLEN=4
---
FUNC=gh_update
STATE=0015e478
LEN=10
DATA=e0539041b22e9a530227
---
FUNC=gh_update
STATE=0015e478
LEN=4
DATA=00000000
---
FUNC=gh_update
STATE=0015e478
LEN=2
DATA=0100
---
FUNC=gh_final
RA=0002eba3
STATE=0015e478
OUTLEN=4
OUT=af7b44c6
---
FUNC=gh_init
STATE=0015e478
KEYLEN=0
OUTLEN=4
---
FUNC=gh_update
STATE=0015e478
LEN=10
DATA=e0749041b22e9a5302c2
---
FUNC=gh_update
STATE=0015e478
LEN=4
DATA=00000000
---
FUNC=gh_update
STATE=0015e478
LEN=6
DATA=0b6a11010d14
---
FUNC=gh_final
RA=0002eba3
STATE=0015e478
OUTLEN=4
OUT=c4539e46
---
FUNC=stream
PHASE=pre
RA=0002f725
KEY=5de2900cf56bf5cb179b6ad2a60c6601e8d59a84a628bd69f81456d80cd611ae
NONCE=e0749041b22e9a5302c20000000000000000000000000000
LEN=10
IN=c4539e460b6a11010d14
---
FUNC=stream
PHASE=post
KEY=5de2900cf56bf5cb179b6ad2a60c6601e8d59a84a628bd69f81456d80cd611ae
NONCE=e0749041b22e9a5302c20000000000000000000000000000
LEN=10
OUT=98f12dc8428848e33206
---
FUNC=stream
PHASE=pre
RA=0002f725
KEY=5de2900cf56bf5cb179b6ad2a60c6601e8d59a84a628bd69f81456d80cd611ae
NONCE=e0439041b22e9a5303820000000000000000000000000001
LEN=6
IN=4eeca4e2a03e
---
FUNC=stream
PHASE=post
KEY=5de2900cf56bf5cb179b6ad2a60c6601e8d59a84a628bd69f81456d80cd611ae
NONCE=e0439041b22e9a5303820000000000000000000000000001
LEN=6
OUT=ca3b7c260100
---
FUNC=gh_init
STATE=0015e478
KEYLEN=0
OUTLEN=4
---
FUNC=gh_update
STATE=0015e478
LEN=10
DATA=e0439041b22e9a530382
---
FUNC=gh_update
STATE=0015e478
LEN=4
DATA=00000000
---
FUNC=gh_update
STATE=0015e478
LEN=2
DATA=0100
---
FUNC=gh_final
RA=0002eba3
STATE=0015e478
OUTLEN=4
OUT=ca3b7c26
---
FUNC=gh_init
STATE=0015e478
KEYLEN=0
OUTLEN=4
---
FUNC=gh_update
STATE=0015e478
LEN=10
DATA=e0749041b22e9a53035b
---
FUNC=gh_update
STATE=0015e478
LEN=4
DATA=00000000
---
FUNC=gh_update
STATE=0015e478
LEN=70
DATA=026b118b910d36f905ae4e724bbff0d1ba4adf86e5791d196aece9e8f994724ef379a3e83adefdef5225f35ce7fb427b45a1b7f4bc6d3e887000acd4d420e1fe35650000048f
---
FUNC=gh_final
RA=0002eba3
STATE=0015e478
OUTLEN=4
OUT=6caf1065
---
FUNC=stream
PHASE=pre
RA=0002f725
KEY=5de2900cf56bf5cb179b6ad2a60c6601e8d59a84a628bd69f81456d80cd611ae
NONCE=e0749041b22e9a53035b0000000000000000000000000001
LEN=74
IN=6caf1065026b118b910d36f905ae4e724bbff0d1ba4adf86e5791d196aece9e8f994724ef379a3e83adefdef5225f35ce7fb427b45a1b7f4bc6d3e887000acd4d420e1fe35650000048f
---
FUNC=stream
PHASE=post
KEY=5de2900cf56bf5cb179b6ad2a60c6601e8d59a84a628bd69f81456d80cd611ae
NONCE=e0749041b22e9a53035b0000000000000000000000000001
LEN=74
OUT=a991cb373973094fcf481f4e3ee066bea6f099fa3d8ce6260827cfbefeb4bf7ca231a22fd9ff76a22390b3cc8dc977b92f7f86bac11247f6ee398d3a0b7e165fbbe3cdb1d59d478838d5
---
FUNC=stream
PHASE=pre
RA=0002f725
KEY=5de2900cf56bf5cb179b6ad2a60c6601e8d59a84a628bd69f81456d80cd611ae
NONCE=e0549041b22e9a5304830000000000000000000000000001
LEN=70
IN=a61e44605c907683fffdcb98ea93c879c06e75bf472b8d5aaa77ccd9f3779302a265e7e33a84884035287778c04fe5e4c5788da2c7c113eab702bb9fcc34b83ad659a75c47ae
---
FUNC=stream
PHASE=post
KEY=5de2900cf56bf5cb179b6ad2a60c6601e8d59a84a628bd69f81456d80cd611ae
NONCE=e0549041b22e9a5304830000000000000000000000000001
LEN=70
OUT=828140ad036bf187f4ad63b357c94c73c938f0448bbacec82e674d98a37bae86ca21add4a711cc11cac685f427d4939f98f24d2d85e7959f0ff70f4ae22b0bea7079fcad0b17
---
FUNC=gh_init
STATE=0015e478
KEYLEN=0
OUTLEN=4
---
FUNC=gh_update
STATE=0015e478
LEN=10
DATA=e0549041b22e9a530483
---
FUNC=gh_update
STATE=0015e478
LEN=4
DATA=00000000
---
FUNC=gh_update
STATE=0015e478
LEN=66
DATA=036bf187f4ad63b357c94c73c938f0448bbacec82e674d98a37bae86ca21add4a711cc11cac685f427d4939f98f24d2d85e7959f0ff70f4ae22b0bea7079fcad0b17
---
FUNC=gh_final
RA=0002eba3
STATE=0015e478
OUTLEN=4
OUT=828140ad
---
FUNC=gh_init
STATE=0015e478
KEYLEN=0
OUTLEN=4
---
FUNC=gh_update
STATE=0015e478
LEN=10
DATA=e0749041b22e9a530484
---
FUNC=gh_update
STATE=0015e478
LEN=4
DATA=00000000
---
FUNC=gh_update
STATE=0015e478
LEN=2
DATA=0969
---
FUNC=gh_final
RA=0002eba3
STATE=0015e478
OUTLEN=4
OUT=4da25169
---
FUNC=stream
PHASE=pre
RA=0002f725
KEY=5de2900cf56bf5cb179b6ad2a60c6601e8d59a84a628bd69f81456d80cd611ae
NONCE=e0749041b22e9a5304840000000000000000000000000002
LEN=6
IN=4da251690969
---
FUNC=stream
PHASE=post
KEY=5de2900cf56bf5cb179b6ad2a60c6601e8d59a84a628bd69f81456d80cd611ae
NONCE=e0749041b22e9a5304840000000000000000000000000002
LEN=6
OUT=16bb414ff139
---
FUNC=stream
PHASE=pre
RA=0002f725
KEY=47be3dffb41ea35749c9290e6d2124e6b3e3842ab4e443bd0ac41eda045c2dbe
NONCE=e0409041b22e9a539b310000000000000000000000000000
LEN=12
IN=1ae1b0e1e60aab2da0b42484
---
FUNC=stream
PHASE=post
KEY=47be3dffb41ea35749c9290e6d2124e6b3e3842ab4e443bd0ac41eda045c2dbe
NONCE=e0409041b22e9a539b310000000000000000000000000000
LEN=12
OUT=7d78e54a01ae94800000048f
---
FUNC=gh_init
STATE=0015e478
KEYLEN=0
OUTLEN=4
---
FUNC=gh_update
STATE=0015e478
LEN=10
DATA=e0409041b22e9a539b31
---
FUNC=gh_update
STATE=0015e478
LEN=4
DATA=00000000
---
FUNC=gh_update
STATE=0015e478
LEN=8
DATA=01ae94800000048f
---
FUNC=gh_final
RA=0002eba3
STATE=0015e478
OUTLEN=4
OUT=7d78e54a
---
FUNC=stream
PHASE=pre
RA=0002f725
KEY=1c299ab90a5239bff47ff00a83e50b43b37c14b86a798270610a56ba34e8a2c7
NONCE=e0429041b22e9a539c120000000000000000000000000000
LEN=6
IN=40170016639c
---
FUNC=stream
PHASE=post
KEY=1c299ab90a5239bff47ff00a83e50b43b37c14b86a798270610a56ba34e8a2c7
NONCE=e0429041b22e9a539c120000000000000000000000000000
LEN=6
OUT=231faea90100
---
FUNC=gh_init
STATE=0015e478
KEYLEN=0
OUTLEN=4
---
FUNC=gh_update
STATE=0015e478
LEN=10
DATA=e0429041b22e9a539c12
---
FUNC=gh_update
STATE=0015e478
LEN=4
DATA=00000000
---
FUNC=gh_update
STATE=0015e478
LEN=2
DATA=0100
---
FUNC=gh_final
RA=0002eba3
STATE=0015e478
OUTLEN=4
OUT=231faea9
---
FUNC=gh_init
STATE=0015e478
KEYLEN=0
OUTLEN=4
---
FUNC=gh_update
STATE=0015e478
LEN=10
DATA=e0629041b22e9a532105
---
FUNC=gh_update
STATE=0015e478
LEN=4
DATA=00000000
---
FUNC=gh_update
STATE=0015e478
LEN=41
DATA=0101ae166ce8efa9be3dd97e170b4bd9645ffe55b72d93e1369e6771105dd3ea26000a000203feff03
---
FUNC=gh_final
RA=0002eba3
STATE=0015e478
OUTLEN=4
OUT=5d5cdd1c
---
FUNC=stream
PHASE=pre
RA=0002f725
KEY=1c299ab90a5239bff47ff00a83e50b43b37c14b86a798270610a56ba34e8a2c7
NONCE=e0629041b22e9a5321050000000000000000000000000000
LEN=45
IN=5d5cdd1c0101ae166ce8efa9be3dd97e170b4bd9645ffe55b72d93e1369e6771105dd3ea26000a000203feff03
---
FUNC=stream
PHASE=post
KEY=1c299ab90a5239bff47ff00a83e50b43b37c14b86a798270610a56ba34e8a2c7
NONCE=e0629041b22e9a5321050000000000000000000000000000
LEN=45
OUT=f9d4f4d0e647271ab58556a6f5883849a1177177ad2ad6a7bb4e7f543c773fed327883962fc3e37139cb3a3d55
---
FUNC=stream
PHASE=pre
RA=0002f725
KEY=1c299ab90a5239bff47ff00a83e50b43b37c14b86a798270610a56ba34e8a2c7
NONCE=e0429041b22e9a539d0c0000000000000000000000000000
LEN=53
IN=e41bacc96ebbc0f305c52843efaf40d15b0f91a8dec3cd936ed7e083ffcc4d1c428b4204d3aeb19c915c2474604b500b0d7ee20471
---
FUNC=stream
PHASE=post
KEY=1c299ab90a5239bff47ff00a83e50b43b37c14b86a798270610a56ba34e8a2c7
NONCE=e0429041b22e9a539d0c0000000000000000000000000000
LEN=53
OUT=98847da8010201fe16eb5aad9d294379d8a192e544564b7e2dcaf4174035a7c9fadb9e82fac47845453e561aa3d0a270b003feff03
---
FUNC=gh_init
STATE=0015e478
KEYLEN=0
OUTLEN=4
---
FUNC=gh_update
STATE=0015e478
LEN=10
DATA=e0429041b22e9a539d0c
---
FUNC=gh_update
STATE=0015e478
LEN=4
DATA=00000000
---
FUNC=gh_update
STATE=0015e478
LEN=49
DATA=010201fe16eb5aad9d294379d8a192e544564b7e2dcaf4174035a7c9fadb9e82fac47845453e561aa3d0a270b003feff03
---
FUNC=gh_final
RA=0002eba3
STATE=0015e478
OUTLEN=4
OUT=98847da8
---
FUNC=scalarmult
RA=0003afb3
PRIV=9fd775c9c42147d47859bb0224edac2c1856f451bb957bc772256b6d40ebf9a0
PUB=fe16eb5aad9d294379d8a192e544564b7e2dcaf4174035a7c9fadb9e82fac478
SHARED=67ee318af199d5f65d3bcbab969c84c22a58e28319848ec0c8a751c4cf9f6912
RC=0
---
FUNC=gh_init
STATE=0016fa78
KEYLEN=0
OUTLEN=32
---
FUNC=gh_update
STATE=0016fa78
LEN=32
DATA=67ee318af199d5f65d3bcbab969c84c22a58e28319848ec0c8a751c4cf9f6912
---
FUNC=gh_update
STATE=0016fa78
LEN=32
DATA=ae166ce8efa9be3dd97e170b4bd9645ffe55b72d93e1369e6771105dd3ea2600
---
FUNC=gh_update
STATE=0016fa78
LEN=32
DATA=fe16eb5aad9d294379d8a192e544564b7e2dcaf4174035a7c9fadb9e82fac478
---
FUNC=gh_update
STATE=0016fa78
LEN=32
DATA=d2ef630fdedcc2eac891d4df449d0b798d1fe5aa9593487a092f9b443a471f27
---
FUNC=gh_final
RA=0002eba3
STATE=0016fa78
OUTLEN=32
OUT=4fd5c7fc8d7996120340914987422e7d8ff8255828db6312e6519fefb7c107d6
---
FUNC=stream
PHASE=pre
RA=0002f725
KEY=4fd5c7fc8d7996120340914987422e7d8ff8255828db6312e6519fefb7c107d6
NONCE=000000000000000000000000000000000000000000000000
LEN=10
IN=45453e561aa3d0a270b0
---
FUNC=stream
PHASE=post
KEY=4fd5c7fc8d7996120340914987422e7d8ff8255828db6312e6519fefb7c107d6
NONCE=000000000000000000000000000000000000000000000000
LEN=10
OUT=9041b22e9a5376e47576
---
FUNC=stream
PHASE=pre
RA=0002f725
KEY=4fd5c7fc8d7996120340914987422e7d8ff8255828db6312e6519fefb7c107d6
NONCE=000000000000000000000000000000000000000000000000
LEN=16
IN=9041b23483dc9041b22e9a5376e47576
---
FUNC=stream
PHASE=post
KEY=4fd5c7fc8d7996120340914987422e7d8ff8255828db6312e6519fefb7c107d6
NONCE=000000000000000000000000000000000000000000000000
LEN=16
OUT=45453e4c032c3607b7e8101b40629040
---
FUNC=gh_init
STATE=0015e478
KEYLEN=0
OUTLEN=4
---
FUNC=gh_update
STATE=0015e478
LEN=10
DATA=e0629041b22e9a53224b
---
FUNC=gh_update
STATE=0015e478
LEN=4
DATA=00000000
---
FUNC=gh_update
STATE=0015e478
LEN=18
DATA=010345453e4c032c3607b7e8101b40629040
---
FUNC=gh_final
RA=0002eba3
STATE=0015e478
OUTLEN=4
OUT=ffbcbdb9
---
FUNC=stream
PHASE=pre
RA=0002f725
KEY=1c299ab90a5239bff47ff00a83e50b43b37c14b86a798270610a56ba34e8a2c7
NONCE=e0629041b22e9a53224b0000000000000000000000000000
LEN=22
IN=ffbcbdb9010345453e4c032c3607b7e8101b40629040
---
FUNC=stream
PHASE=post
KEY=1c299ab90a5239bff47ff00a83e50b43b37c14b86a798270610a56ba34e8a2c7
NONCE=e0629041b22e9a53224b0000000000000000000000000000
LEN=22
OUT=7a883f3dace68d161bcac86127cb60d2c707a81a7cac
---
FUNC=stream
PHASE=pre
RA=0002f725
KEY=4fd5c7fc8d7996120340914987422e7d8ff8255828db6312e6519fefb7c107d6
NONCE=e0549041b22e9a5301280000000000000000000000000000
LEN=26
IN=11962b83259375b1175dfd91ec0f5f824ea1898829caad476291
---
FUNC=stream
PHASE=post
KEY=4fd5c7fc8d7996120340914987422e7d8ff8255828db6312e6519fefb7c107d6
NONCE=e0549041b22e9a5301280000000000000000000000000000
LEN=26
OUT=dce7052f0c0001000000000202000180800300580b6900140000
---
FUNC=gh_init
STATE=0015e478
KEYLEN=0
OUTLEN=4
---
FUNC=gh_update
STATE=0015e478
LEN=10
DATA=e0549041b22e9a530128
---
FUNC=gh_update
STATE=0015e478
LEN=4
DATA=00000000
---
FUNC=gh_update
STATE=0015e478
LEN=22
DATA=0c0001000000000202000180800300580b6900140000
---
FUNC=gh_final
RA=0002eba3
STATE=0015e478
OUTLEN=4
OUT=dce7052f
---
FUNC=gh_init
STATE=0015e478
KEYLEN=0
OUTLEN=4
---
FUNC=gh_update
STATE=0015e478
LEN=10
DATA=e0749041b22e9a5301c1
---
FUNC=gh_update
STATE=0015e478
LEN=4
DATA=00000000
---
FUNC=gh_update
STATE=0015e478
LEN=2
DATA=096d
---
FUNC=gh_final
RA=0002eba3
STATE=0015e478
OUTLEN=4
OUT=8a0543cd
---
FUNC=stream
PHASE=pre
RA=0002f725
KEY=4fd5c7fc8d7996120340914987422e7d8ff8255828db6312e6519fefb7c107d6
NONCE=e0749041b22e9a5301c10000000000000000000000000000
LEN=6
IN=8a0543cd096d
---
FUNC=stream
PHASE=post
KEY=4fd5c7fc8d7996120340914987422e7d8ff8255828db6312e6519fefb7c107d6
NONCE=e0749041b22e9a5301c10000000000000000000000000000
LEN=6
OUT=ad7df6d02eda
---
FUNC=stream
PHASE=pre
RA=0002f725
KEY=4fd5c7fc8d7996120340914987422e7d8ff8255828db6312e6519fefb7c107d6
NONCE=e0449041b22e9a5302810000000000000000000000000001
LEN=82
IN=a2298dba6f94dfcc5f916f09998014c49364b46b4b8545095e7c5ef30f994c4acaa4170507c8c6a6c56568966cf21170bda30909146380ec2bc913b69e768195261aedd16461777fc470f4af58ec5623208d
---
FUNC=stream
PHASE=post
KEY=4fd5c7fc8d7996120340914987422e7d8ff8255828db6312e6519fefb7c107d6
NONCE=e0449041b22e9a5302810000000000000000000000000001
LEN=82
OUT=ac57ee070a6dae9400010001000000f5a9470452b4ba379a5749018003ab8809ac01fb03080f110e01010402010311010a0d01020e01012001011202061301040301041401011501011601010f0101100101
---
FUNC=gh_init
STATE=0015e478
KEYLEN=0
OUTLEN=4
---
FUNC=gh_update
STATE=0015e478
LEN=10
DATA=e0449041b22e9a530281
---
FUNC=gh_update
STATE=0015e478
LEN=4
DATA=00000000
---
FUNC=gh_update
STATE=0015e478
LEN=78
DATA=0a6dae9400010001000000f5a9470452b4ba379a5749018003ab8809ac01fb03080f110e01010402010311010a0d01020e01012001011202061301040301041401011501011601010f0101100101
---
FUNC=gh_final
RA=0002eba3
STATE=0015e478
OUTLEN=4
OUT=ac57ee07
---
FUNC=gh_init
STATE=0015e478
KEYLEN=0
OUTLEN=4
---
FUNC=gh_update
STATE=0015e478
LEN=10
DATA=e0749041b22e9a530250
---
FUNC=gh_update
STATE=0015e478
LEN=4
DATA=00000000
---
FUNC=gh_update
STATE=0015e478
LEN=6
DATA=0b6e11010d14
---
FUNC=gh_final
RA=0002eba3
STATE=0015e478
OUTLEN=4
OUT=54b6e963
---
FUNC=stream
PHASE=pre
RA=0002f725
KEY=4fd5c7fc8d7996120340914987422e7d8ff8255828db6312e6519fefb7c107d6
NONCE=e0749041b22e9a5302500000000000000000000000000001
LEN=10
IN=54b6e9630b6e11010d14
---
FUNC=stream
PHASE=post
KEY=4fd5c7fc8d7996120340914987422e7d8ff8255828db6312e6519fefb7c107d6
NONCE=e0749041b22e9a5302500000000000000000000000000001
LEN=10
OUT=05043d5ca1eb8948ac59
---
FUNC=stream
PHASE=pre
RA=0002f725
KEY=47be3dffb41ea35749c9290e6d2124e6b3e3842ab4e443bd0ac41eda045c2dbe
NONCE=e0409041b22e9a539e170000000000000000000000000000
LEN=12
IN=b32c3d6cdf44b0bbff54337a
---
FUNC=stream
PHASE=post
KEY=47be3dffb41ea35749c9290e6d2124e6b3e3842ab4e443bd0ac41eda045c2dbe
NONCE=e0409041b22e9a539e170000000000000000000000000000
LEN=12
OUT=d23174f601ae94c10000048f
---
FUNC=gh_init
STATE=0015e478
KEYLEN=0
OUTLEN=4
---
FUNC=gh_update
STATE=0015e478
LEN=10
DATA=e0409041b22e9a539e17
---
FUNC=gh_update
STATE=0015e478
LEN=4
DATA=00000000
---
FUNC=gh_update
STATE=0015e478
LEN=8
DATA=01ae94c10000048f
---
FUNC=gh_final
RA=0002eba3
STATE=0015e478
OUTLEN=4
OUT=d23174f6
---
FUNC=stream
PHASE=pre
RA=0002f725
KEY=4fd5c7fc8d7996120340914987422e7d8ff8255828db6312e6519fefb7c107d6
NONCE=e0439041b22e9a5303380000000000000000000000000001
LEN=6
IN=9b6e01c433e2
---
FUNC=stream
PHASE=post
KEY=4fd5c7fc8d7996120340914987422e7d8ff8255828db6312e6519fefb7c107d6
NONCE=e0439041b22e9a5303380000000000000000000000000001
LEN=6
OUT=53df32b20100
---
FUNC=gh_init
STATE=0015e478
KEYLEN=0
OUTLEN=4
---
FUNC=gh_update
STATE=0015e478
LEN=10
DATA=e0439041b22e9a530338
---
FUNC=gh_update
STATE=0015e478
LEN=4
DATA=00000000
---
FUNC=gh_update
STATE=0015e478
LEN=2
DATA=0100
---
FUNC=gh_final
RA=0002eba3
STATE=0015e478
OUTLEN=4
OUT=53df32b2
---
FUNC=gh_init
STATE=0015e478
KEYLEN=0
OUTLEN=4
---
FUNC=gh_update
STATE=0015e478
LEN=10
DATA=e0749041b22e9a530347
---
FUNC=gh_update
STATE=0015e478
LEN=4
DATA=00000000
---
FUNC=gh_update
STATE=0015e478
LEN=2
DATA=096f
---
FUNC=gh_final
RA=0002eba3
STATE=0015e478
OUTLEN=4
OUT=d18e89da
---
FUNC=stream
PHASE=pre
RA=0002f725
KEY=4fd5c7fc8d7996120340914987422e7d8ff8255828db6312e6519fefb7c107d6
NONCE=e0749041b22e9a5303470000000000000000000000000001
LEN=6
IN=d18e89da096f
---
FUNC=stream
PHASE=post
KEY=4fd5c7fc8d7996120340914987422e7d8ff8255828db6312e6519fefb7c107d6
NONCE=e0749041b22e9a5303470000000000000000000000000001
LEN=6
OUT=8b311e97ba7c
---
FUNC=stream
PHASE=pre
RA=0002f725
KEY=4fd5c7fc8d7996120340914987422e7d8ff8255828db6312e6519fefb7c107d6
NONCE=e0449041b22e9a5304830000000000000000000000000001
LEN=82
IN=79d4b1bab601a49fb2152d5339e5f38fcee2bbb90d15ab3b54e93d14fdfcff7e06b8108ba3e9bb1d0dc8796d07462f7a4ed37ecb29bc0d607d4f55a25d05ca0206b396abc2a38d5764df19587a6624fe9f9f
---
FUNC=stream
PHASE=post
KEY=4fd5c7fc8d7996120340914987422e7d8ff8255828db6312e6519fefb7c107d6
NONCE=e0449041b22e9a5304830000000000000000000000000001
LEN=82
OUT=10e141450a6fae9400010001000000f5a9470452b4ba379a5749018003ab8809ac01fb03080f110e01010402010311010a0d01020e01012001011202061301040301041401011501011601010f0101100101
---
FUNC=gh_init
STATE=0015e478
KEYLEN=0
OUTLEN=4
---
FUNC=gh_update
STATE=0015e478
LEN=10
DATA=e0449041b22e9a530483
---
FUNC=gh_update
STATE=0015e478
LEN=4
DATA=00000000
---
FUNC=gh_update
STATE=0015e478
LEN=78
DATA=0a6fae9400010001000000f5a9470452b4ba379a5749018003ab8809ac01fb03080f110e01010402010311010a0d01020e01012001011202061301040301041401011501011601010f0101100101
---
FUNC=gh_final
RA=0002eba3
STATE=0015e478
OUTLEN=4
OUT=10e14145
---
FUNC=gh_init
STATE=0015e478
KEYLEN=0
OUTLEN=4
---
FUNC=gh_update
STATE=0015e478
LEN=10
DATA=e0749041b22e9a53046c
---
FUNC=gh_update
STATE=0015e478
LEN=4
DATA=00000000
---
FUNC=gh_update
STATE=0015e478
LEN=6
DATA=0b7011010d14
---
FUNC=gh_final
RA=0002eba3
STATE=0015e478
OUTLEN=4
OUT=e3623510
---
FUNC=stream
PHASE=pre
RA=0002f725
KEY=4fd5c7fc8d7996120340914987422e7d8ff8255828db6312e6519fefb7c107d6
NONCE=e0749041b22e9a53046c0000000000000000000000000002
LEN=10
IN=e36235100b7011010d14
---
FUNC=stream
PHASE=post
KEY=4fd5c7fc8d7996120340914987422e7d8ff8255828db6312e6519fefb7c107d6
NONCE=e0749041b22e9a53046c0000000000000000000000000002
LEN=10
OUT=dd92b3b1e853ac0a0456
---
FUNC=stream
PHASE=pre
RA=0002f725
KEY=4fd5c7fc8d7996120340914987422e7d8ff8255828db6312e6519fefb7c107d6
NONCE=e0449041b22e9a5305840000000000000000000000000001
LEN=31
IN=ed9a63e6c7d9dd827d7628380002b80813d162e803ea42b1b6d8feaf77ed3a
---
FUNC=stream
PHASE=post
KEY=4fd5c7fc8d7996120340914987422e7d8ff8255828db6312e6519fefb7c107d6
NONCE=e0449041b22e9a5305840000000000000000000000000001
LEN=31
OUT=ac447e4e0c70010000000028110000010001000000f5a9470d00012c140000
---
FUNC=gh_init
STATE=0015e478
KEYLEN=0
OUTLEN=4
---
FUNC=gh_update
STATE=0015e478
LEN=10
DATA=e0449041b22e9a530584
---
FUNC=gh_update
STATE=0015e478
LEN=4
DATA=00000000
---
FUNC=gh_update
STATE=0015e478
LEN=27
DATA=0c70010000000028110000010001000000f5a9470d00012c140000
---
FUNC=gh_final
RA=0002eba3
STATE=0015e478
OUTLEN=4
OUT=ac447e4e
---
FUNC=gh_init
STATE=0015e478
KEYLEN=0
OUTLEN=4
---
FUNC=gh_update
STATE=0015e478
LEN=10
DATA=e0749041b22e9a530551
---
FUNC=gh_update
STATE=0015e478
LEN=4
DATA=00000000
---
FUNC=gh_update
STATE=0015e478
LEN=6
DATA=0b7111010d14
---
FUNC=gh_final
RA=0002eba3
STATE=0015e478
OUTLEN=4
OUT=b7d082f3
---
FUNC=stream
PHASE=pre
RA=0002f725
KEY=4fd5c7fc8d7996120340914987422e7d8ff8255828db6312e6519fefb7c107d6
NONCE=e0749041b22e9a5305510000000000000000000000000003
LEN=10
IN=b7d082f30b7111010d14
---
FUNC=stream
PHASE=post
KEY=4fd5c7fc8d7996120340914987422e7d8ff8255828db6312e6519fefb7c107d6
NONCE=e0749041b22e9a5305510000000000000000000000000003
LEN=10
OUT=a689ca2cc828e135e978
---
FUNC=stream
PHASE=pre
RA=0002f725
KEY=4fd5c7fc8d7996120340914987422e7d8ff8255828db6312e6519fefb7c107d6
NONCE=e0449041b22e9a5306850000000000000000000000000001
LEN=31
IN=34409e9f41807b853c7ee537fb83a2cf83bc4dd0fc0dc1d6a1d9704b7a2376
---
FUNC=stream
PHASE=post
KEY=4fd5c7fc8d7996120340914987422e7d8ff8255828db6312e6519fefb7c107d6
NONCE=e0449041b22e9a5306850000000000000000000000000001
LEN=31
OUT=aaa4914d0c71010000000029110000010001000000f5a9470d00012c140000
---
FUNC=gh_init
STATE=0015e478
KEYLEN=0
OUTLEN=4
---
FUNC=gh_update
STATE=0015e478
LEN=10
DATA=e0449041b22e9a530685
---
FUNC=gh_update
STATE=0015e478
LEN=4
DATA=00000000
---
FUNC=gh_update
STATE=0015e478
LEN=27
DATA=0c71010000000029110000010001000000f5a9470d00012c140000
---
FUNC=gh_final
RA=0002eba3
STATE=0015e478
OUTLEN=4
OUT=aaa4914d
---
FUNC=gh_init
STATE=0015e478
KEYLEN=0
OUTLEN=4
---
FUNC=gh_update
STATE=0015e478
LEN=10
DATA=e0749041b22e9a530660
---
FUNC=gh_update
STATE=0015e478
LEN=4
DATA=00000000
---
FUNC=gh_update
STATE=0015e478
LEN=6
DATA=0e720d00012c
---
FUNC=gh_final
RA=0002eba3
STATE=0015e478
OUTLEN=4
OUT=89ff89e2
---
FUNC=stream
PHASE=pre
RA=0002f725
KEY=4fd5c7fc8d7996120340914987422e7d8ff8255828db6312e6519fefb7c107d6
NONCE=e0749041b22e9a5306600000000000000000000000000004
LEN=10
IN=89ff89e20e720d00012c
---
FUNC=stream
PHASE=post
KEY=4fd5c7fc8d7996120340914987422e7d8ff8255828db6312e6519fefb7c107d6
NONCE=e0749041b22e9a5306600000000000000000000000000004
LEN=10
OUT=02ae1ba1b94adfe73cd4
---
FUNC=stream
PHASE=pre
RA=0002f725
KEY=4fd5c7fc8d7996120340914987422e7d8ff8255828db6312e6519fefb7c107d6
NONCE=e0449041b22e9a5307860000000000000000000000000001
LEN=10
IN=2c8317d8f2288d82c4ce
---
FUNC=stream
PHASE=post
KEY=4fd5c7fc8d7996120340914987422e7d8ff8255828db6312e6519fefb7c107d6
NONCE=e0449041b22e9a5307860000000000000000000000000001
LEN=10
OUT=b791962a0c720d00012c
---
FUNC=gh_init
STATE=0015e478
KEYLEN=0
OUTLEN=4
---
FUNC=gh_update
STATE=0015e478
LEN=10
DATA=e0449041b22e9a530786
---
FUNC=gh_update
STATE=0015e478
LEN=4
DATA=00000000
---
FUNC=gh_update
STATE=0015e478
LEN=6
DATA=0c720d00012c
---
FUNC=gh_final
RA=0002eba3
STATE=0015e478
OUTLEN=4
OUT=b791962a
---
FUNC=gh_init
STATE=0015e478
KEYLEN=0
OUTLEN=4
---
FUNC=gh_update
STATE=0015e478
LEN=10
DATA=e0749041b22e9a530770
---
FUNC=gh_update
STATE=0015e478
LEN=4
DATA=00000000
---
FUNC=gh_update
STATE=0015e478
LEN=6
DATA=0b6e11010d14
---
FUNC=gh_final
RA=0002eba3
STATE=0015e478
OUTLEN=4
OUT=d6599ba0
---
FUNC=stream
PHASE=pre
RA=0002f725
KEY=4fd5c7fc8d7996120340914987422e7d8ff8255828db6312e6519fefb7c107d6
NONCE=e0749041b22e9a5307700000000000000000000000000005
LEN=10
IN=d6599ba00b6e11010d14
---
FUNC=stream
PHASE=post
KEY=4fd5c7fc8d7996120340914987422e7d8ff8255828db6312e6519fefb7c107d6
NONCE=e0749041b22e9a5307700000000000000000000000000005
LEN=10
OUT=5668df4433ecdc259359
---
FUNC=stream
PHASE=pre
RA=0002f725
KEY=4fd5c7fc8d7996120340914987422e7d8ff8255828db6312e6519fefb7c107d6
NONCE=e0449041b22e9a5308870000000000000000000000000001
LEN=31
IN=a57e654f54b5ce39f245a0e3ffa9e22c262277e9f7ec49da7b74d7d381e372
---
FUNC=stream
PHASE=post
KEY=4fd5c7fc8d7996120340914987422e7d8ff8255828db6312e6519fefb7c107d6
NONCE=e0449041b22e9a5308870000000000000000000000000001
LEN=31
OUT=5cc7ca560c6e01000000002b110000010001000000f5a9470d00012c140000
---
FUNC=gh_init
STATE=0015e478
KEYLEN=0
OUTLEN=4
---
FUNC=gh_update
STATE=0015e478
LEN=10
DATA=e0449041b22e9a530887
---
FUNC=gh_update
STATE=0015e478
LEN=4
DATA=00000000
---
FUNC=gh_update
STATE=0015e478
LEN=27
DATA=0c6e01000000002b110000010001000000f5a9470d00012c140000
---
FUNC=gh_final
RA=0002eba3
STATE=0015e478
OUTLEN=4
OUT=5cc7ca56
---
FUNC=gh_init
STATE=0015e478
KEYLEN=0
OUTLEN=4
---
FUNC=gh_update
STATE=0015e478
LEN=10
DATA=e0749041b22e9a53085b
---
FUNC=gh_update
STATE=0015e478
LEN=4
DATA=00000000
---
FUNC=gh_update
STATE=0015e478
LEN=6
DATA=0e730d00012c
---
FUNC=gh_final
RA=0002eba3
STATE=0015e478
OUTLEN=4
OUT=11e4ebdd
---
FUNC=stream
PHASE=pre
RA=0002f725
KEY=4fd5c7fc8d7996120340914987422e7d8ff8255828db6312e6519fefb7c107d6
NONCE=e0749041b22e9a53085b0000000000000000000000000006
LEN=10
IN=11e4ebdd0e730d00012c
---
FUNC=stream
PHASE=post
KEY=4fd5c7fc8d7996120340914987422e7d8ff8255828db6312e6519fefb7c107d6
NONCE=e0749041b22e9a53085b0000000000000000000000000006
LEN=10
OUT=7e66ce10167e9bc10248
---
