FUNC=scalarmult
PRIV=1a3849c1bb2068aa1ba91caa8c3b85a87b22885b70093e15277f1123dabb0a65
PUB=ebbedc999716b445019385b8e27bf9902dc0591bb76a53ce9d23c8b3b403253f
SHARED=851413a2a7c75708c313c3f446ec9e473528862d9071fea4d3f42286c6c8dd1a
RC=0
---
FUNC=gh_init
STATE=0016fa78
KEYLEN=0
OUTLEN=32
---
FUNC=gh_update
STATE=0016fa78
LEN=32
DATA=851413a2a7c75708c313c3f446ec9e473528862d9071fea4d3f42286c6c8dd1a
---
FUNC=gh_update
STATE=0016fa78
LEN=32
DATA=ebbedc999716b445019385b8e27bf9902dc0591bb76a53ce9d23c8b3b403253f
---
FUNC=gh_update
STATE=0016fa78
LEN=32
DATA=e2af450c159dced1b7965e7de9cbb5a1ce2b9bce23ee5cc9e86513261019df5f
---
FUNC=gh_update
STATE=0016fa78
LEN=32
DATA=69b1d4a63a301106494473b25c23c372a1ba54fbbdbd4fd47ed638460e425f07
---
FUNC=gh_final
STATE=0016fa78
OUTLEN=32
OUT=c1a4a9211027a0e78301128613a5665db2cb89dedc987047f1db4dd15dae8dae
---
