=== HELTEC DL CH13 2026-04-20T15:36:06.915745 ===
[15:37:14.665] [PKT #55 t=16688894] PARK 922.8MHz | len=55 | RSSI=-19.0 | SNR=7.2 | CRC=OK
[15:37:14.966]   HEX: E0 62 90 41 B2 2E 9A 53 BB 38 B2 A2 C7 0D BE 3D 10 4E 36 CA 7D 6A 6F 4E 45 89 7E 87 26 8B F6 C4 58 DF 8F 64 FD DD 00 AF EF 96 25 78 F4 E0 B9 DA D1 5A BF C7 6D DD 97
[15:37:14.966]   HDR: mctrl=0xE0 dctrl=0x62 mac=90:41:B2:2E:9A:53 seq=0xBB38 mic=B2A2C70D
[15:37:14.966]   PAY: BE 3D 10 4E 36 CA 7D 6A 6F 4E 45 89 7E 87 26 8B F6 C4 58 DF 8F 64 FD DD 00 AF EF 96 25 78 F4 E0 B9 DA D1 5A BF C7 6D DD 97
[15:37:14.966] 
[15:37:20.126] [PKT #56 t=16694066] PARK 922.8MHz | len=20 | RSSI=-53.0 | SNR=-0.3 | CRC=FAIL
[15:37:20.126]   HEX: E0 74 90 11 B2 8E 9A 53 02 5E 48 E1 47 8A D6 C0 CA 05 4A 18
[15:37:20.126]   HDR: mctrl=0xE0 dctrl=0x74 mac=90:11:B2:8E:9A:53 seq=0x25E mic=48E1478A
[15:37:20.126]   PAY: D6 C0 CA 05 4A 18
[15:37:20.126] 
[15:37:23.761] [PKT #57 t=16697694] PARK 922.8MHz | len=20 | RSSI=-19.0 | SNR=7.5 | CRC=OK
[15:37:23.762]   HEX: E0 74 90 41 B2 2E 9A 53 04 C4 28 5E B9 84 79 36 4F F1 08 EE
[15:37:23.762]   HDR: mctrl=0xE0 dctrl=0x74 mac=90:41:B2:2E:9A:53 seq=0x4C4 mic=285EB984
[15:37:23.762]   PAY: 79 36 4F F1 08 EE
[15:37:23.762] 
[15:37:35.003] [PKT #58 t=16709208] PARK 922.8MHz | len=20 | RSSI=-19.0 | SNR=7.5 | CRC=OK
[15:37:35.004]   HEX: E0 74 90 41 B2 2E 9A 53 04 76 82 30 01 85 37 D6 41 91 CA 37
[15:37:35.004]   HDR: mctrl=0xE0 dctrl=0x74 mac=90:41:B2:2E:9A:53 seq=0x476 mic=82300185
[15:37:35.004]   PAY: 37 D6 41 91 CA 37
[15:37:35.004] 
[15:37:39.256] [PKT #59 t=16713385] PARK 922.8MHz | len=19 | RSSI=-20.0 | SNR=7.7 | CRC=OK
[15:37:39.256]   HEX: E0 74 90 41 B2 2E 9A 53 08 25 05 60 05 91 42 AF D6 02 CD
[15:37:39.256]   HDR: mctrl=0xE0 dctrl=0x74 mac=90:41:B2:2E:9A:53 seq=0x825 mic=05600591
[15:37:39.256]   PAY: 42 AF D6 02 CD
[15:37:39.256] 
