=== HELTEC DL-SCAN 2026-04-20T15:28:52.331970 ===
[15:29:48.232] [PKT #49 t=16242194] DL CH15 924.0MHz | len=55 | RSSI=-33.0 | SNR=6.0 | CRC=OK
[15:29:48.233]   HEX: E0 62 90 41 B2 2E 9A 53 03 00 D0 04 61 24 5F 8E A8 D0 69 27 DC FD 7D CF 7D 2A E1 45 CD 74 47 FE 55 60 46 6D B8 FB 5A 68 AB F9 DC 72 4E 6F 36 7F 92 36 09 1D 87 4D E2
[15:29:48.233]   HDR: mctrl=0xE0 dctrl=0x62 mac=90:41:B2:2E:9A:53 seq=0x300 mic=D0046124
[15:29:48.233]   PAY: 5F 8E A8 D0 69 27 DC FD 7D CF 7D 2A E1 45 CD 74 47 FE 55 60 46 6D B8 FB 5A 68 AB F9 DC 72 4E 6F 36 7F 92 36 09 1D 87 4D E2
[15:29:48.233] 
[15:31:12.972] [PKT #50 t=16327192] DL CH13 922.8MHz | len=55 | RSSI=-37.0 | SNR=5.7 | CRC=OK
[15:31:13.278]   HEX: E0 62 90 41 B2 2E 9A 53 14 00 6D 69 E5 53 76 46 47 E3 C9 32 6F 58 0B AD 7E FE DF F2 75 BA EA 8C 49 84 0F 41 D1 AD 85 08 1D 53 8F C3 DF 39 5D 36 9A F8 D9 23 D1 70 E1
[15:31:13.278]   HDR: mctrl=0xE0 dctrl=0x62 mac=90:41:B2:2E:9A:53 seq=0x1400 mic=6D69E553
[15:31:13.278]   PAY: 76 46 47 E3 C9 32 6F 58 0B AD 7E FE DF F2 75 BA EA 8C 49 84 0F 41 D1 AD 85 08 1D 53 8F C3 DF 39 5D 36 9A F8 D9 23 D1 70 E1
[15:31:13.279] 
[15:31:53.087] [PKT #51 t=16367188] DL CH12 922.2MHz | len=55 | RSSI=-34.0 | SNR=6.2 | CRC=OK
[15:31:53.088]   HEX: E0 62 90 41 B2 2E 9A 53 1C 00 48 39 99 DE 15 8B E6 B2 C3 4C 32 5C EC C1 81 3F 4D B3 D9 91 6B 8F 36 09 1B 28 00 89 D3 10 A3 E9 66 52 85 DF A6 54 EC 12 85 87 6F 2E 8B
[15:31:53.088]   HDR: mctrl=0xE0 dctrl=0x62 mac=90:41:B2:2E:9A:53 seq=0x1C00 mic=483999DE
[15:31:53.088]   PAY: 15 8B E6 B2 C3 4C 32 5C EC C1 81 3F 4D B3 D9 91 6B 8F 36 09 1B 28 00 89 D3 10 A3 E9 66 52 85 DF A6 54 EC 12 85 87 6F 2E 8B
[15:31:53.088] 
[15:32:18.003] [PKT #52 t=16392189] DL CH13 922.8MHz | len=55 | RSSI=-33.0 | SNR=6.2 | CRC=OK
[15:32:18.003]   HEX: E0 62 90 41 B2 2E 9A 53 21 00 FF 53 5C 96 9B 7A B8 8B ED 11 CD 0E 66 96 5E 7D 63 61 A0 F5 AF 06 86 18 6F A9 19 3B 2C 43 12 15 22 06 DF 94 88 A0 FF 1D 2C 7E BC B5 E5
[15:32:18.003]   HDR: mctrl=0xE0 dctrl=0x62 mac=90:41:B2:2E:9A:53 seq=0x2100 mic=FF535C96
[15:32:18.003]   PAY: 9B 7A B8 8B ED 11 CD 0E 66 96 5E 7D 63 61 A0 F5 AF 06 86 18 6F A9 19 3B 2C 43 12 15 22 06 DF 94 88 A0 FF 1D 2C 7E BC B5 E5
[15:32:18.003] 
[15:32:28.028] [PKT #53 t=16402204] DL CH16 924.6MHz | len=55 | RSSI=-34.0 | SNR=5.2 | CRC=OK
[15:32:28.029]   HEX: E0 62 90 41 B2 2E 9A 53 23 00 DF 5E DE 3B 92 13 BA 70 AF AD 79 3E B4 5A 16 6C 0C BF F5 CB C1 6A 1A 95 CF 78 BB AE 82 1C 13 07 14 9A A2 61 3A 10 97 3C BA 5E 25 88 4B
[15:32:28.029]   HDR: mctrl=0xE0 dctrl=0x62 mac=90:41:B2:2E:9A:53 seq=0x2300 mic=DF5EDE3B
[15:32:28.029]   PAY: 92 13 BA 70 AF AD 79 3E B4 5A 16 6C 0C BF F5 CB C1 6A 1A 95 CF 78 BB AE 82 1C 13 07 14 9A A2 61 3A 10 97 3C BA 5E 25 88 4B
[15:32:28.030] 
