11:15:56.736 WARNING ACTIVE mode — make sure the real UniFi controller cannot reach this bridge during the test. Block 10.1.1.1 at the bridge or run on an isolated LAN.
11:15:56.737 DEBUG Using selector: KqueueSelector
11:15:56.745 INFO presenting client cert tools/mock_controller/bridge_certs/lorabr.cert
11:15:56.745 INFO connecting to wss://10.1.1.141:8571/
11:15:56.750 DEBUG = connection is CONNECTING
11:15:56.809 DEBUG > GET / HTTP/1.1
11:15:56.809 DEBUG > Host: 10.1.1.141:8571
11:15:56.809 DEBUG > Upgrade: websocket
11:15:56.809 DEBUG > Connection: Upgrade
11:15:56.809 DEBUG > Sec-WebSocket-Key: 9PjlAMkzSoxCU868wLx6vg==
11:15:56.809 DEBUG > Sec-WebSocket-Version: 13
11:15:56.809 DEBUG > Sec-WebSocket-Extensions: permessage-deflate; client_max_window_bits
11:15:56.809 DEBUG > Sec-WebSocket-Protocol: ucp4
11:15:56.809 DEBUG > User-Agent: Python/3.14 websockets/16.0
11:15:56.822 DEBUG < HTTP/1.1 101 Switching Protocols
11:15:56.822 DEBUG < Connection: Upgrade
11:15:56.822 DEBUG < Sec-WebSocket-Accept: sM0t8cQjRWBThV92P1V2ecTs9X8=
11:15:56.822 DEBUG < Sec-WebSocket-Protocol: ucp4
11:15:56.822 DEBUG < Server: UBNT-WS
11:15:56.822 DEBUG < Upgrade: websocket
11:15:56.822 DEBUG = connection is OPEN
11:15:56.822 INFO connected; running active loop
11:15:56.823 DEBUG > BINARY 01 01 00 00 00 00 00 71 7b 22 61 63 74 69 6f 6e ... 00 00 00 00 00 02 7b 7d [131 bytes]
11:15:56.823 INFO TX bridgeInfoGet    id=508be526 pay={}
11:15:56.824 DEBUG < BINARY 01 01 00 00 00 00 00 72 7b 22 65 72 72 6f 72 22 ... 22 31 2e 31 2e 30 22 7d [415 bytes]
11:15:56.824 INFO RX response         id=508be526 pay={"defaultIface":"radio0","id":"8dccbbb6-367f-4098-8c7a-e214b674fb6f","ifaces":{"radio0":{"caps":{"maxDataLen":241,"spectralScan":true},"driver":"sx1302","isRead
11:15:56.824 INFO bridge_id=8dccbbb6-367f-4098-8c7a-e214b674fb6f radio_ready=True
11:15:56.838 DEBUG > BINARY 01 01 00 00 00 00 00 6f 7b 22 61 63 74 69 6f 6e ... 37 65 38 32 32 66 22 7d [201 bytes]
11:15:56.838 INFO TX keyExchange      id=7ee1e2f3 pay={"key":"9a58376c14b84e818146d65c56c03443ee40b6b57480e0fbea9b1368507e822f"}
11:15:56.841 DEBUG < BINARY 01 01 00 00 00 00 00 72 7b 22 65 72 72 6f 72 22 ... 45 39 30 36 30 37 22 7d [204 bytes]
11:15:56.841 INFO RX response         id=7ee1e2f3 pay={"key":"7D89203480516DBDE967814ACB57124927C9EE3A7A37F5115F69C64317E90607"}
11:15:56.841 DEBUG authorize crypto:
  ctl_priv = 9ae4da1fc3185b1c535b1e72d246d885a10c6e0402907ecff4d9cc57860bef9d
  ctl_pub  = 9a58376c14b84e818146d65c56c03443ee40b6b57480e0fbea9b1368507e822f
  br_pub   = 7d89203480516dbde967814acb57124927c9ee3a7a37f5115f69c64317e90607
  shared   = d16fc2a44c0ad91cd141393d86b1da898745e3fcc0954ef0b9b3740cb90b434f
  kdf_in   = d16fc2a44c0ad91cd141393d86b1da898745e3fcc0954ef0b9b3740cb90b434f9a58376c14b84e818146d65c56c03443ee40b6b57480e0fbea9b1368507e822f7d89203480516dbde967814acb57124927c9ee3a7a37f5115f69c64317e9060769b1d4a63a301106494473b25c23c372a1ba54fbbdbd4fd47ed638460e425f07
  key      = 45f332d79d83bc8e1fa8d3b9ec0261d43668df5028775961abee7d3712a1dc53
  ct       = c4d74be0e7e2311c1289a577e3137b7324bb057da869f3bee1eaf85c791ba620c7a05f02e30706b68527d8937c5c4a97
  pt       = 1315740706b7eb7f0eb925af76a805a5c9dd6912836680acaefff77e27f8e3ae
11:15:56.841 DEBUG > BINARY 01 01 00 00 00 00 00 6d 7b 22 61 63 74 69 6f 6e ... 4e 38 58 45 71 58 22 7d [252 bytes]
11:15:56.841 INFO TX authorize        id=2d3ea6b6 pay={"clientID":"652ee9b0-8ea3-41a9-8589-b601159ea6b6","secret":"xNdL4OfiMRwSiaV34xN7cyS7BX2oafO+4er4XHkbpiDHoF8C4wcGtoUn2JN8XEqX"}
11:15:56.846 DEBUG < BINARY 01 01 00 00 00 00 00 72 7b 22 65 72 72 6f 72 22 ... 65 6f 43 32 62 6c 22 7d [224 bytes]
11:15:56.846 INFO RX response         id=2d3ea6b6 pay={"iface":"radio0","secret":"7N+JgstLROUZJMDc0+iZxX6aZCklI/qt7qR6vECwTdIO1AyYcyh6OT9UuXeoC2bl"}
11:15:56.846 INFO captured NEXT_AUTH_TOKEN: 1315740706b7eb7f0eb925af76a805a5c9dd6912836680acaefff77e27f8e3ae
11:15:56.846 DEBUG > BINARY 01 01 00 00 00 00 00 72 7b 22 61 63 74 69 6f 6e ... 00 00 00 00 00 02 7b 7d [132 bytes]
11:15:56.847 INFO TX discoveryStart   id=3c02f22f pay={}
11:15:56.847 DEBUG < BINARY 01 01 00 00 00 00 00 72 7b 22 65 72 72 6f 72 22 ... 00 00 00 00 00 02 7b 7d [132 bytes]
11:15:56.847 INFO RX response         id=3c02f22f pay={}
11:15:56.848 INFO ✓ bootstrap complete; awaiting bridge events
11:15:58.546 DEBUG < BINARY 01 01 00 00 00 00 00 6f 7b 22 69 64 22 3a 22 65 ... 22 3a 34 34 36 39 32 7d [213 bytes]
11:15:58.547 INFO RX discoveryResult  id=ec960d36 pay={"adopted":false,"mac":"90:41:B2:2E:9A:53","signal":{"rssi":-60,"snr":9},"ssid":44692}
11:15:58.547 INFO starting pair for sensor 9041b22e9a53
11:15:58.547 DEBUG > BINARY 01 01 00 00 00 00 00 6d 7b 22 61 63 74 69 6f 6e ... 62 64 33 38 64 62 22 7d [220 bytes]
11:15:58.548 INFO TX addDevice        id=0ef34504 pay={"mac":"9041B22E9A53","key":"c5923a86e166e4bf3f8959643ff1c245f986115ec34946ded0b87dc0d7bd38db"}
11:15:58.548 DEBUG > BINARY 01 01 00 00 00 00 00 6f 7b 22 61 63 74 69 6f 6e ... 3a 39 30 30 30 30 30 7d [203 bytes]
11:15:58.548 INFO TX sendMessage      id=1c9b8273 pay={"mac":"9041B22E9A53","data":"099a","duty":true,"ack":true,"timeout":900000}
11:15:58.548 DEBUG > BINARY 01 01 00 00 00 00 00 6f 7b 22 61 63 74 69 6f 6e ... 3a 39 30 30 30 30 30 7d [211 bytes]
11:15:58.548 INFO TX sendMessage      id=1504026c pay={"mac":"9041B22E9A53","data":"0b9b11010d14","duty":true,"ack":true,"timeout":900000}
11:15:58.548 DEBUG > BINARY 01 01 00 00 00 00 00 6f 7b 22 61 63 74 69 6f 6e ... 3a 39 30 30 30 30 30 7d [339 bytes]
11:15:58.548 INFO TX sendMessage      id=bdb458b8 pay={"mac":"9041B22E9A53","data":"029c4b144c10e0703533e445b8cbeffc3d98704bbc873ba68b13a86269b7b2cd4378cf15f1b061326f8e2c5ed91dc3b54e147696679e968d7d136df7561f02989b
11:15:58.549 DEBUG < BINARY 01 01 00 00 00 00 00 72 7b 22 65 72 72 6f 72 22 ... 00 00 00 00 00 02 7b 7d [132 bytes]
11:15:58.549 DEBUG < BINARY 01 01 00 00 00 00 00 6f 7b 22 69 64 22 3a 22 30 ... 78 22 3a 31 30 30 7d 7d [166 bytes]
11:15:58.550 INFO RX response         id=0ef34504 pay={}
11:15:58.550 INFO RX devsInfoChanged  id=0dd03ced pay={"capacity":{"available":99,"max":100}}
11:15:58.550 DEBUG devsInfoChanged: {'capacity': {'available': 99, 'max': 100}}
11:16:03.547 DEBUG < BINARY 01 01 00 00 00 00 00 6f 7b 22 69 64 22 3a 22 34 ... 22 3a 34 34 36 39 32 7d [213 bytes]
11:16:03.548 INFO RX discoveryResult  id=45af6785 pay={"adopted":false,"mac":"90:41:B2:2E:9A:53","signal":{"rssi":-65,"snr":8},"ssid":44692}
11:16:07.664 DEBUG < BINARY 01 01 00 00 00 00 00 6f 7b 22 69 64 22 3a 22 36 ... 22 3a 34 34 36 39 32 7d [213 bytes]
11:16:07.664 INFO RX discoveryResult  id=6e922b32 pay={"adopted":false,"mac":"90:41:B2:2E:9A:53","signal":{"rssi":-63,"snr":9},"ssid":44692}
11:16:08.617 DEBUG < BINARY 01 01 00 00 00 00 00 72 7b 22 65 72 72 6f 72 22 ... 00 00 00 00 00 02 7b 7d [132 bytes]
11:16:08.618 DEBUG < BINARY 01 01 00 00 00 00 00 6f 7b 22 69 64 22 3a 22 66 ... 73 6e 72 22 3a 39 7d 7d [350 bytes]
11:16:08.618 INFO RX response         id=1c9b8273 pay={}
11:16:08.618 INFO RX messageReceived  id=fbbcac9f pay={"data":"0A9AAE940001000100010CB24D9D0452B4BA379A5749018003AB8809AC01FB03080F110E01010402010311010A0D01020E01012001011202061301040301041401011501011601010F01011
11:16:08.618 INFO UL 9041b22e9a53 inner=0x0a len=78
11:16:08.618 DEBUG > BINARY 01 01 00 00 00 00 00 6f 7b 22 61 63 74 69 6f 6e ... 3a 39 30 30 30 30 30 7d [211 bytes]
11:16:08.619 INFO TX sendMessage      id=cf874fe9 pay={"mac":"9041B22E9A53","data":"0e9d0d00012c","duty":true,"ack":true,"timeout":900000}
11:16:08.619 DEBUG > BINARY 01 01 00 00 00 00 00 6f 7b 22 61 63 74 69 6f 6e ... 3a 39 30 30 30 30 30 7d [211 bytes]
11:16:08.619 INFO TX sendMessage      id=5870064b pay={"mac":"9041B22E9A53","data":"0b9e11010d14","duty":true,"ack":true,"timeout":900000}
11:16:09.874 DEBUG < BINARY 01 01 00 00 00 00 00 72 7b 22 65 72 72 6f 72 22 ... 00 00 00 00 00 02 7b 7d [132 bytes]
11:16:09.875 INFO RX response         id=1504026c pay={}
11:16:12.246 DEBUG < BINARY 01 01 00 00 00 00 00 72 7b 22 65 72 72 6f 72 22 ... 00 00 00 00 00 02 7b 7d [132 bytes]
11:16:12.246 DEBUG < BINARY 01 01 00 00 00 00 00 6f 7b 22 69 64 22 3a 22 37 ... 73 6e 72 22 3a 38 7d 7d [326 bytes]
11:16:12.247 INFO RX response         id=bdb458b8 pay={}
11:16:12.247 INFO RX messageReceived  id=79550e60 pay={"data":"039C2B31E7A179483F374F27F59F93D114B581CE746C45F167C11197E9D491C89867716C8A16DB14A6F83B1DE3E44B1EB06C09352785D29A20725964152439CBC075","mac":"90:41:B2:2
11:16:12.247 INFO UL 9041b22e9a53 inner=0x03 len=66
11:16:12.247 INFO grant acknowledged by 9041B22E9A53; rotating key
11:16:12.247 DEBUG > BINARY 01 01 00 00 00 00 00 70 7b 22 61 63 74 69 6f 6e ... 32 45 39 41 35 33 22 7d [150 bytes]
11:16:12.249 INFO TX removeDevice     id=c64fc2aa pay={"mac":"9041B22E9A53"}
11:16:12.249 DEBUG > BINARY 01 01 00 00 00 00 00 6d 7b 22 61 63 74 69 6f 6e ... 61 65 39 30 33 61 22 7d [301 bytes]
11:16:12.249 INFO TX addDevice        id=2ca48e84 pay={"mac":"9041B22E9A53","key":"aed56bd502cd23c3a57eb7910231f3f7ad1f6252ab2202b8532642f0cfde95d4","fallbackKey":"a42b08870cf4cbd72ae32cb46ce662e3bb83136f95a51a08f6
11:16:12.249 DEBUG > BINARY 01 01 00 00 00 00 00 6f 7b 22 61 63 74 69 6f 6e ... 3a 39 30 30 30 30 30 7d [203 bytes]
11:16:12.249 INFO TX sendMessage      id=a09f33f6 pay={"mac":"9041B22E9A53","data":"099f","duty":true,"ack":true,"timeout":900000}
11:16:12.249 DEBUG > BINARY 01 01 00 00 00 00 00 6f 7b 22 61 63 74 69 6f 6e ... 3a 39 30 30 30 30 30 7d [211 bytes]
11:16:12.249 INFO TX sendMessage      id=bf4456eb pay={"mac":"9041B22E9A53","data":"0ba011010d14","duty":true,"ack":true,"timeout":900000}
11:16:12.249 DEBUG > BINARY 01 01 00 00 00 00 00 6f 7b 22 61 63 74 69 6f 6e ... 3a 39 30 30 30 30 30 7d [203 bytes]
11:16:12.249 INFO TX sendMessage      id=b80d3589 pay={"mac":"9041B22E9A53","data":"09a1","duty":true,"ack":true,"timeout":900000}
11:16:12.250 DEBUG < BINARY 01 01 00 00 00 00 00 99 7b 22 65 72 72 6f 72 22 ... 00 00 00 00 00 02 7b 7d [171 bytes]
11:16:12.250 DEBUG < BINARY 01 01 00 00 00 00 00 72 7b 22 65 72 72 6f 72 22 ... 00 00 00 00 00 02 7b 7d [132 bytes]
11:16:12.251 INFO RX response         id=5870064b pay={}
11:16:12.251 INFO RX response         id=c64fc2aa pay={}
11:16:12.253 DEBUG < BINARY 01 01 00 00 00 00 00 6f 7b 22 69 64 22 3a 22 62 ... 78 22 3a 31 30 30 7d 7d [167 bytes]
11:16:12.253 DEBUG < BINARY 01 01 00 00 00 00 00 72 7b 22 65 72 72 6f 72 22 ... 00 00 00 00 00 02 7b 7d [132 bytes]
11:16:12.253 DEBUG < BINARY 01 01 00 00 00 00 00 6f 7b 22 69 64 22 3a 22 32 ... 78 22 3a 31 30 30 7d 7d [166 bytes]
11:16:12.253 INFO RX devsInfoChanged  id=b41c5cf5 pay={"capacity":{"available":100,"max":100}}
11:16:12.253 DEBUG devsInfoChanged: {'capacity': {'available': 100, 'max': 100}}
11:16:12.253 INFO RX response         id=2ca48e84 pay={}
11:16:12.253 INFO RX devsInfoChanged  id=2c047ee9 pay={"capacity":{"available":99,"max":100}}
11:16:12.253 DEBUG devsInfoChanged: {'capacity': {'available': 99, 'max': 100}}
11:16:13.252 DEBUG < BINARY 01 01 00 00 00 00 00 99 7b 22 65 72 72 6f 72 22 ... 00 00 00 00 00 02 7b 7d [171 bytes]
11:16:13.253 INFO RX response         id=cf874fe9 pay={}
11:16:16.376 DEBUG < BINARY 01 01 00 00 00 00 00 6f 7b 22 69 64 22 3a 22 64 ... 22 3a 34 34 36 39 32 7d [229 bytes]
11:16:16.377 INFO RX discoveryResult  id=d189fdd1 pay={"adopted":true,"mac":"90:41:B2:2E:9A:53","networkId":1167,"signal":{"rssi":-64,"snr":9},"ssid":44692}
11:16:16.377 INFO 🎉 sensor 9041b22e9a53 reached ACTIVE state
11:16:16.824 DEBUG > PING a5 14 3f 9b [binary, 4 bytes]
11:16:16.825 DEBUG % sent keepalive ping
11:16:16.826 DEBUG < PONG a5 14 3f 9b [binary, 4 bytes]
11:16:16.827 DEBUG % received keepalive pong
11:16:36.826 DEBUG > PING b0 43 db bc [binary, 4 bytes]
11:16:36.827 DEBUG % sent keepalive ping
11:16:36.828 DEBUG < PONG b0 43 db bc [binary, 4 bytes]
11:16:36.828 DEBUG % received keepalive pong
11:16:46.376 DEBUG < BINARY 01 01 00 00 00 00 00 6f 7b 22 69 64 22 3a 22 39 ... 22 3a 34 34 36 39 32 7d [229 bytes]
11:16:46.378 INFO RX discoveryResult  id=972dfc16 pay={"adopted":true,"mac":"90:41:B2:2E:9A:53","networkId":1167,"signal":{"rssi":-57,"snr":8},"ssid":44692}
11:16:56.827 DEBUG > PING 36 70 fd ef [binary, 4 bytes]
11:16:56.829 DEBUG % sent keepalive ping
11:16:56.830 DEBUG < PONG 36 70 fd ef [binary, 4 bytes]
11:16:56.831 DEBUG % received keepalive pong
11:16:57.823 DEBUG < PING '1777569417' [text, 10 bytes]
11:16:57.824 DEBUG > PONG '1777569417' [text, 10 bytes]
11:17:16.379 DEBUG < BINARY 01 01 00 00 00 00 00 6f 7b 22 69 64 22 3a 22 38 ... 22 3a 34 34 36 39 32 7d [229 bytes]
11:17:16.380 INFO RX discoveryResult  id=86486ab1 pay={"adopted":true,"mac":"90:41:B2:2E:9A:53","networkId":1167,"signal":{"rssi":-69,"snr":8},"ssid":44692}
11:17:16.829 DEBUG > PING 4f cd 20 0e [binary, 4 bytes]
11:17:16.829 DEBUG % sent keepalive ping
11:17:16.830 DEBUG < PONG 4f cd 20 0e [binary, 4 bytes]
11:17:16.830 DEBUG % received keepalive pong
11:17:36.830 DEBUG > PING f3 27 39 64 [binary, 4 bytes]
11:17:36.830 DEBUG % sent keepalive ping
11:17:36.831 DEBUG < PONG f3 27 39 64 [binary, 4 bytes]
11:17:36.831 DEBUG % received keepalive pong
11:17:46.378 DEBUG < BINARY 01 01 00 00 00 00 00 6f 7b 22 69 64 22 3a 22 62 ... 22 3a 34 34 36 39 32 7d [229 bytes]
11:17:46.380 INFO RX discoveryResult  id=b692bea0 pay={"adopted":true,"mac":"90:41:B2:2E:9A:53","networkId":1167,"signal":{"rssi":-64,"snr":8},"ssid":44692}
11:17:56.830 DEBUG > PING 13 23 3a e0 [binary, 4 bytes]
11:17:56.830 DEBUG % sent keepalive ping
11:17:56.831 DEBUG < PONG 13 23 3a e0 [binary, 4 bytes]
11:17:56.832 DEBUG % received keepalive pong
11:17:58.824 DEBUG < PING '1777569478' [text, 10 bytes]
11:17:58.824 DEBUG > PONG '1777569478' [text, 10 bytes]
11:18:16.382 DEBUG < BINARY 01 01 00 00 00 00 00 6f 7b 22 69 64 22 3a 22 66 ... 22 3a 34 34 36 39 32 7d [229 bytes]
11:18:16.383 INFO RX discoveryResult  id=fc5209a2 pay={"adopted":true,"mac":"90:41:B2:2E:9A:53","networkId":1167,"signal":{"rssi":-64,"snr":9},"ssid":44692}
11:18:16.831 DEBUG > PING 45 96 a4 1a [binary, 4 bytes]
11:18:16.832 DEBUG % sent keepalive ping
11:18:16.832 DEBUG < PONG 45 96 a4 1a [binary, 4 bytes]
11:18:16.832 DEBUG % received keepalive pong
